Archive member included to satisfy reference by file (symbol)

C:/ST/STM32CubeIDE_1.13.1/STM32CubeIDE/plugins/com.st.stm32cube.ide.mcu.externaltools.gnu-tools-for-stm32.13.3.rel1.win32_1.0.0.202411081344/tools/bin/../lib/gcc/arm-none-eabi/13.3.1/../../../../arm-none-eabi/lib/thumb/v7e-m+fp/hard\libc_nano.a(libc_a-exit.o)
                              C:/ST/STM32CubeIDE_1.13.1/STM32CubeIDE/plugins/com.st.stm32cube.ide.mcu.externaltools.gnu-tools-for-stm32.13.3.rel1.win32_1.0.0.202411081344/tools/bin/../lib/gcc/arm-none-eabi/13.3.1/../../../../arm-none-eabi/lib/thumb/v7e-m+fp/hard/crt0.o (exit)
C:/ST/STM32CubeIDE_1.13.1/STM32CubeIDE/plugins/com.st.stm32cube.ide.mcu.externaltools.gnu-tools-for-stm32.13.3.rel1.win32_1.0.0.202411081344/tools/bin/../lib/gcc/arm-none-eabi/13.3.1/../../../../arm-none-eabi/lib/thumb/v7e-m+fp/hard\libc_nano.a(libc_a-findfp.o)
                              C:/ST/STM32CubeIDE_1.13.1/STM32CubeIDE/plugins/com.st.stm32cube.ide.mcu.externaltools.gnu-tools-for-stm32.13.3.rel1.win32_1.0.0.202411081344/tools/bin/../lib/gcc/arm-none-eabi/13.3.1/../../../../arm-none-eabi/lib/thumb/v7e-m+fp/hard\libc_nano.a(libc_a-exit.o) (__stdio_exit_handler)
C:/ST/STM32CubeIDE_1.13.1/STM32CubeIDE/plugins/com.st.stm32cube.ide.mcu.externaltools.gnu-tools-for-stm32.13.3.rel1.win32_1.0.0.202411081344/tools/bin/../lib/gcc/arm-none-eabi/13.3.1/../../../../arm-none-eabi/lib/thumb/v7e-m+fp/hard\libc_nano.a(libc_a-fwalk.o)
                              C:/ST/STM32CubeIDE_1.13.1/STM32CubeIDE/plugins/com.st.stm32cube.ide.mcu.externaltools.gnu-tools-for-stm32.13.3.rel1.win32_1.0.0.202411081344/tools/bin/../lib/gcc/arm-none-eabi/13.3.1/../../../../arm-none-eabi/lib/thumb/v7e-m+fp/hard\libc_nano.a(libc_a-findfp.o) (_fwalk_sglue)
C:/ST/STM32CubeIDE_1.13.1/STM32CubeIDE/plugins/com.st.stm32cube.ide.mcu.externaltools.gnu-tools-for-stm32.13.3.rel1.win32_1.0.0.202411081344/tools/bin/../lib/gcc/arm-none-eabi/13.3.1/../../../../arm-none-eabi/lib/thumb/v7e-m+fp/hard\libc_nano.a(libc_a-snprintf.o)
                              ./Core/Src/main.o (snprintf)
C:/ST/STM32CubeIDE_1.13.1/STM32CubeIDE/plugins/com.st.stm32cube.ide.mcu.externaltools.gnu-tools-for-stm32.13.3.rel1.win32_1.0.0.202411081344/tools/bin/../lib/gcc/arm-none-eabi/13.3.1/../../../../arm-none-eabi/lib/thumb/v7e-m+fp/hard\libc_nano.a(libc_a-stdio.o)
                              C:/ST/STM32CubeIDE_1.13.1/STM32CubeIDE/plugins/com.st.stm32cube.ide.mcu.externaltools.gnu-tools-for-stm32.13.3.rel1.win32_1.0.0.202411081344/tools/bin/../lib/gcc/arm-none-eabi/13.3.1/../../../../arm-none-eabi/lib/thumb/v7e-m+fp/hard\libc_nano.a(libc_a-findfp.o) (__sread)
C:/ST/STM32CubeIDE_1.13.1/STM32CubeIDE/plugins/com.st.stm32cube.ide.mcu.externaltools.gnu-tools-for-stm32.13.3.rel1.win32_1.0.0.202411081344/tools/bin/../lib/gcc/arm-none-eabi/13.3.1/../../../../arm-none-eabi/lib/thumb/v7e-m+fp/hard\libc_nano.a(libc_a-memset.o)
                              C:/ST/STM32CubeIDE_1.13.1/STM32CubeIDE/plugins/com.st.stm32cube.ide.mcu.externaltools.gnu-tools-for-stm32.13.3.rel1.win32_1.0.0.202411081344/tools/bin/../lib/gcc/arm-none-eabi/13.3.1/../../../../arm-none-eabi/lib/thumb/v7e-m+fp/hard/crt0.o (memset)
C:/ST/STM32CubeIDE_1.13.1/STM32CubeIDE/plugins/com.st.stm32cube.ide.mcu.externaltools.gnu-tools-for-stm32.13.3.rel1.win32_1.0.0.202411081344/tools/bin/../lib/gcc/arm-none-eabi/13.3.1/../../../../arm-none-eabi/lib/thumb/v7e-m+fp/hard\libc_nano.a(libc_a-closer.o)
                              C:/ST/STM32CubeIDE_1.13.1/STM32CubeIDE/plugins/com.st.stm32cube.ide.mcu.externaltools.gnu-tools-for-stm32.13.3.rel1.win32_1.0.0.202411081344/tools/bin/../lib/gcc/arm-none-eabi/13.3.1/../../../../arm-none-eabi/lib/thumb/v7e-m+fp/hard\libc_nano.a(libc_a-stdio.o) (_close_r)
C:/ST/STM32CubeIDE_1.13.1/STM32CubeIDE/plugins/com.st.stm32cube.ide.mcu.externaltools.gnu-tools-for-stm32.13.3.rel1.win32_1.0.0.202411081344/tools/bin/../lib/gcc/arm-none-eabi/13.3.1/../../../../arm-none-eabi/lib/thumb/v7e-m+fp/hard\libc_nano.a(libc_a-reent.o)
                              C:/ST/STM32CubeIDE_1.13.1/STM32CubeIDE/plugins/com.st.stm32cube.ide.mcu.externaltools.gnu-tools-for-stm32.13.3.rel1.win32_1.0.0.202411081344/tools/bin/../lib/gcc/arm-none-eabi/13.3.1/../../../../arm-none-eabi/lib/thumb/v7e-m+fp/hard\libc_nano.a(libc_a-closer.o) (errno)
C:/ST/STM32CubeIDE_1.13.1/STM32CubeIDE/plugins/com.st.stm32cube.ide.mcu.externaltools.gnu-tools-for-stm32.13.3.rel1.win32_1.0.0.202411081344/tools/bin/../lib/gcc/arm-none-eabi/13.3.1/../../../../arm-none-eabi/lib/thumb/v7e-m+fp/hard\libc_nano.a(libc_a-impure.o)
                              C:/ST/STM32CubeIDE_1.13.1/STM32CubeIDE/plugins/com.st.stm32cube.ide.mcu.externaltools.gnu-tools-for-stm32.13.3.rel1.win32_1.0.0.202411081344/tools/bin/../lib/gcc/arm-none-eabi/13.3.1/../../../../arm-none-eabi/lib/thumb/v7e-m+fp/hard\libc_nano.a(libc_a-snprintf.o) (_impure_ptr)
[...]
Memory Configuration

Name             Origin             Length             Attributes
CCMRAM           0x10000000         0x00010000         xrw
RAM              0x20000000         0x00030000         xrw
FLASH            0x08000000         0x00200000         xr
*default*        0x00000000         0xffffffff

Linker script and memory map

LOAD C:/ST/STM32CubeIDE_1.13.1/STM32CubeIDE/plugins/com.st.stm32cube.ide.mcu.externaltools.gnu-tools-for-stm32.13.3.rel1.win32_1.0.0.202411081344/tools/bin/../lib/gcc/arm-none-eabi/13.3.1/thumb/v7e-m+fp/hard/crti.o
LOAD C:/ST/STM32CubeIDE_1.13.1/STM32CubeIDE/plugins/com.st.stm32cube.ide.mcu.externaltools.gnu-tools-for-stm32.13.3.rel1.win32_1.0.0.202411081344/tools/bin/../lib/gcc/arm-none-eabi/13.3.1/thumb/v7e-m+fp/hard/crtbegin.o
LOAD C:/ST/STM32CubeIDE_1.13.1/STM32CubeIDE/plugins/com.st.stm32cube.ide.mcu.externaltools.gnu-tools-for-stm32.13.3.rel1.win32_1.0.0.202411081344/tools/bin/../lib/gcc/arm-none-eabi/13.3.1/../../../../arm-none-eabi/lib/thumb/v7e-m+fp/hard/crt0.o
LOAD ./Core/Src/aio.o
LOAD ./Core/Src/app.o
LOAD ./Core/Src/board_id.o
LOAD ./Core/Src/bridge.o
LOAD ./Core/Src/comm.o
LOAD ./Core/Src/dio.o
LOAD ./Core/Src/main.o
LOAD ./Core/Src/node_id.o
LOAD ./Core/Src/packet.o
LOAD ./Core/Src/status_led.o
LOAD ./Core/Src/stm32f4xx_hal_msp.o
LOAD ./Core/Src/stm32f4xx_it.o
LOAD ./Core/Src/syscalls.o
LOAD ./Core/Src/sysmem.o
LOAD ./Core/Src/system_stm32f4xx.o
LOAD ./Core/Src/w5500.o
LOAD ./Core/Startup/startup_stm32f427vitx.o
LOAD ./Drivers/STM32F4xx_HAL_Driver/Src/stm32f4xx_hal.o
LOAD ./Drivers/STM32F4xx_HAL_Driver/Src/stm32f4xx_hal_adc.o
LOAD ./Drivers/STM32F4xx_HAL_Driver/Src/stm32f4xx_hal_adc_ex.o
LOAD ./Drivers/STM32F4xx_HAL_Driver/Src/stm32f4xx_hal_cortex.o
LOAD ./Drivers/STM32F4xx_HAL_Driver/Src/stm32f4xx_hal_dac.o
LOAD ./Drivers/STM32F4xx_HAL_Driver/Src/stm32f4xx_hal_dac_ex.o
LOAD ./Drivers/STM32F4xx_HAL_Driver/Src/stm32f4xx_hal_dma.o
LOAD ./Drivers/STM32F4xx_HAL_Driver/Src/stm32f4xx_hal_dma_ex.o
LOAD ./Drivers/STM32F4xx_HAL_Driver/Src/stm32f4xx_hal_exti.o
LOAD ./Drivers/STM32F4xx_HAL_Driver/Src/stm32f4xx_hal_flash.o
LOAD ./Drivers/STM32F4xx_HAL_Driver/Src/stm32f4xx_hal_flash_ex.o
LOAD ./Drivers/STM32F4xx_HAL_Driver/Src/stm32f4xx_hal_flash_ramfunc.o
LOAD ./Drivers/STM32F4xx_HAL_Driver/Src/stm32f4xx_hal_gpio.o
LOAD ./Drivers/STM32F4xx_HAL_Driver/Src/stm32f4xx_hal_pcd.o
LOAD ./Drivers/STM32F4xx_HAL_Driver/Src/stm32f4xx_hal_pcd_ex.o
LOAD ./Drivers/STM32F4xx_HAL_Driver/Src/stm32f4xx_hal_pwr.o
LOAD ./Drivers/STM32F4xx_HAL_Driver/Src/stm32f4xx_hal_pwr_ex.o
LOAD ./Drivers/STM32F4xx_HAL_Driver/Src/stm32f4xx_hal_rcc.o
LOAD ./Drivers/STM32F4xx_HAL_Driver/Src/stm32f4xx_hal_rcc_ex.o
LOAD ./Drivers/STM32F4xx_HAL_Driver/Src/stm32f4xx_hal_rtc.o
LOAD ./Drivers/STM32F4xx_HAL_Driver/Src/stm32f4xx_hal_rtc_ex.o
LOAD ./Drivers/STM32F4xx_HAL_Driver/Src/stm32f4xx_hal_spi.o
LOAD ./Drivers/STM32F4xx_HAL_Driver/Src/stm32f4xx_hal_tim.o
LOAD ./Drivers/STM32F4xx_HAL_Driver/Src/stm32f4xx_hal_tim_ex.o
LOAD ./Drivers/STM32F4xx_HAL_Driver/Src/stm32f4xx_hal_uart.o
LOAD ./Drivers/STM32F4xx_HAL_Driver/Src/stm32f4xx_ll_adc.o
LOAD ./Drivers/STM32F4xx_HAL_Driver/Src/stm32f4xx_ll_usb.o
LOAD ./Middlewares/ST/STM32_USB_Device_Library/Class/CDC/Src/usbd_cdc.o
LOAD ./Middlewares/ST/STM32_USB_Device_Library/Core/Src/usbd_core.o
LOAD ./Middlewares/ST/STM32_USB_Device_Library/Core/Src/usbd_ctlreq.o
LOAD ./Middlewares/ST/STM32_USB_Device_Library/Core/Src/usbd_ioreq.o
LOAD ./USB_DEVICE/App/usb_device.o
LOAD ./USB_DEVICE/App/usbd_cdc_if.o
LOAD ./USB_DEVICE/App/usbd_desc.o
LOAD ./USB_DEVICE/Target/usbd_conf.o
START GROUP
LOAD C:/ST/STM32CubeIDE_1.13.1/STM32CubeIDE/plugins/com.st.stm32cube.ide.mcu.externaltools.gnu-tools-for-stm32.13.3.rel1.win32_1.0.0.202411081344/tools/bin/../lib/gcc/arm-none-eabi/13.3.1/../../../../arm-none-eabi/lib/thumb/v7e-m+fp/hard\libc_nano.a
LOAD C:/ST/STM32CubeIDE_1.13.1/STM32CubeIDE/plugins/com.st.stm32cube.ide.mcu.externaltools.gnu-tools-for-stm32.13.3.rel1.win32_1.0.0.202411081344/tools/bin/../lib/gcc/arm-none-eabi/13.3.1/../../../../arm-none-eabi/lib/thumb/v7e-m+fp/hard\libm.a
END GROUP
START GROUP
LOAD C:/ST/STM32CubeIDE_1.13.1/STM32CubeIDE/plugins/com.st.stm32cube.ide.mcu.externaltools.gnu-tools-for-stm32.13.3.rel1.win32_1.0.0.202411081344/tools/bin/../lib/gcc/arm-none-eabi/13.3.1/thumb/v7e-m+fp/hard\libgcc.a
LOAD C:/ST/STM32CubeIDE_1.13.1/STM32CubeIDE/plugins/com.st.stm32cube.ide.mcu.externaltools.gnu-tools-for-stm32.13.3.rel1.win32_1.0.0.202411081344/tools/bin/../lib/gcc/arm-none-eabi/13.3.1/../../../../arm-none-eabi/lib/thumb/v7e-m+fp/hard\libc_nano.a
END GROUP
START GROUP
LOAD C:/ST/STM32CubeIDE_1.13.1/STM32CubeIDE/plugins/com.st.stm32cube.ide.mcu.externaltools.gnu-tools-for-stm32.13.3.rel1.win32_1.0.0.202411081344/tools/bin/../lib/gcc/arm-none-eabi/13.3.1/thumb/v7e-m+fp/hard\libgcc.a
LOAD C:/ST/STM32CubeIDE_1.13.1/STM32CubeIDE/plugins/com.st.stm32cube.ide.mcu.externaltools.gnu-tools-for-stm32.13.3.rel1.win32_1.0.0.202411081344/tools/bin/../lib/gcc/arm-none-eabi/13.3.1/../../../../arm-none-eabi/lib/thumb/v7e-m+fp/hard\libc_nano.a
LOAD C:/ST/STM32CubeIDE_1.13.1/STM32CubeIDE/plugins/com.st.stm32cube.ide.mcu.externaltools.gnu-tools-for-stm32.13.3.rel1.win32_1.0.0.202411081344/tools/bin/../lib/gcc/arm-none-eabi/13.3.1/../../../../arm-none-eabi/lib/thumb/v7e-m+fp/hard\libnosys.a
END GROUP
START GROUP
LOAD C:/ST/STM32CubeIDE_1.13.1/STM32CubeIDE/plugins/com.st.stm32cube.ide.mcu.externaltools.gnu-tools-for-stm32.13.3.rel1.win32_1.0.0.202411081344/tools/bin/../lib/gcc/arm-none-eabi/13.3.1/thumb/v7e-m+fp/hard\libgcc.a
LOAD C:/ST/STM32CubeIDE_1.13.1/STM32CubeIDE/plugins/com.st.stm32cube.ide.mcu.externaltools.gnu-tools-for-stm32.13.3.rel1.win32_1.0.0.202411081344/tools/bin/../lib/gcc/arm-none-eabi/13.3.1/../../../../arm-none-eabi/lib/thumb/v7e-m+fp/hard\libc_nano.a
LOAD C:/ST/STM32CubeIDE_1.13.1/STM32CubeIDE/plugins/com.st.stm32cube.ide.mcu.externaltools.gnu-tools-for-stm32.13.3.rel1.win32_1.0.0.202411081344/tools/bin/../lib/gcc/arm-none-eabi/13.3.1/../../../../arm-none-eabi/lib/thumb/v7e-m+fp/hard\libnosys.a
END GROUP
LOAD C:/ST/STM32CubeIDE_1.13.1/STM32CubeIDE/plugins/com.st.stm32cube.ide.mcu.externaltools.gnu-tools-for-stm32.13.3.rel1.win32_1.0.0.202411081344/tools/bin/../lib/gcc/arm-none-eabi/13.3.1/thumb/v7e-m+fp/hard/crtend.o
LOAD C:/ST/STM32CubeIDE_1.13.1/STM32CubeIDE/plugins/com.st.stm32cube.ide.mcu.externaltools.gnu-tools-for-stm32.13.3.rel1.win32_1.0.0.202411081344/tools/bin/../lib/gcc/arm-none-eabi/13.3.1/thumb/v7e-m+fp/hard/crtn.o
                0x20030000                        _estack = (ORIGIN (RAM) + LENGTH (RAM))
                0x00000200                        _Min_Heap_Size = 0x200
                0x00000400                        _Min_Stack_Size = 0x400

.isr_vector     0x08000000      0x1ac
                0x08000000                        . = ALIGN (0x4)
 *(.isr_vector)
 .isr_vector    0x08000000      0x1ac ./Core/Startup/startup_stm32f427vitx.o
                0x08000000                g_pfnVectors
                0x080001ac                        . = ALIGN (0x4)

.text           0x080001b0     0xf14c
                0x080001b0                        . = ALIGN (0x4)
 *(.text)
 .text          0x080001b0       0x40 C:/ST/STM32CubeIDE_1.13.1/STM32CubeIDE/plugins/com.st.stm32cube.ide.mcu.externaltools.gnu-tools-for-stm32.13.3.rel1.win32_1.0.0.202411081344/tools/bin/../lib/gcc/arm-none-eabi/13.3.1/thumb/v7e-m+fp/hard/crtbegin.o
 .text          0x080001f0       0x10 C:/ST/STM32CubeIDE_1.13.1/STM32CubeIDE/plugins/com.st.stm32cube.ide.mcu.externaltools.gnu-tools-for-stm32.13.3.rel1.win32_1.0.0.202411081344/tools/bin/../lib/gcc/arm-none-eabi/13.3.1/../../../../arm-none-eabi/lib/thumb/v7e-m+fp/hard\libc_nano.a(libc_a-strlen.o)
                0x080001f0                strlen
 .text          0x08000200       0xa0 C:/ST/STM32CubeIDE_1.13.1/STM32CubeIDE/plugins/com.st.stm32cube.ide.mcu.externaltools.gnu-tools-for-stm32.13.3.rel1.win32_1.0.0.202411081344/tools/bin/../lib/gcc/arm-none-eabi/13.3.1/../../../../arm-none-eabi/lib/thumb/v7e-m+fp/hard\libc_nano.a(libc_a-memchr.o)
                0x08000200                memchr
 .text          0x080002a0       0x30 C:/ST/STM32CubeIDE_1.13.1/STM32CubeIDE/plugins/com.st.stm32cube.ide.mcu.externaltools.gnu-tools-for-stm32.13.3.rel1.win32_1.0.0.202411081344/tools/bin/../lib/gcc/arm-none-eabi/13.3.1/thumb/v7e-m+fp/hard\libgcc.a(_aeabi_uldivmod.o)
                0x080002a0                __aeabi_uldivmod
 .text          0x080002d0      0x2f8 C:/ST/STM32CubeIDE_1.13.1/STM32CubeIDE/plugins/com.st.stm32cube.ide.mcu.externaltools.gnu-tools-for-stm32.13.3.rel1.win32_1.0.0.202411081344/tools/bin/../lib/gcc/arm-none-eabi/13.3.1/thumb/v7e-m+fp/hard\libgcc.a(_udivmoddi4.o)
                0x080002d0                __udivmoddi4
 .text          0x080005c8        0x4 C:/ST/STM32CubeIDE_1.13.1/STM32CubeIDE/plugins/com.st.stm32cube.ide.mcu.externaltools.gnu-tools-for-stm32.13.3.rel1.win32_1.0.0.202411081344/tools/bin/../lib/gcc/arm-none-eabi/13.3.1/thumb/v7e-m+fp/hard\libgcc.a(_dvmd_tls.o)
                0x080005c8                __aeabi_idiv0
                0x080005c8                __aeabi_ldiv0
 *(.text*)
 .text.aio_init
                0x080005cc       0x3c ./Core/Src/aio.o
                0x080005cc                aio_init
 .text.aio_input_get
                0x08000608       0x34 ./Core/Src/aio.o
                0x08000608                aio_input_get
 .text.aio_get_input_count
                0x0800063c       0x38 ./Core/Src/aio.o
                0x0800063c                aio_get_input_count
 .text.aio_get_output_count
                0x08000674       0x38 ./Core/Src/aio.o
                0x08000674                aio_get_output_count
 .text.app_validate
                0x080006ac      0x178 ./Core/Src/app.o
 .text.app_init
                0x08000824        0xc ./Core/Src/app.o
                0x08000824                app_init
 .text.app_task
                0x08000830      0x2dc ./Core/Src/app.o
                0x08000830                app_task
 .text.app_load_from_flash
                0x08000b0c       0x90 ./Core/Src/app.o
                0x08000b0c                app_load_from_flash
 .text.app_start
                0x08000b9c       0x5c ./Core/Src/app.o
                0x08000b9c                app_start
 .text.app_stop
                0x08000bf8       0x38 ./Core/Src/app.o
                0x08000bf8                app_stop
 .text.app_receive_msg
                0x08000c30       0x4c ./Core/Src/app.o
                0x08000c30                app_receive_msg
 .text.read_board_id
                0x08000c7c       0x80 ./Core/Src/board_id.o
 .text.board_get_type
                0x08000cfc       0x38 ./Core/Src/board_id.o
                0x08000cfc                board_get_type
 .text.bridge_init
                0x08000d34       0x2c ./Core/Src/bridge.o
                0x08000d34                bridge_init
 .text.bridge_forward
                0x08000d60       0x6c ./Core/Src/bridge.o
                0x08000d60                bridge_forward
 .text._w5500_select
                0x08000dcc       0x18 ./Core/Src/comm.o
 .text._w5500_deselect
                0x08000de4       0x18 ./Core/Src/comm.o
 .text.w5500_write
                0x08000dfc       0x5c ./Core/Src/comm.o
 .text.w5500_read_raw
                0x08000e58       0x5c ./Core/Src/comm.o
 .text.w5500_socket_read_byte
                0x08000eb4       0x38 ./Core/Src/comm.o
 .text.w5500_socket_write_byte
                0x08000eec       0x36 ./Core/Src/comm.o
 .text.circ_init
                0x08000f22       0x34 ./Core/Src/comm.o
 .text.circ_push
                0x08000f56       0x60 ./Core/Src/comm.o
 .text.circ_pop
                0x08000fb6       0x60 ./Core/Src/comm.o
 *fill*         0x08001016        0x2 
 .text.comm_init
                0x08001018       0x8c ./Core/Src/comm.o
                0x08001018                comm_init
 .text.rs422_set_crossover
                0x080010a4       0xa8 ./Core/Src/comm.o
                0x080010a4                rs422_set_crossover
 .text.rs422_queue
                0x0800114c       0xdc ./Core/Src/comm.o
                0x0800114c                rs422_queue
 .text.rs422_dequeue
                0x08001228       0x64 ./Core/Src/comm.o
 .text.HAL_UART_TxCpltCallback
                0x0800128c       0x5c ./Core/Src/comm.o
                0x0800128c                HAL_UART_TxCpltCallback
 .text.HAL_UART_RxCpltCallback
                0x080012e8       0x38 ./Core/Src/comm.o
                0x080012e8                HAL_UART_RxCpltCallback
 .text.comm_feed_byte
                0x08001320       0x3c ./Core/Src/comm.o
                0x08001320                comm_feed_byte
 .text.comm_task
                0x0800135c      0x250 ./Core/Src/comm.o
                0x0800135c                comm_task
 .text.comm_rs422_send
                0x080015ac       0x1e ./Core/Src/comm.o
                0x080015ac                comm_rs422_send
 .text.comm_eth_send
                0x080015ca       0x24 ./Core/Src/comm.o
                0x080015ca                comm_eth_send
 *fill*         0x080015ee        0x2 
 .text.comm_usb_send
                0x080015f0       0x40 ./Core/Src/comm.o
                0x080015f0                comm_usb_send
 .text.comm_send_channel
                0x08001630       0xb6 ./Core/Src/comm.o
                0x08001630                comm_send_channel
 *fill*         0x080016e6        0x2 
 .text.debug_print
                0x080016e8       0x30 ./Core/Src/comm.o
                0x080016e8                debug_print
 .text.debug_println
                0x08001718       0x30 ./Core/Src/comm.o
                0x08001718                debug_println
 .text.iobus_set_addr
                0x08001748       0x5c ./Core/Src/dio.o
 .text.iobus_set_addr_idle
                0x080017a4       0x30 ./Core/Src/dio.o
 .text.iobus_write
                0x080017d4      0x114 ./Core/Src/dio.o
 .text.iobus_read
                0x080018e8      0x164 ./Core/Src/dio.o
 .text.dio_init
                0x08001a4c      0x114 ./Core/Src/dio.o
                0x08001a4c                dio_init
 .text.dio_output_set
                0x08001b60       0xa0 ./Core/Src/dio.o
                0x08001b60                dio_output_set
 .text.dio_all_outputs_off
                0x08001c00       0x36 ./Core/Src/dio.o
                0x08001c00                dio_all_outputs_off
 *fill*         0x08001c36        0x2 
 .text.dio_output_get
                0x08001c38       0x64 ./Core/Src/dio.o
                0x08001c38                dio_output_get
 .text.dio_output_enable
                0x08001c9c       0x2c ./Core/Src/dio.o
                0x08001c9c                dio_output_enable
 .text.dio_input_get
                0x08001cc8       0x8c ./Core/Src/dio.o
                0x08001cc8                dio_input_get
 .text.dio_get_input_count
                0x08001d54       0x38 ./Core/Src/dio.o
                0x08001d54                dio_get_input_count
 .text.dio_get_output_count
                0x08001d8c       0x38 ./Core/Src/dio.o
                0x08001d8c                dio_get_output_count
 .text.Normal_SystemClock_Config
                0x08001dc4       0xd8 ./Core/Src/main.o
                0x08001dc4                Normal_SystemClock_Config
 .text.newMain  0x08001e9c      0x13c ./Core/Src/main.o
                0x08001e9c                newMain
 .text.main     0x08001fd8       0x74 ./Core/Src/main.o
                0x08001fd8                main
 .text.SystemClock_Config
                0x0800204c       0xd8 ./Core/Src/main.o
                0x0800204c                SystemClock_Config
 .text.MX_ADC1_Init
                0x08002124       0xa4 ./Core/Src/main.o
 .text.MX_DAC_Init
                0x080021c8       0x68 ./Core/Src/main.o
 .text.MX_RTC_Init
                0x08002230       0x4c ./Core/Src/main.o
 .text.MX_SPI1_Init
                0x0800227c       0x6c ./Core/Src/main.o
 .text.MX_SPI2_Init
                0x080022e8       0x6c ./Core/Src/main.o
 .text.MX_TIM5_Init
                0x08002354      0x108 ./Core/Src/main.o
 .text.MX_UART4_Init
                0x0800245c       0x54 ./Core/Src/main.o
 .text.MX_USART1_UART_Init
                0x080024b0       0x54 ./Core/Src/main.o
 .text.MX_USART3_UART_Init
                0x08002504       0x54 ./Core/Src/main.o
 .text.MX_DMA_Init
                0x08002558       0x50 ./Core/Src/main.o
 .text.MX_GPIO_Init
                0x080025a8      0x218 ./Core/Src/main.o
 .text.Error_Handler
                0x080027c0        0xc ./Core/Src/main.o
                0x080027c0                Error_Handler
 .text.node_id_get
                0x080027cc       0x78 ./Core/Src/node_id.o
                0x080027cc                node_id_get
 .text.packet_init
                0x08002844       0x80 ./Core/Src/packet.o
                0x08002844                packet_init
 .text.stuff_byte
                0x080028c4       0x3a ./Core/Src/packet.o
 *fill*         0x080028fe        0x2 
 .text.packet_sendNew
                0x08002900      0x1f0 ./Core/Src/packet.o
                0x08002900                packet_sendNew
 .text.packet_send_ack
                0x08002af0       0x2a ./Core/Src/packet.o
                0x08002af0                packet_send_ack
 .text.packet_send_nak
                0x08002b1a       0x2a ./Core/Src/packet.o
                0x08002b1a                packet_send_nak
 .text.unstuff  0x08002b44       0x66 ./Core/Src/packet.o
 *fill*         0x08002baa        0x2 
 .text.packet_feed_byte
                0x08002bac      0x9e4 ./Core/Src/packet.o
                0x08002bac                packet_feed_byte
 .text.millis   0x08003590        0xe ./Core/Src/status_led.o
 .text.led_write
                0x0800359e       0x40 ./Core/Src/status_led.o
 *fill*         0x080035de        0x2 
 .text.get_current_main_pattern_state
                0x080035e0       0xb4 ./Core/Src/status_led.o
 .text.update_leds
                0x08003694       0xf8 ./Core/Src/status_led.o
 .text.status_led_init
                0x0800378c       0xe8 ./Core/Src/status_led.o
                0x0800378c                status_led_init
 .text.status_led_set_mode
                0x08003874       0x30 ./Core/Src/status_led.o
                0x08003874                status_led_set_mode
 .text.status_led_get_mode
                0x080038a4       0x18 ./Core/Src/status_led.o
                0x080038a4                status_led_get_mode
 .text.status_led_data_activity
                0x080038bc       0x3c ./Core/Src/status_led.o
                0x080038bc                status_led_data_activity
 .text.status_led_task
                0x080038f8        0xc ./Core/Src/status_led.o
                0x080038f8                status_led_task
 .text.HAL_MspInit
                0x08003904       0x50 ./Core/Src/stm32f4xx_hal_msp.o
                0x08003904                HAL_MspInit
 .text.HAL_ADC_MspInit
                0x08003954       0xc0 ./Core/Src/stm32f4xx_hal_msp.o
                0x08003954                HAL_ADC_MspInit
 .text.HAL_DAC_MspInit
                0x08003a14       0x88 ./Core/Src/stm32f4xx_hal_msp.o
                0x08003a14                HAL_DAC_MspInit
 .text.HAL_RTC_MspInit
                0x08003a9c       0x54 ./Core/Src/stm32f4xx_hal_msp.o
                0x08003a9c                HAL_RTC_MspInit
 .text.HAL_SPI_MspInit
                0x08003af0       0xf8 ./Core/Src/stm32f4xx_hal_msp.o
                0x08003af0                HAL_SPI_MspInit
 .text.HAL_TIM_Base_MspInit
                0x08003be8       0x44 ./Core/Src/stm32f4xx_hal_msp.o
                0x08003be8                HAL_TIM_Base_MspInit
 .text.HAL_TIM_MspPostInit
                0x08003c2c       0x74 ./Core/Src/stm32f4xx_hal_msp.o
                0x08003c2c                HAL_TIM_MspPostInit
 .text.HAL_UART_MspInit
                0x08003ca0      0x268 ./Core/Src/stm32f4xx_hal_msp.o
                0x08003ca0                HAL_UART_MspInit
 .text.NMI_Handler
                0x08003f08        0x8 ./Core/Src/stm32f4xx_it.o
                0x08003f08                NMI_Handler
 .text.HardFault_Handler
                0x08003f10        0x8 ./Core/Src/stm32f4xx_it.o
                0x08003f10                HardFault_Handler
 .text.MemManage_Handler
                0x08003f18        0x8 ./Core/Src/stm32f4xx_it.o
                0x08003f18                MemManage_Handler
 .text.BusFault_Handler
                0x08003f20        0x8 ./Core/Src/stm32f4xx_it.o
                0x08003f20                BusFault_Handler
 .text.UsageFault_Handler
                0x08003f28        0x8 ./Core/Src/stm32f4xx_it.o
                0x08003f28                UsageFault_Handler
 .text.SVC_Handler
                0x08003f30        0xe ./Core/Src/stm32f4xx_it.o
                0x08003f30                SVC_Handler
 .text.DebugMon_Handler
                0x08003f3e        0xe ./Core/Src/stm32f4xx_it.o
                0x08003f3e                DebugMon_Handler
 .text.PendSV_Handler
                0x08003f4c        0xe ./Core/Src/stm32f4xx_it.o
                0x08003f4c                PendSV_Handler
 .text.SysTick_Handler
                0x08003f5a        0xc ./Core/Src/stm32f4xx_it.o
                0x08003f5a                SysTick_Handler
 *fill*         0x08003f66        0x2 
 .text.DMA1_Stream1_IRQHandler
                0x08003f68       0x14 ./Core/Src/stm32f4xx_it.o
                0x08003f68                DMA1_Stream1_IRQHandler
 .text.DMA1_Stream3_IRQHandler
                0x08003f7c       0x14 ./Core/Src/stm32f4xx_it.o
                0x08003f7c                DMA1_Stream3_IRQHandler
 .text.USART1_IRQHandler
                0x08003f90       0x14 ./Core/Src/stm32f4xx_it.o
                0x08003f90                USART1_IRQHandler
 .text.USART3_IRQHandler
                0x08003fa4       0x14 ./Core/Src/stm32f4xx_it.o
                0x08003fa4                USART3_IRQHandler
 .text.UART4_IRQHandler
                0x08003fb8       0x14 ./Core/Src/stm32f4xx_it.o
                0x08003fb8                UART4_IRQHandler
 .text.OTG_FS_IRQHandler
                0x08003fcc       0x14 ./Core/Src/stm32f4xx_it.o
                0x08003fcc                OTG_FS_IRQHandler
 .text._sbrk    0x08003fe0       0x6c ./Core/Src/sysmem.o
                0x08003fe0                _sbrk
 .text.SystemInit
                0x0800404c       0x24 ./Core/Src/system_stm32f4xx.o
                0x0800404c                SystemInit
 .text._w5500_select
                0x08004070       0x18 ./Core/Src/w5500.o
 .text._w5500_deselect
                0x08004088       0x18 ./Core/Src/w5500.o
 .text.w5500_write
                0x080040a0       0x5c ./Core/Src/w5500.o
 .text.w5500_read_raw
                0x080040fc       0x5c ./Core/Src/w5500.o
 .text.w5500_read_burst
                0x08004158       0x2a ./Core/Src/w5500.o
 .text.w5500_write_burst
                0x08004182       0x2a ./Core/Src/w5500.o
 .text.w5500_common_write
                0x080041ac       0x24 ./Core/Src/w5500.o
 .text.w5500_common_read
                0x080041d0       0x24 ./Core/Src/w5500.o
 .text.w5500_socket_read_byte
                0x080041f4       0x38 ./Core/Src/w5500.o
 .text.w5500_socket_write_byte
                0x0800422c       0x36 ./Core/Src/w5500.o
 .text.w5500_socket_write
                0x08004262       0x3a ./Core/Src/w5500.o
 .text.w5500_socket_read
                0x0800429c       0x3a ./Core/Src/w5500.o
 *fill*         0x080042d6        0x2 
 .text.w5500_set_ip_mode
                0x080042d8       0x20 ./Core/Src/w5500.o
                0x080042d8                w5500_set_ip_mode
 .text.w5500_init
                0x080042f8      0x18c ./Core/Src/w5500.o
                0x080042f8                w5500_init
 .text.w5500_is_connected
                0x08004484       0x28 ./Core/Src/w5500.o
                0x08004484                w5500_is_connected
 .text.w5500_get_rx_size
                0x080044ac       0x3a ./Core/Src/w5500.o
                0x080044ac                w5500_get_rx_size
 .text.w5500_read_data
                0x080044e6       0xa2 ./Core/Src/w5500.o
                0x080044e6                w5500_read_data
 .text.w5500_send
                0x08004588      0x10e ./Core/Src/w5500.o
                0x08004588                w5500_send
 .text.w5500_udp_send
                0x08004696       0x50 ./Core/Src/w5500.o
                0x08004696                w5500_udp_send
 .text.w5500_get_mac
                0x080046e6       0x1a ./Core/Src/w5500.o
                0x080046e6                w5500_get_mac
 .text.w5500_dhcp_init
                0x08004700       0x80 ./Core/Src/w5500.o
                0x08004700                w5500_dhcp_init
 .text.w5500_dhcp_run
                0x08004780      0x320 ./Core/Src/w5500.o
                0x08004780                w5500_dhcp_run
 .text.w5500_get_ip_mode
                0x08004aa0       0x18 ./Core/Src/w5500.o
                0x08004aa0                w5500_get_ip_mode
 .text.Reset_Handler
                0x08004ab8       0x50 ./Core/Startup/startup_stm32f427vitx.o
                0x08004ab8                Reset_Handler
 .text.Default_Handler
                0x08004b08        0x2 ./Core/Startup/startup_stm32f427vitx.o
                0x08004b08                RTC_Alarm_IRQHandler
                0x08004b08                HASH_RNG_IRQHandler
                0x08004b08                EXTI2_IRQHandler
                0x08004b08                TIM8_CC_IRQHandler
                0x08004b08                UART8_IRQHandler
                0x08004b08                SPI4_IRQHandler
                0x08004b08                TIM1_CC_IRQHandler
                0x08004b08                DMA2_Stream5_IRQHandler
                0x08004b08                DMA1_Stream5_IRQHandler
                0x08004b08                PVD_IRQHandler
                0x08004b08                SDIO_IRQHandler
                0x08004b08                TAMP_STAMP_IRQHandler
                0x08004b08                CAN2_RX1_IRQHandler
                0x08004b08                EXTI3_IRQHandler
                0x08004b08                TIM8_TRG_COM_TIM14_IRQHandler
                0x08004b08                TIM1_UP_TIM10_IRQHandler
                0x08004b08                TIM8_UP_TIM13_IRQHandler
                0x08004b08                I2C3_ER_IRQHandler
                0x08004b08                EXTI0_IRQHandler
                0x08004b08                I2C2_EV_IRQHandler
                0x08004b08                DMA1_Stream2_IRQHandler
                0x08004b08                CAN1_RX0_IRQHandler
                0x08004b08                FPU_IRQHandler
                0x08004b08                OTG_HS_WKUP_IRQHandler
                0x08004b08                CAN2_SCE_IRQHandler
                0x08004b08                DMA2_Stream2_IRQHandler
                0x08004b08                SPI1_IRQHandler
                0x08004b08                TIM6_DAC_IRQHandler
                0x08004b08                TIM1_BRK_TIM9_IRQHandler
                0x08004b08                DCMI_IRQHandler
                0x08004b08                CAN2_RX0_IRQHandler
                0x08004b08                DMA2_Stream3_IRQHandler
                0x08004b08                USART6_IRQHandler
                0x08004b08                CAN1_RX1_IRQHandler
                0x08004b08                UART5_IRQHandler
                0x08004b08                DMA2_Stream0_IRQHandler
                0x08004b08                TIM4_IRQHandler
                0x08004b08                I2C1_EV_IRQHandler
                0x08004b08                DMA1_Stream6_IRQHandler
                0x08004b08                TIM3_IRQHandler
                0x08004b08                RCC_IRQHandler
                0x08004b08                TIM8_BRK_TIM12_IRQHandler
                0x08004b08                Default_Handler
                0x08004b08                EXTI15_10_IRQHandler
                0x08004b08                ADC_IRQHandler
                0x08004b08                DMA1_Stream7_IRQHandler
                0x08004b08                SPI5_IRQHandler
                0x08004b08                TIM7_IRQHandler
                0x08004b08                CAN2_TX_IRQHandler
                0x08004b08                TIM5_IRQHandler
                0x08004b08                DMA2_Stream7_IRQHandler
                0x08004b08                I2C3_EV_IRQHandler
                0x08004b08                EXTI9_5_IRQHandler
                0x08004b08                RTC_WKUP_IRQHandler
                0x08004b08                ETH_WKUP_IRQHandler
                0x08004b08                SPI2_IRQHandler
                0x08004b08                OTG_HS_EP1_IN_IRQHandler
                0x08004b08                DMA1_Stream0_IRQHandler
                0x08004b08                CAN1_TX_IRQHandler
                0x08004b08                EXTI4_IRQHandler
                0x08004b08                ETH_IRQHandler
                0x08004b08                OTG_HS_EP1_OUT_IRQHandler
                0x08004b08                WWDG_IRQHandler
                0x08004b08                SPI6_IRQHandler
                0x08004b08                TIM2_IRQHandler
                0x08004b08                OTG_FS_WKUP_IRQHandler
                0x08004b08                TIM1_TRG_COM_TIM11_IRQHandler
                0x08004b08                OTG_HS_IRQHandler
                0x08004b08                DMA2D_IRQHandler
                0x08004b08                EXTI1_IRQHandler
                0x08004b08                UART7_IRQHandler
                0x08004b08                USART2_IRQHandler
                0x08004b08                I2C2_ER_IRQHandler
                0x08004b08                DMA2_Stream1_IRQHandler
                0x08004b08                CAN1_SCE_IRQHandler
                0x08004b08                FLASH_IRQHandler
                0x08004b08                DMA2_Stream4_IRQHandler
                0x08004b08                SPI3_IRQHandler
                0x08004b08                DMA1_Stream4_IRQHandler
                0x08004b08                I2C1_ER_IRQHandler
                0x08004b08                FMC_IRQHandler
                0x08004b08                DMA2_Stream6_IRQHandler
                0x08004b08                SAI1_IRQHandler
 *fill*         0x08004b0a        0x2 
 .text.HAL_Init
                0x08004b0c       0x44 ./Drivers/STM32F4xx_HAL_Driver/Src/stm32f4xx_hal.o
                0x08004b0c                HAL_Init
 .text.HAL_InitTick
                0x08004b50       0x60 ./Drivers/STM32F4xx_HAL_Driver/Src/stm32f4xx_hal.o
                0x08004b50                HAL_InitTick
 .text.HAL_IncTick
                0x08004bb0       0x28 ./Drivers/STM32F4xx_HAL_Driver/Src/stm32f4xx_hal.o
                0x08004bb0                HAL_IncTick
 .text.HAL_GetTick
                0x08004bd8       0x18 ./Drivers/STM32F4xx_HAL_Driver/Src/stm32f4xx_hal.o
                0x08004bd8                HAL_GetTick
 .text.HAL_Delay
                0x08004bf0       0x48 ./Drivers/STM32F4xx_HAL_Driver/Src/stm32f4xx_hal.o
                0x08004bf0                HAL_Delay
 .text.HAL_GetUIDw0
                0x08004c38       0x18 ./Drivers/STM32F4xx_HAL_Driver/Src/stm32f4xx_hal.o
                0x08004c38                HAL_GetUIDw0
 .text.HAL_ADC_Init
                0x08004c50       0x86 ./Drivers/STM32F4xx_HAL_Driver/Src/stm32f4xx_hal_adc.o
                0x08004c50                HAL_ADC_Init
 *fill*         0x08004cd6        0x2 
 .text.HAL_ADC_ConfigChannel
                0x08004cd8      0x264 ./Drivers/STM32F4xx_HAL_Driver/Src/stm32f4xx_hal_adc.o
                0x08004cd8                HAL_ADC_ConfigChannel
 .text.ADC_Init
                0x08004f3c      0x1f8 ./Drivers/STM32F4xx_HAL_Driver/Src/stm32f4xx_hal_adc.o
 .text.__NVIC_SetPriorityGrouping
                0x08005134       0x48 ./Drivers/STM32F4xx_HAL_Driver/Src/stm32f4xx_hal_cortex.o
 .text.__NVIC_GetPriorityGrouping
                0x0800517c       0x1c ./Drivers/STM32F4xx_HAL_Driver/Src/stm32f4xx_hal_cortex.o
 .text.__NVIC_EnableIRQ
                0x08005198       0x3c ./Drivers/STM32F4xx_HAL_Driver/Src/stm32f4xx_hal_cortex.o
 .text.__NVIC_SetPriority
                0x080051d4       0x54 ./Drivers/STM32F4xx_HAL_Driver/Src/stm32f4xx_hal_cortex.o
 .text.NVIC_EncodePriority
                0x08005228       0x66 ./Drivers/STM32F4xx_HAL_Driver/Src/stm32f4xx_hal_cortex.o
 *fill*         0x0800528e        0x2 
 .text.SysTick_Config
                0x08005290       0x44 ./Drivers/STM32F4xx_HAL_Driver/Src/stm32f4xx_hal_cortex.o
 .text.HAL_NVIC_SetPriorityGrouping
                0x080052d4       0x16 ./Drivers/STM32F4xx_HAL_Driver/Src/stm32f4xx_hal_cortex.o
                0x080052d4                HAL_NVIC_SetPriorityGrouping
 .text.HAL_NVIC_SetPriority
                0x080052ea       0x38 ./Drivers/STM32F4xx_HAL_Driver/Src/stm32f4xx_hal_cortex.o
                0x080052ea                HAL_NVIC_SetPriority
 .text.HAL_NVIC_EnableIRQ
                0x08005322       0x1c ./Drivers/STM32F4xx_HAL_Driver/Src/stm32f4xx_hal_cortex.o
                0x08005322                HAL_NVIC_EnableIRQ
 .text.HAL_SYSTICK_Config
                0x0800533e       0x18 ./Drivers/STM32F4xx_HAL_Driver/Src/stm32f4xx_hal_cortex.o
                0x0800533e                HAL_SYSTICK_Config
 .text.HAL_DAC_Init
                0x08005356       0x44 ./Drivers/STM32F4xx_HAL_Driver/Src/stm32f4xx_hal_dac.o
                0x08005356                HAL_DAC_Init
 .text.HAL_DAC_ConfigChannel
                0x0800539a       0xb2 ./Drivers/STM32F4xx_HAL_Driver/Src/stm32f4xx_hal_dac.o
                0x0800539a                HAL_DAC_ConfigChannel
 .text.HAL_DMA_Init
                0x0800544c      0x15c ./Drivers/STM32F4xx_HAL_Driver/Src/stm32f4xx_hal_dma.o
                0x0800544c                HAL_DMA_Init
 .text.HAL_DMA_Abort
                0x080055a8       0xe0 ./Drivers/STM32F4xx_HAL_Driver/Src/stm32f4xx_hal_dma.o
                0x080055a8                HAL_DMA_Abort
 .text.HAL_DMA_Abort_IT
                0x08005688       0x44 ./Drivers/STM32F4xx_HAL_Driver/Src/stm32f4xx_hal_dma.o
                0x08005688                HAL_DMA_Abort_IT
 .text.HAL_DMA_IRQHandler
                0x080056cc      0x314 ./Drivers/STM32F4xx_HAL_Driver/Src/stm32f4xx_hal_dma.o
                0x080056cc                HAL_DMA_IRQHandler
 .text.DMA_CalcBaseAndBitshift
                0x080059e0       0x6c ./Drivers/STM32F4xx_HAL_Driver/Src/stm32f4xx_hal_dma.o
 .text.DMA_CheckFifoParam
                0x08005a4c       0xf8 ./Drivers/STM32F4xx_HAL_Driver/Src/stm32f4xx_hal_dma.o
 .text.HAL_GPIO_Init
                0x08005b44      0x358 ./Drivers/STM32F4xx_HAL_Driver/Src/stm32f4xx_hal_gpio.o
                0x08005b44                HAL_GPIO_Init
 .text.HAL_GPIO_ReadPin
                0x08005e9c       0x30 ./Drivers/STM32F4xx_HAL_Driver/Src/stm32f4xx_hal_gpio.o
                0x08005e9c                HAL_GPIO_ReadPin
 .text.HAL_GPIO_WritePin
                0x08005ecc       0x32 ./Drivers/STM32F4xx_HAL_Driver/Src/stm32f4xx_hal_gpio.o
                0x08005ecc                HAL_GPIO_WritePin
 .text.HAL_PCD_Init
                0x08005efe      0x21e ./Drivers/STM32F4xx_HAL_Driver/Src/stm32f4xx_hal_pcd.o
                0x08005efe                HAL_PCD_Init
 .text.HAL_PCD_Start
                0x0800611c       0x6a ./Drivers/STM32F4xx_HAL_Driver/Src/stm32f4xx_hal_pcd.o
                0x0800611c                HAL_PCD_Start
 .text.HAL_PCD_IRQHandler
                0x08006186      0x942 ./Drivers/STM32F4xx_HAL_Driver/Src/stm32f4xx_hal_pcd.o
                0x08006186                HAL_PCD_IRQHandler
 .text.HAL_PCD_SetAddress
                0x08006ac8       0x48 ./Drivers/STM32F4xx_HAL_Driver/Src/stm32f4xx_hal_pcd.o
                0x08006ac8                HAL_PCD_SetAddress
 .text.HAL_PCD_EP_Open
                0x08006b10       0xd4 ./Drivers/STM32F4xx_HAL_Driver/Src/stm32f4xx_hal_pcd.o
                0x08006b10                HAL_PCD_EP_Open
 .text.HAL_PCD_EP_Close
                0x08006be4       0x94 ./Drivers/STM32F4xx_HAL_Driver/Src/stm32f4xx_hal_pcd.o
                0x08006be4                HAL_PCD_EP_Close
 .text.HAL_PCD_EP_Receive
                0x08006c78       0x76 ./Drivers/STM32F4xx_HAL_Driver/Src/stm32f4xx_hal_pcd.o
                0x08006c78                HAL_PCD_EP_Receive
 .text.HAL_PCD_EP_GetRxCount
                0x08006cee       0x30 ./Drivers/STM32F4xx_HAL_Driver/Src/stm32f4xx_hal_pcd.o
                0x08006cee                HAL_PCD_EP_GetRxCount
 .text.HAL_PCD_EP_Transmit
                0x08006d1e       0x74 ./Drivers/STM32F4xx_HAL_Driver/Src/stm32f4xx_hal_pcd.o
                0x08006d1e                HAL_PCD_EP_Transmit
 .text.HAL_PCD_EP_SetStall
                0x08006d92       0xc6 ./Drivers/STM32F4xx_HAL_Driver/Src/stm32f4xx_hal_pcd.o
                0x08006d92                HAL_PCD_EP_SetStall
 .text.HAL_PCD_EP_ClrStall
                0x08006e58       0xac ./Drivers/STM32F4xx_HAL_Driver/Src/stm32f4xx_hal_pcd.o
                0x08006e58                HAL_PCD_EP_ClrStall
 .text.HAL_PCD_EP_Abort
                0x08006f04       0x62 ./Drivers/STM32F4xx_HAL_Driver/Src/stm32f4xx_hal_pcd.o
                0x08006f04                HAL_PCD_EP_Abort
 .text.PCD_WriteEmptyTxFifo
                0x08006f66      0x118 ./Drivers/STM32F4xx_HAL_Driver/Src/stm32f4xx_hal_pcd.o
 *fill*         0x0800707e        0x2 
 .text.PCD_EP_OutXfrComplete_int
                0x08007080      0x1d0 ./Drivers/STM32F4xx_HAL_Driver/Src/stm32f4xx_hal_pcd.o
 .text.PCD_EP_OutSetupPacket_int
                0x08007250       0x8c ./Drivers/STM32F4xx_HAL_Driver/Src/stm32f4xx_hal_pcd.o
 .text.HAL_PCDEx_SetTxFiFo
                0x080072dc       0x8e ./Drivers/STM32F4xx_HAL_Driver/Src/stm32f4xx_hal_pcd_ex.o
                0x080072dc                HAL_PCDEx_SetTxFiFo
 .text.HAL_PCDEx_SetRxFiFo
                0x0800736a       0x22 ./Drivers/STM32F4xx_HAL_Driver/Src/stm32f4xx_hal_pcd_ex.o
                0x0800736a                HAL_PCDEx_SetRxFiFo
 .text.HAL_PCDEx_LPM_Callback
                0x0800738c       0x18 ./Drivers/STM32F4xx_HAL_Driver/Src/stm32f4xx_hal_pcd_ex.o
                0x0800738c                HAL_PCDEx_LPM_Callback
 .text.HAL_RCC_OscConfig
                0x080073a4      0x4f0 ./Drivers/STM32F4xx_HAL_Driver/Src/stm32f4xx_hal_rcc.o
                0x080073a4                HAL_RCC_OscConfig
 .text.HAL_RCC_ClockConfig
                0x08007894      0x1cc ./Drivers/STM32F4xx_HAL_Driver/Src/stm32f4xx_hal_rcc.o
                0x08007894                HAL_RCC_ClockConfig
 .text.HAL_RCC_GetSysClockFreq
                0x08007a60      0x208 ./Drivers/STM32F4xx_HAL_Driver/Src/stm32f4xx_hal_rcc.o
                0x08007a60                HAL_RCC_GetSysClockFreq
 .text.HAL_RCC_GetHCLKFreq
                0x08007c68       0x18 ./Drivers/STM32F4xx_HAL_Driver/Src/stm32f4xx_hal_rcc.o
                0x08007c68                HAL_RCC_GetHCLKFreq
 .text.HAL_RCC_GetPCLK1Freq
                0x08007c80       0x28 ./Drivers/STM32F4xx_HAL_Driver/Src/stm32f4xx_hal_rcc.o
                0x08007c80                HAL_RCC_GetPCLK1Freq
 .text.HAL_RCC_GetPCLK2Freq
                0x08007ca8       0x28 ./Drivers/STM32F4xx_HAL_Driver/Src/stm32f4xx_hal_rcc.o
                0x08007ca8                HAL_RCC_GetPCLK2Freq
 .text.HAL_RCCEx_PeriphCLKConfig
                0x08007cd0      0x380 ./Drivers/STM32F4xx_HAL_Driver/Src/stm32f4xx_hal_rcc_ex.o
                0x08007cd0                HAL_RCCEx_PeriphCLKConfig
 .text.HAL_RTC_Init
                0x08008050      0x102 ./Drivers/STM32F4xx_HAL_Driver/Src/stm32f4xx_hal_rtc.o
                0x08008050                HAL_RTC_Init
 *fill*         0x08008152        0x2 
 .text.HAL_RTC_WaitForSynchro
                0x08008154       0x4c ./Drivers/STM32F4xx_HAL_Driver/Src/stm32f4xx_hal_rtc.o
                0x08008154                HAL_RTC_WaitForSynchro
 .text.RTC_EnterInitMode
                0x080081a0       0x6e ./Drivers/STM32F4xx_HAL_Driver/Src/stm32f4xx_hal_rtc.o
                0x080081a0                RTC_EnterInitMode
 .text.RTC_ExitInitMode
                0x0800820e       0x4a ./Drivers/STM32F4xx_HAL_Driver/Src/stm32f4xx_hal_rtc.o
                0x0800820e                RTC_ExitInitMode
 .text.HAL_SPI_Init
                0x08008258      0x112 ./Drivers/STM32F4xx_HAL_Driver/Src/stm32f4xx_hal_spi.o
                0x08008258                HAL_SPI_Init
 .text.HAL_SPI_Transmit
                0x0800836a      0x288 ./Drivers/STM32F4xx_HAL_Driver/Src/stm32f4xx_hal_spi.o
                0x0800836a                HAL_SPI_Transmit
 .text.HAL_SPI_Receive
                0x080085f2      0x232 ./Drivers/STM32F4xx_HAL_Driver/Src/stm32f4xx_hal_spi.o
                0x080085f2                HAL_SPI_Receive
 .text.HAL_SPI_TransmitReceive
                0x08008824      0x352 ./Drivers/STM32F4xx_HAL_Driver/Src/stm32f4xx_hal_spi.o
                0x08008824                HAL_SPI_TransmitReceive
 *fill*         0x08008b76        0x2 
 .text.SPI_WaitFlagStateUntilTimeout
                0x08008b78      0x110 ./Drivers/STM32F4xx_HAL_Driver/Src/stm32f4xx_hal_spi.o
 .text.SPI_EndRxTransaction
                0x08008c88       0xca ./Drivers/STM32F4xx_HAL_Driver/Src/stm32f4xx_hal_spi.o
 *fill*         0x08008d52        0x2 
 .text.SPI_EndRxTxTransaction
                0x08008d54       0xa8 ./Drivers/STM32F4xx_HAL_Driver/Src/stm32f4xx_hal_spi.o
 .text.HAL_TIM_Base_Init
                0x08008dfc       0x9e ./Drivers/STM32F4xx_HAL_Driver/Src/stm32f4xx_hal_tim.o
                0x08008dfc                HAL_TIM_Base_Init
 .text.HAL_TIM_PWM_Init
                0x08008e9a       0x9e ./Drivers/STM32F4xx_HAL_Driver/Src/stm32f4xx_hal_tim.o
                0x08008e9a                HAL_TIM_PWM_Init
 .text.HAL_TIM_PWM_MspInit
                0x08008f38       0x14 ./Drivers/STM32F4xx_HAL_Driver/Src/stm32f4xx_hal_tim.o
                0x08008f38                HAL_TIM_PWM_MspInit
 .text.HAL_TIM_PWM_ConfigChannel
                0x08008f4c      0x184 ./Drivers/STM32F4xx_HAL_Driver/Src/stm32f4xx_hal_tim.o
                0x08008f4c                HAL_TIM_PWM_ConfigChannel
 .text.HAL_TIM_ConfigClockSource
                0x080090d0      0x18e ./Drivers/STM32F4xx_HAL_Driver/Src/stm32f4xx_hal_tim.o
                0x080090d0                HAL_TIM_ConfigClockSource
 *fill*         0x0800925e        0x2 
 .text.TIM_Base_SetConfig
                0x08009260      0x14c ./Drivers/STM32F4xx_HAL_Driver/Src/stm32f4xx_hal_tim.o
                0x08009260                TIM_Base_SetConfig
 .text.TIM_OC1_SetConfig
                0x080093ac       0xe0 ./Drivers/STM32F4xx_HAL_Driver/Src/stm32f4xx_hal_tim.o
 .text.TIM_OC2_SetConfig
                0x0800948c       0xec ./Drivers/STM32F4xx_HAL_Driver/Src/stm32f4xx_hal_tim.o
                0x0800948c                TIM_OC2_SetConfig
 .text.TIM_OC3_SetConfig
                0x08009578       0xe8 ./Drivers/STM32F4xx_HAL_Driver/Src/stm32f4xx_hal_tim.o
 .text.TIM_OC4_SetConfig
                0x08009660       0xac ./Drivers/STM32F4xx_HAL_Driver/Src/stm32f4xx_hal_tim.o
 .text.TIM_TI1_ConfigInputStage
                0x0800970c       0x5e ./Drivers/STM32F4xx_HAL_Driver/Src/stm32f4xx_hal_tim.o
 .text.TIM_TI2_ConfigInputStage
                0x0800976a       0x60 ./Drivers/STM32F4xx_HAL_Driver/Src/stm32f4xx_hal_tim.o
 .text.TIM_ITRx_SetConfig
                0x080097ca       0x36 ./Drivers/STM32F4xx_HAL_Driver/Src/stm32f4xx_hal_tim.o
 .text.TIM_ETR_SetConfig
                0x08009800       0x40 ./Drivers/STM32F4xx_HAL_Driver/Src/stm32f4xx_hal_tim.o
                0x08009800                TIM_ETR_SetConfig
 .text.HAL_TIMEx_MasterConfigSynchronization
                0x08009840       0xf8 ./Drivers/STM32F4xx_HAL_Driver/Src/stm32f4xx_hal_tim_ex.o
                0x08009840                HAL_TIMEx_MasterConfigSynchronization
 .text.HAL_UART_Init
                0x08009938       0xa0 ./Drivers/STM32F4xx_HAL_Driver/Src/stm32f4xx_hal_uart.o
                0x08009938                HAL_UART_Init
 .text.HAL_UART_Transmit_IT
                0x080099d8       0x6c ./Drivers/STM32F4xx_HAL_Driver/Src/stm32f4xx_hal_uart.o
                0x080099d8                HAL_UART_Transmit_IT
 .text.HAL_UART_Receive_IT
                0x08009a44       0x4a ./Drivers/STM32F4xx_HAL_Driver/Src/stm32f4xx_hal_uart.o
                0x08009a44                HAL_UART_Receive_IT
 *fill*         0x08009a8e        0x2 
 .text.HAL_UART_IRQHandler
                0x08009a90      0x554 ./Drivers/STM32F4xx_HAL_Driver/Src/stm32f4xx_hal_uart.o
                0x08009a90                HAL_UART_IRQHandler
 .text.HAL_UART_ErrorCallback
                0x08009fe4       0x14 ./Drivers/STM32F4xx_HAL_Driver/Src/stm32f4xx_hal_uart.o
                0x08009fe4                HAL_UART_ErrorCallback
 .text.HAL_UARTEx_RxEventCallback
                0x08009ff8       0x18 ./Drivers/STM32F4xx_HAL_Driver/Src/stm32f4xx_hal_uart.o
                0x08009ff8                HAL_UARTEx_RxEventCallback
 .text.UART_Start_Receive_IT
                0x0800a010       0x74 ./Drivers/STM32F4xx_HAL_Driver/Src/stm32f4xx_hal_uart.o
                0x0800a010                UART_Start_Receive_IT
 .text.UART_EndRxTransfer
                0x0800a084       0xc6 ./Drivers/STM32F4xx_HAL_Driver/Src/stm32f4xx_hal_uart.o
 .text.UART_DMAAbortOnError
                0x0800a14a       0x22 ./Drivers/STM32F4xx_HAL_Driver/Src/stm32f4xx_hal_uart.o
 .text.UART_Transmit_IT
                0x0800a16c       0xa0 ./Drivers/STM32F4xx_HAL_Driver/Src/stm32f4xx_hal_uart.o
 .text.UART_EndTransmit_IT
                0x0800a20c       0x30 ./Drivers/STM32F4xx_HAL_Driver/Src/stm32f4xx_hal_uart.o
 .text.UART_Receive_IT
                0x0800a23c      0x17c ./Drivers/STM32F4xx_HAL_Driver/Src/stm32f4xx_hal_uart.o
 .text.UART_SetConfig
                0x0800a3b8      0x4e8 ./Drivers/STM32F4xx_HAL_Driver/Src/stm32f4xx_hal_uart.o
 .text.USB_CoreInit
                0x0800a8a0       0xc8 ./Drivers/STM32F4xx_HAL_Driver/Src/stm32f4xx_ll_usb.o
                0x0800a8a0                USB_CoreInit
 .text.USB_SetTurnaroundTime
                0x0800a968      0x144 ./Drivers/STM32F4xx_HAL_Driver/Src/stm32f4xx_ll_usb.o
                0x0800a968                USB_SetTurnaroundTime
 .text.USB_EnableGlobalInt
                0x0800aaac       0x22 ./Drivers/STM32F4xx_HAL_Driver/Src/stm32f4xx_ll_usb.o
                0x0800aaac                USB_EnableGlobalInt
 .text.USB_DisableGlobalInt
                0x0800aace       0x22 ./Drivers/STM32F4xx_HAL_Driver/Src/stm32f4xx_ll_usb.o
                0x0800aace                USB_DisableGlobalInt
 .text.USB_SetCurrentMode
                0x0800aaf0       0x98 ./Drivers/STM32F4xx_HAL_Driver/Src/stm32f4xx_ll_usb.o
                0x0800aaf0                USB_SetCurrentMode
 .text.USB_DevInit
                0x0800ab88      0x2c8 ./Drivers/STM32F4xx_HAL_Driver/Src/stm32f4xx_ll_usb.o
                0x0800ab88                USB_DevInit
 .text.USB_FlushTxFifo
                0x0800ae50       0x64 ./Drivers/STM32F4xx_HAL_Driver/Src/stm32f4xx_ll_usb.o
                0x0800ae50                USB_FlushTxFifo
 .text.USB_FlushRxFifo
                0x0800aeb4       0x5c ./Drivers/STM32F4xx_HAL_Driver/Src/stm32f4xx_ll_usb.o
                0x0800aeb4                USB_FlushRxFifo
 .text.USB_SetDevSpeed
                0x0800af10       0x32 ./Drivers/STM32F4xx_HAL_Driver/Src/stm32f4xx_ll_usb.o
                0x0800af10                USB_SetDevSpeed
 .text.USB_GetDevSpeed
                0x0800af42       0x4a ./Drivers/STM32F4xx_HAL_Driver/Src/stm32f4xx_ll_usb.o
                0x0800af42                USB_GetDevSpeed
 .text.USB_ActivateEndpoint
                0x0800af8c      0x10e ./Drivers/STM32F4xx_HAL_Driver/Src/stm32f4xx_ll_usb.o
                0x0800af8c                USB_ActivateEndpoint
 *fill*         0x0800b09a        0x2 
 .text.USB_DeactivateEndpoint
                0x0800b09c      0x1b8 ./Drivers/STM32F4xx_HAL_Driver/Src/stm32f4xx_ll_usb.o
                0x0800b09c                USB_DeactivateEndpoint
 .text.USB_EPStartXfer
                0x0800b254      0x53c ./Drivers/STM32F4xx_HAL_Driver/Src/stm32f4xx_ll_usb.o
                0x0800b254                USB_EPStartXfer
 .text.USB_EPStopXfer
                0x0800b790      0x154 ./Drivers/STM32F4xx_HAL_Driver/Src/stm32f4xx_ll_usb.o
                0x0800b790                USB_EPStopXfer
 .text.USB_WritePacket
                0x0800b8e4       0x7c ./Drivers/STM32F4xx_HAL_Driver/Src/stm32f4xx_ll_usb.o
                0x0800b8e4                USB_WritePacket
 .text.USB_ReadPacket
                0x0800b960       0xb0 ./Drivers/STM32F4xx_HAL_Driver/Src/stm32f4xx_ll_usb.o
                0x0800b960                USB_ReadPacket
 .text.USB_EPSetStall
                0x0800ba10       0xdc ./Drivers/STM32F4xx_HAL_Driver/Src/stm32f4xx_ll_usb.o
                0x0800ba10                USB_EPSetStall
 .text.USB_EPClearStall
                0x0800baec       0xcc ./Drivers/STM32F4xx_HAL_Driver/Src/stm32f4xx_ll_usb.o
                0x0800baec                USB_EPClearStall
 .text.USB_SetDevAddress
                0x0800bbb8       0x4c ./Drivers/STM32F4xx_HAL_Driver/Src/stm32f4xx_ll_usb.o
                0x0800bbb8                USB_SetDevAddress
 .text.USB_DevConnect
                0x0800bc04       0x42 ./Drivers/STM32F4xx_HAL_Driver/Src/stm32f4xx_ll_usb.o
                0x0800bc04                USB_DevConnect
 .text.USB_DevDisconnect
                0x0800bc46       0x42 ./Drivers/STM32F4xx_HAL_Driver/Src/stm32f4xx_ll_usb.o
                0x0800bc46                USB_DevDisconnect
 .text.USB_ReadInterrupts
                0x0800bc88       0x26 ./Drivers/STM32F4xx_HAL_Driver/Src/stm32f4xx_ll_usb.o
                0x0800bc88                USB_ReadInterrupts
 .text.USB_ReadDevAllOutEpInterrupt
                0x0800bcae       0x34 ./Drivers/STM32F4xx_HAL_Driver/Src/stm32f4xx_ll_usb.o
                0x0800bcae                USB_ReadDevAllOutEpInterrupt
 .text.USB_ReadDevAllInEpInterrupt
                0x0800bce2       0x34 ./Drivers/STM32F4xx_HAL_Driver/Src/stm32f4xx_ll_usb.o
                0x0800bce2                USB_ReadDevAllInEpInterrupt
 .text.USB_ReadDevOutEPInterrupt
                0x0800bd16       0x3c ./Drivers/STM32F4xx_HAL_Driver/Src/stm32f4xx_ll_usb.o
                0x0800bd16                USB_ReadDevOutEPInterrupt
 .text.USB_ReadDevInEPInterrupt
                0x0800bd52       0x5c ./Drivers/STM32F4xx_HAL_Driver/Src/stm32f4xx_ll_usb.o
                0x0800bd52                USB_ReadDevInEPInterrupt
 .text.USB_GetMode
                0x0800bdae       0x1c ./Drivers/STM32F4xx_HAL_Driver/Src/stm32f4xx_ll_usb.o
                0x0800bdae                USB_GetMode
 .text.USB_ActivateSetup
                0x0800bdca       0x46 ./Drivers/STM32F4xx_HAL_Driver/Src/stm32f4xx_ll_usb.o
                0x0800bdca                USB_ActivateSetup
 .text.USB_EP0_OutStart
                0x0800be10       0xbc ./Drivers/STM32F4xx_HAL_Driver/Src/stm32f4xx_ll_usb.o
                0x0800be10                USB_EP0_OutStart
 .text.USB_CoreReset
                0x0800becc       0x70 ./Drivers/STM32F4xx_HAL_Driver/Src/stm32f4xx_ll_usb.o
 .text.USBD_CDC_Init
                0x0800bf3c      0x1f0 ./Middlewares/ST/STM32_USB_Device_Library/Class/CDC/Src/usbd_cdc.o
 .text.USBD_CDC_DeInit
                0x0800c12c      0x104 ./Middlewares/ST/STM32_USB_Device_Library/Class/CDC/Src/usbd_cdc.o
 .text.USBD_CDC_Setup
                0x0800c230      0x1b8 ./Middlewares/ST/STM32_USB_Device_Library/Class/CDC/Src/usbd_cdc.o
 .text.USBD_CDC_DataIn
                0x0800c3e8       0xfe ./Middlewares/ST/STM32_USB_Device_Library/Class/CDC/Src/usbd_cdc.o
 .text.USBD_CDC_DataOut
                0x0800c4e6       0x70 ./Middlewares/ST/STM32_USB_Device_Library/Class/CDC/Src/usbd_cdc.o
 .text.USBD_CDC_EP0_RxReady
                0x0800c556       0x74 ./Middlewares/ST/STM32_USB_Device_Library/Class/CDC/Src/usbd_cdc.o
 *fill*         0x0800c5ca        0x2 
 .text.USBD_CDC_GetFSCfgDesc
                0x0800c5cc       0x70 ./Middlewares/ST/STM32_USB_Device_Library/Class/CDC/Src/usbd_cdc.o
 .text.USBD_CDC_GetHSCfgDesc
                0x0800c63c       0x70 ./Middlewares/ST/STM32_USB_Device_Library/Class/CDC/Src/usbd_cdc.o
 .text.USBD_CDC_GetOtherSpeedCfgDesc
                0x0800c6ac       0x70 ./Middlewares/ST/STM32_USB_Device_Library/Class/CDC/Src/usbd_cdc.o
 .text.USBD_CDC_GetDeviceQualifierDescriptor
                0x0800c71c       0x20 ./Middlewares/ST/STM32_USB_Device_Library/Class/CDC/Src/usbd_cdc.o
                0x0800c71c                USBD_CDC_GetDeviceQualifierDescriptor
 .text.USBD_CDC_RegisterInterface
                0x0800c73c       0x34 ./Middlewares/ST/STM32_USB_Device_Library/Class/CDC/Src/usbd_cdc.o
                0x0800c73c                USBD_CDC_RegisterInterface
 .text.USBD_CDC_SetTxBuffer
                0x0800c770       0x44 ./Middlewares/ST/STM32_USB_Device_Library/Class/CDC/Src/usbd_cdc.o
                0x0800c770                USBD_CDC_SetTxBuffer
 .text.USBD_CDC_SetRxBuffer
                0x0800c7b4       0x3a ./Middlewares/ST/STM32_USB_Device_Library/Class/CDC/Src/usbd_cdc.o
                0x0800c7b4                USBD_CDC_SetRxBuffer
 *fill*         0x0800c7ee        0x2 
 .text.USBD_CDC_TransmitPacket
                0x0800c7f0       0x80 ./Middlewares/ST/STM32_USB_Device_Library/Class/CDC/Src/usbd_cdc.o
                0x0800c7f0                USBD_CDC_TransmitPacket
 .text.USBD_CDC_ReceivePacket
                0x0800c870       0x6c ./Middlewares/ST/STM32_USB_Device_Library/Class/CDC/Src/usbd_cdc.o
                0x0800c870                USBD_CDC_ReceivePacket
 .text.USBD_Init
                0x0800c8dc       0x60 ./Middlewares/ST/STM32_USB_Device_Library/Core/Src/usbd_core.o
                0x0800c8dc                USBD_Init
 .text.USBD_RegisterClass
                0x0800c93c       0x6c ./Middlewares/ST/STM32_USB_Device_Library/Core/Src/usbd_core.o
                0x0800c93c                USBD_RegisterClass
 .text.USBD_Start
                0x0800c9a8       0x18 ./Middlewares/ST/STM32_USB_Device_Library/Core/Src/usbd_core.o
                0x0800c9a8                USBD_Start
 .text.USBD_RunTestMode
                0x0800c9c0       0x16 ./Middlewares/ST/STM32_USB_Device_Library/Core/Src/usbd_core.o
                0x0800c9c0                USBD_RunTestMode
 .text.USBD_SetClassConfig
                0x0800c9d6       0x38 ./Middlewares/ST/STM32_USB_Device_Library/Core/Src/usbd_core.o
                0x0800c9d6                USBD_SetClassConfig
 .text.USBD_ClrClassConfig
                0x0800ca0e       0x34 ./Middlewares/ST/STM32_USB_Device_Library/Core/Src/usbd_core.o
                0x0800ca0e                USBD_ClrClassConfig
 .text.USBD_LL_SetupStage
                0x0800ca42       0xaa ./Middlewares/ST/STM32_USB_Device_Library/Core/Src/usbd_core.o
                0x0800ca42                USBD_LL_SetupStage
 .text.USBD_LL_DataOutStage
                0x0800caec      0x178 ./Middlewares/ST/STM32_USB_Device_Library/Core/Src/usbd_core.o
                0x0800caec                USBD_LL_DataOutStage
 .text.USBD_LL_DataInStage
                0x0800cc64      0x176 ./Middlewares/ST/STM32_USB_Device_Library/Core/Src/usbd_core.o
                0x0800cc64                USBD_LL_DataInStage
 .text.USBD_LL_Reset
                0x0800cdda       0xa6 ./Middlewares/ST/STM32_USB_Device_Library/Core/Src/usbd_core.o
                0x0800cdda                USBD_LL_Reset
 .text.USBD_LL_SetSpeed
                0x0800ce80       0x20 ./Middlewares/ST/STM32_USB_Device_Library/Core/Src/usbd_core.o
                0x0800ce80                USBD_LL_SetSpeed
 .text.USBD_LL_Suspend
                0x0800cea0       0x38 ./Middlewares/ST/STM32_USB_Device_Library/Core/Src/usbd_core.o
                0x0800cea0                USBD_LL_Suspend
 .text.USBD_LL_Resume
                0x0800ced8       0x30 ./Middlewares/ST/STM32_USB_Device_Library/Core/Src/usbd_core.o
                0x0800ced8                USBD_LL_Resume
 .text.USBD_LL_SOF
                0x0800cf08       0x40 ./Middlewares/ST/STM32_USB_Device_Library/Core/Src/usbd_core.o
                0x0800cf08                USBD_LL_SOF
 .text.USBD_LL_IsoINIncomplete
                0x0800cf48       0x64 ./Middlewares/ST/STM32_USB_Device_Library/Core/Src/usbd_core.o
                0x0800cf48                USBD_LL_IsoINIncomplete
 .text.USBD_LL_IsoOUTIncomplete
                0x0800cfac       0x64 ./Middlewares/ST/STM32_USB_Device_Library/Core/Src/usbd_core.o
                0x0800cfac                USBD_LL_IsoOUTIncomplete
 .text.USBD_LL_DevConnected
                0x0800d010       0x16 ./Middlewares/ST/STM32_USB_Device_Library/Core/Src/usbd_core.o
                0x0800d010                USBD_LL_DevConnected
 .text.USBD_LL_DevDisconnected
                0x0800d026       0x46 ./Middlewares/ST/STM32_USB_Device_Library/Core/Src/usbd_core.o
                0x0800d026                USBD_LL_DevDisconnected
 .text.USBD_CoreFindIF
                0x0800d06c       0x1a ./Middlewares/ST/STM32_USB_Device_Library/Core/Src/usbd_core.o
                0x0800d06c                USBD_CoreFindIF
 .text.USBD_CoreFindEP
                0x0800d086       0x1a ./Middlewares/ST/STM32_USB_Device_Library/Core/Src/usbd_core.o
                0x0800d086                USBD_CoreFindEP
 .text.USBD_GetEpDesc
                0x0800d0a0       0x70 ./Middlewares/ST/STM32_USB_Device_Library/Core/Src/usbd_core.o
                0x0800d0a0                USBD_GetEpDesc
 .text.USBD_GetNextDesc
                0x0800d110       0x38 ./Middlewares/ST/STM32_USB_Device_Library/Core/Src/usbd_core.o
                0x0800d110                USBD_GetNextDesc
 .text.SWAPBYTE
                0x0800d148       0x3e ./Middlewares/ST/STM32_USB_Device_Library/Core/Src/usbd_ctlreq.o
 *fill*         0x0800d186        0x2 
 .text.USBD_StdDevReq
                0x0800d188       0xe4 ./Middlewares/ST/STM32_USB_Device_Library/Core/Src/usbd_ctlreq.o
                0x0800d188                USBD_StdDevReq
 .text.USBD_StdItfReq
                0x0800d26c       0xd8 ./Middlewares/ST/STM32_USB_Device_Library/Core/Src/usbd_ctlreq.o
                0x0800d26c                USBD_StdItfReq
 .text.USBD_StdEPReq
                0x0800d344      0x33e ./Middlewares/ST/STM32_USB_Device_Library/Core/Src/usbd_ctlreq.o
                0x0800d344                USBD_StdEPReq
 *fill*         0x0800d682        0x2 
 .text.USBD_GetDescriptor
                0x0800d684      0x2d4 ./Middlewares/ST/STM32_USB_Device_Library/Core/Src/usbd_ctlreq.o
 .text.USBD_SetAddress
                0x0800d958       0x88 ./Middlewares/ST/STM32_USB_Device_Library/Core/Src/usbd_ctlreq.o
 .text.USBD_SetConfig
                0x0800d9e0      0x154 ./Middlewares/ST/STM32_USB_Device_Library/Core/Src/usbd_ctlreq.o
 .text.USBD_GetConfig
                0x0800db34       0x6c ./Middlewares/ST/STM32_USB_Device_Library/Core/Src/usbd_ctlreq.o
 .text.USBD_GetStatus
                0x0800dba0       0x68 ./Middlewares/ST/STM32_USB_Device_Library/Core/Src/usbd_ctlreq.o
 .text.USBD_SetFeature
                0x0800dc08       0x52 ./Middlewares/ST/STM32_USB_Device_Library/Core/Src/usbd_ctlreq.o
 .text.USBD_ClrFeature
                0x0800dc5a       0x44 ./Middlewares/ST/STM32_USB_Device_Library/Core/Src/usbd_ctlreq.o
 .text.USBD_ParseSetupRequest
                0x0800dc9e       0x74 ./Middlewares/ST/STM32_USB_Device_Library/Core/Src/usbd_ctlreq.o
                0x0800dc9e                USBD_ParseSetupRequest
 .text.USBD_CtlError
                0x0800dd12       0x22 ./Middlewares/ST/STM32_USB_Device_Library/Core/Src/usbd_ctlreq.o
                0x0800dd12                USBD_CtlError
 .text.USBD_GetString
                0x0800dd34       0xa4 ./Middlewares/ST/STM32_USB_Device_Library/Core/Src/usbd_ctlreq.o
                0x0800dd34                USBD_GetString
 .text.USBD_GetLen
                0x0800ddd8       0x34 ./Middlewares/ST/STM32_USB_Device_Library/Core/Src/usbd_ctlreq.o
 .text.USBD_CtlSendData
                0x0800de0c       0x3c ./Middlewares/ST/STM32_USB_Device_Library/Core/Src/usbd_ioreq.o
                0x0800de0c                USBD_CtlSendData
 .text.USBD_CtlContinueSendData
                0x0800de48       0x22 ./Middlewares/ST/STM32_USB_Device_Library/Core/Src/usbd_ioreq.o
                0x0800de48                USBD_CtlContinueSendData
 .text.USBD_CtlPrepareRx
                0x0800de6a       0x42 ./Middlewares/ST/STM32_USB_Device_Library/Core/Src/usbd_ioreq.o
                0x0800de6a                USBD_CtlPrepareRx
 .text.USBD_CtlContinueRx
                0x0800deac       0x22 ./Middlewares/ST/STM32_USB_Device_Library/Core/Src/usbd_ioreq.o
                0x0800deac                USBD_CtlContinueRx
 .text.USBD_CtlSendStatus
                0x0800dece       0x26 ./Middlewares/ST/STM32_USB_Device_Library/Core/Src/usbd_ioreq.o
                0x0800dece                USBD_CtlSendStatus
 .text.USBD_CtlReceiveStatus
                0x0800def4       0x26 ./Middlewares/ST/STM32_USB_Device_Library/Core/Src/usbd_ioreq.o
                0x0800def4                USBD_CtlReceiveStatus
 *fill*         0x0800df1a        0x2 
 .text.MX_USB_DEVICE_Init
                0x0800df1c       0x60 ./USB_DEVICE/App/usb_device.o
                0x0800df1c                MX_USB_DEVICE_Init
 .text.CDC_Init_FS
                0x0800df7c       0x28 ./USB_DEVICE/App/usbd_cdc_if.o
 .text.CDC_DeInit_FS
                0x0800dfa4       0x10 ./USB_DEVICE/App/usbd_cdc_if.o
 .text.CDC_Control_FS
                0x0800dfb4       0xbc ./USB_DEVICE/App/usbd_cdc_if.o
 .text.CDC_Receive_FS
                0x0800e070       0x4c ./USB_DEVICE/App/usbd_cdc_if.o
 .text.CDC_Transmit_FS
                0x0800e0bc       0x4c ./USB_DEVICE/App/usbd_cdc_if.o
                0x0800e0bc                CDC_Transmit_FS
 .text.CDC_TransmitCplt_FS
                0x0800e108       0x2c ./USB_DEVICE/App/usbd_cdc_if.o
 .text.USBD_FS_DeviceDescriptor
                0x0800e134       0x24 ./USB_DEVICE/App/usbd_desc.o
                0x0800e134                USBD_FS_DeviceDescriptor
 .text.USBD_FS_LangIDStrDescriptor
                0x0800e158       0x24 ./USB_DEVICE/App/usbd_desc.o
                0x0800e158                USBD_FS_LangIDStrDescriptor
 .text.USBD_FS_ProductStrDescriptor
                0x0800e17c       0x3c ./USB_DEVICE/App/usbd_desc.o
                0x0800e17c                USBD_FS_ProductStrDescriptor
 .text.USBD_FS_ManufacturerStrDescriptor
                0x0800e1b8       0x28 ./USB_DEVICE/App/usbd_desc.o
                0x0800e1b8                USBD_FS_ManufacturerStrDescriptor
 .text.USBD_FS_SerialStrDescriptor
                0x0800e1e0       0x24 ./USB_DEVICE/App/usbd_desc.o
                0x0800e1e0                USBD_FS_SerialStrDescriptor
 .text.USBD_FS_ConfigStrDescriptor
                0x0800e204       0x3c ./USB_DEVICE/App/usbd_desc.o
                0x0800e204                USBD_FS_ConfigStrDescriptor
 .text.USBD_FS_InterfaceStrDescriptor
                0x0800e240       0x3c ./USB_DEVICE/App/usbd_desc.o
                0x0800e240                USBD_FS_InterfaceStrDescriptor
 .text.Get_SerialNum
                0x0800e27c       0x58 ./USB_DEVICE/App/usbd_desc.o
 .text.IntToUnicode
                0x0800e2d4       0x7e ./USB_DEVICE/App/usbd_desc.o
 *fill*         0x0800e352        0x2 
 .text.HAL_PCD_MspInit
                0x0800e354       0xa8 ./USB_DEVICE/Target/usbd_conf.o
                0x0800e354                HAL_PCD_MspInit
 .text.HAL_PCD_SetupStageCallback
                0x0800e3fc       0x24 ./USB_DEVICE/Target/usbd_conf.o
                0x0800e3fc                HAL_PCD_SetupStageCallback
 .text.HAL_PCD_DataOutStageCallback
                0x0800e420       0x36 ./USB_DEVICE/Target/usbd_conf.o
                0x0800e420                HAL_PCD_DataOutStageCallback
 .text.HAL_PCD_DataInStageCallback
                0x0800e456       0x34 ./USB_DEVICE/Target/usbd_conf.o
                0x0800e456                HAL_PCD_DataInStageCallback
 .text.HAL_PCD_SOFCallback
                0x0800e48a       0x1c ./USB_DEVICE/Target/usbd_conf.o
                0x0800e48a                HAL_PCD_SOFCallback
 .text.HAL_PCD_ResetCallback
                0x0800e4a6       0x50 ./USB_DEVICE/Target/usbd_conf.o
                0x0800e4a6                HAL_PCD_ResetCallback
 *fill*         0x0800e4f6        0x2 
 .text.HAL_PCD_SuspendCallback
                0x0800e4f8       0x4c ./USB_DEVICE/Target/usbd_conf.o
                0x0800e4f8                HAL_PCD_SuspendCallback
 .text.HAL_PCD_ResumeCallback
                0x0800e544       0x1c ./USB_DEVICE/Target/usbd_conf.o
                0x0800e544                HAL_PCD_ResumeCallback
 .text.HAL_PCD_ISOOUTIncompleteCallback
                0x0800e560       0x24 ./USB_DEVICE/Target/usbd_conf.o
                0x0800e560                HAL_PCD_ISOOUTIncompleteCallback
 .text.HAL_PCD_ISOINIncompleteCallback
                0x0800e584       0x24 ./USB_DEVICE/Target/usbd_conf.o
                0x0800e584                HAL_PCD_ISOINIncompleteCallback
 .text.HAL_PCD_ConnectCallback
                0x0800e5a8       0x1c ./USB_DEVICE/Target/usbd_conf.o
                0x0800e5a8                HAL_PCD_ConnectCallback
 .text.HAL_PCD_DisconnectCallback
                0x0800e5c4       0x1c ./USB_DEVICE/Target/usbd_conf.o
                0x0800e5c4                HAL_PCD_DisconnectCallback
 .text.USBD_LL_Init
                0x0800e5e0       0x98 ./USB_DEVICE/Target/usbd_conf.o
                0x0800e5e0                USBD_LL_Init
 .text.USBD_LL_Start
                0x0800e678       0x36 ./USB_DEVICE/Target/usbd_conf.o
                0x0800e678                USBD_LL_Start
 .text.USBD_LL_OpenEP
                0x0800e6ae       0x4c ./USB_DEVICE/Target/usbd_conf.o
                0x0800e6ae                USBD_LL_OpenEP
 .text.USBD_LL_CloseEP
                0x0800e6fa       0x3e ./USB_DEVICE/Target/usbd_conf.o
                0x0800e6fa                USBD_LL_CloseEP
 .text.USBD_LL_StallEP
                0x0800e738       0x3e ./USB_DEVICE/Target/usbd_conf.o
                0x0800e738                USBD_LL_StallEP
 .text.USBD_LL_ClearStallEP
                0x0800e776       0x3e ./USB_DEVICE/Target/usbd_conf.o
                0x0800e776                USBD_LL_ClearStallEP
 .text.USBD_LL_IsStallEP
                0x0800e7b4       0x58 ./USB_DEVICE/Target/usbd_conf.o
                0x0800e7b4                USBD_LL_IsStallEP
 .text.USBD_LL_SetUSBAddress
                0x0800e80c       0x3e ./USB_DEVICE/Target/usbd_conf.o
                0x0800e80c                USBD_LL_SetUSBAddress
 .text.USBD_LL_Transmit
                0x0800e84a       0x42 ./USB_DEVICE/Target/usbd_conf.o
                0x0800e84a                USBD_LL_Transmit
 .text.USBD_LL_PrepareReceive
                0x0800e88c       0x42 ./USB_DEVICE/Target/usbd_conf.o
                0x0800e88c                USBD_LL_PrepareReceive
 .text.USBD_LL_GetRxDataSize
                0x0800e8ce       0x26 ./USB_DEVICE/Target/usbd_conf.o
                0x0800e8ce                USBD_LL_GetRxDataSize
 .text.USBD_static_malloc
                0x0800e8f4       0x1c ./USB_DEVICE/Target/usbd_conf.o
                0x0800e8f4                USBD_static_malloc
 .text.USBD_static_free
                0x0800e910       0x14 ./USB_DEVICE/Target/usbd_conf.o
                0x0800e910                USBD_static_free
 .text.USBD_Get_USB_Status
                0x0800e924       0x58 ./USB_DEVICE/Target/usbd_conf.o
                0x0800e924                USBD_Get_USB_Status
 .text.snprintf
                0x0800e97c       0x6c C:/ST/STM32CubeIDE_1.13.1/STM32CubeIDE/plugins/com.st.stm32cube.ide.mcu.externaltools.gnu-tools-for-stm32.13.3.rel1.win32_1.0.0.202411081344/tools/bin/../lib/gcc/arm-none-eabi/13.3.1/../../../../arm-none-eabi/lib/thumb/v7e-m+fp/hard\libc_nano.a(libc_a-snprintf.o)
                0x0800e97c                sniprintf
                0x0800e97c                snprintf
 .text.memset   0x0800e9e8       0x10 C:/ST/STM32CubeIDE_1.13.1/STM32CubeIDE/plugins/com.st.stm32cube.ide.mcu.externaltools.gnu-tools-for-stm32.13.3.rel1.win32_1.0.0.202411081344/tools/bin/../lib/gcc/arm-none-eabi/13.3.1/../../../../arm-none-eabi/lib/thumb/v7e-m+fp/hard\libc_nano.a(libc_a-memset.o)
                0x0800e9e8                memset
 .text.__errno  0x0800e9f8        0xc C:/ST/STM32CubeIDE_1.13.1/STM32CubeIDE/plugins/com.st.stm32cube.ide.mcu.externaltools.gnu-tools-for-stm32.13.3.rel1.win32_1.0.0.202411081344/tools/bin/../lib/gcc/arm-none-eabi/13.3.1/../../../../arm-none-eabi/lib/thumb/v7e-m+fp/hard\libc_nano.a(libc_a-errno.o)
                0x0800e9f8                __errno
 .text.__libc_init_array
                0x0800ea04       0x48 C:/ST/STM32CubeIDE_1.13.1/STM32CubeIDE/plugins/com.st.stm32cube.ide.mcu.externaltools.gnu-tools-for-stm32.13.3.rel1.win32_1.0.0.202411081344/tools/bin/../lib/gcc/arm-none-eabi/13.3.1/../../../../arm-none-eabi/lib/thumb/v7e-m+fp/hard\libc_nano.a(libc_a-init.o)
                0x0800ea04                __libc_init_array
 .text.__retarget_lock_acquire_recursive
                0x0800ea4c        0x2 C:/ST/STM32CubeIDE_1.13.1/STM32CubeIDE/plugins/com.st.stm32cube.ide.mcu.externaltools.gnu-tools-for-stm32.13.3.rel1.win32_1.0.0.202411081344/tools/bin/../lib/gcc/arm-none-eabi/13.3.1/../../../../arm-none-eabi/lib/thumb/v7e-m+fp/hard\libc_nano.a(libc_a-lock.o)
                0x0800ea4c                __retarget_lock_acquire_recursive
 .text.__retarget_lock_release_recursive
                0x0800ea4e        0x2 C:/ST/STM32CubeIDE_1.13.1/STM32CubeIDE/plugins/com.st.stm32cube.ide.mcu.externaltools.gnu-tools-for-stm32.13.3.rel1.win32_1.0.0.202411081344/tools/bin/../lib/gcc/arm-none-eabi/13.3.1/../../../../arm-none-eabi/lib/thumb/v7e-m+fp/hard\libc_nano.a(libc_a-lock.o)
                0x0800ea4e                __retarget_lock_release_recursive
 .text.memcpy   0x0800ea50       0x1c C:/ST/STM32CubeIDE_1.13.1/STM32CubeIDE/plugins/com.st.stm32cube.ide.mcu.externaltools.gnu-tools-for-stm32.13.3.rel1.win32_1.0.0.202411081344/tools/bin/../lib/gcc/arm-none-eabi/13.3.1/../../../../arm-none-eabi/lib/thumb/v7e-m+fp/hard\libc_nano.a(libc_a-memcpy-stub.o)
                0x0800ea50                memcpy
 .text._free_r  0x0800ea6c       0x94 C:/ST/STM32CubeIDE_1.13.1/STM32CubeIDE/plugins/com.st.stm32cube.ide.mcu.externaltools.gnu-tools-for-stm32.13.3.rel1.win32_1.0.0.202411081344/tools/bin/../lib/gcc/arm-none-eabi/13.3.1/../../../../arm-none-eabi/lib/thumb/v7e-m+fp/hard\libc_nano.a(libc_a-freer.o)
                0x0800ea6c                _free_r
 .text.sbrk_aligned
                0x0800eb00       0x44 C:/ST/STM32CubeIDE_1.13.1/STM32CubeIDE/plugins/com.st.stm32cube.ide.mcu.externaltools.gnu-tools-for-stm32.13.3.rel1.win32_1.0.0.202411081344/tools/bin/../lib/gcc/arm-none-eabi/13.3.1/../../../../arm-none-eabi/lib/thumb/v7e-m+fp/hard\libc_nano.a(libc_a-mallocr.o)
 .text._malloc_r
                0x0800eb44      0x100 C:/ST/STM32CubeIDE_1.13.1/STM32CubeIDE/plugins/com.st.stm32cube.ide.mcu.externaltools.gnu-tools-for-stm32.13.3.rel1.win32_1.0.0.202411081344/tools/bin/../lib/gcc/arm-none-eabi/13.3.1/../../../../arm-none-eabi/lib/thumb/v7e-m+fp/hard\libc_nano.a(libc_a-mallocr.o)
                0x0800eb44                _malloc_r
 .text.__malloc_lock
                0x0800ec44        0xc C:/ST/STM32CubeIDE_1.13.1/STM32CubeIDE/plugins/com.st.stm32cube.ide.mcu.externaltools.gnu-tools-for-stm32.13.3.rel1.win32_1.0.0.202411081344/tools/bin/../lib/gcc/arm-none-eabi/13.3.1/../../../../arm-none-eabi/lib/thumb/v7e-m+fp/hard\libc_nano.a(libc_a-mlock.o)
                0x0800ec44                __malloc_lock
 .text.__malloc_unlock
                0x0800ec50        0xc C:/ST/STM32CubeIDE_1.13.1/STM32CubeIDE/plugins/com.st.stm32cube.ide.mcu.externaltools.gnu-tools-for-stm32.13.3.rel1.win32_1.0.0.202411081344/tools/bin/../lib/gcc/arm-none-eabi/13.3.1/../../../../arm-none-eabi/lib/thumb/v7e-m+fp/hard\libc_nano.a(libc_a-mlock.o)
                0x0800ec50                __malloc_unlock
 .text.__ssputs_r
                0x0800ec5c       0xb6 C:/ST/STM32CubeIDE_1.13.1/STM32CubeIDE/plugins/com.st.stm32cube.ide.mcu.externaltools.gnu-tools-for-stm32.13.3.rel1.win32_1.0.0.202411081344/tools/bin/../lib/gcc/arm-none-eabi/13.3.1/../../../../arm-none-eabi/lib/thumb/v7e-m+fp/hard\libc_nano.a(libc_a-nano-svfprintf.o)
                0x0800ec5c                __ssputs_r
 *fill*         0x0800ed12        0x2 
 .text._svfprintf_r
                0x0800ed14      0x1f8 C:/ST/STM32CubeIDE_1.13.1/STM32CubeIDE/plugins/com.st.stm32cube.ide.mcu.externaltools.gnu-tools-for-stm32.13.3.rel1.win32_1.0.0.202411081344/tools/bin/../lib/gcc/arm-none-eabi/13.3.1/../../../../arm-none-eabi/lib/thumb/v7e-m+fp/hard\libc_nano.a(libc_a-nano-svfprintf.o)
                0x0800ed14                _svfiprintf_r
                0x0800ed14                _svfprintf_r
 .text._printf_common
                0x0800ef0c       0xda C:/ST/STM32CubeIDE_1.13.1/STM32CubeIDE/plugins/com.st.stm32cube.ide.mcu.externaltools.gnu-tools-for-stm32.13.3.rel1.win32_1.0.0.202411081344/tools/bin/../lib/gcc/arm-none-eabi/13.3.1/../../../../arm-none-eabi/lib/thumb/v7e-m+fp/hard\libc_nano.a(libc_a-nano-vfprintf_i.o)
                0x0800ef0c                _printf_common
 *fill*         0x0800efe6        0x2 
 .text._printf_i
                0x0800efe8      0x23c C:/ST/STM32CubeIDE_1.13.1/STM32CubeIDE/plugins/com.st.stm32cube.ide.mcu.externaltools.gnu-tools-for-stm32.13.3.rel1.win32_1.0.0.202411081344/tools/bin/../lib/gcc/arm-none-eabi/13.3.1/../../../../arm-none-eabi/lib/thumb/v7e-m+fp/hard\libc_nano.a(libc_a-nano-vfprintf_i.o)
                0x0800efe8                _printf_i
 .text.memmove  0x0800f224       0x34 C:/ST/STM32CubeIDE_1.13.1/STM32CubeIDE/plugins/com.st.stm32cube.ide.mcu.externaltools.gnu-tools-for-stm32.13.3.rel1.win32_1.0.0.202411081344/tools/bin/../lib/gcc/arm-none-eabi/13.3.1/../../../../arm-none-eabi/lib/thumb/v7e-m+fp/hard\libc_nano.a(libc_a-memmove.o)
                0x0800f224                memmove
 .text._sbrk_r  0x0800f258       0x20 C:/ST/STM32CubeIDE_1.13.1/STM32CubeIDE/plugins/com.st.stm32cube.ide.mcu.externaltools.gnu-tools-for-stm32.13.3.rel1.win32_1.0.0.202411081344/tools/bin/../lib/gcc/arm-none-eabi/13.3.1/../../../../arm-none-eabi/lib/thumb/v7e-m+fp/hard\libc_nano.a(libc_a-sbrkr.o)
                0x0800f258                _sbrk_r
 .text._realloc_r
                0x0800f278       0x5c C:/ST/STM32CubeIDE_1.13.1/STM32CubeIDE/plugins/com.st.stm32cube.ide.mcu.externaltools.gnu-tools-for-stm32.13.3.rel1.win32_1.0.0.202411081344/tools/bin/../lib/gcc/arm-none-eabi/13.3.1/../../../../arm-none-eabi/lib/thumb/v7e-m+fp/hard\libc_nano.a(libc_a-reallocr.o)
                0x0800f278                _realloc_r
 .text._malloc_usable_size_r
                0x0800f2d4       0x10 C:/ST/STM32CubeIDE_1.13.1/STM32CubeIDE/plugins/com.st.stm32cube.ide.mcu.externaltools.gnu-tools-for-stm32.13.3.rel1.win32_1.0.0.202411081344/tools/bin/../lib/gcc/arm-none-eabi/13.3.1/../../../../arm-none-eabi/lib/thumb/v7e-m+fp/hard\libc_nano.a(libc_a-msizer.o)
                0x0800f2d4                _malloc_usable_size_r
 *(.glue_7)
 .glue_7        0x0800f2e4        0x0 linker stubs
 *(.glue_7t)
 .glue_7t       0x0800f2e4        0x0 linker stubs
 *(.eh_frame)
 .eh_frame      0x0800f2e4        0x0 C:/ST/STM32CubeIDE_1.13.1/STM32CubeIDE/plugins/com.st.stm32cube.ide.mcu.externaltools.gnu-tools-for-stm32.13.3.rel1.win32_1.0.0.202411081344/tools/bin/../lib/gcc/arm-none-eabi/13.3.1/thumb/v7e-m+fp/hard/crtbegin.o
 *(.init)
 .init          0x0800f2e4        0x4 C:/ST/STM32CubeIDE_1.13.1/STM32CubeIDE/plugins/com.st.stm32cube.ide.mcu.externaltools.gnu-tools-for-stm32.13.3.rel1.win32_1.0.0.202411081344/tools/bin/../lib/gcc/arm-none-eabi/13.3.1/thumb/v7e-m+fp/hard/crti.o
                0x0800f2e4                _init
 .init          0x0800f2e8        0x8 C:/ST/STM32CubeIDE_1.13.1/STM32CubeIDE/plugins/com.st.stm32cube.ide.mcu.externaltools.gnu-tools-for-stm32.13.3.rel1.win32_1.0.0.202411081344/tools/bin/../lib/gcc/arm-none-eabi/13.3.1/thumb/v7e-m+fp/hard/crtn.o
 *(.fini)
 .fini          0x0800f2f0        0x4 C:/ST/STM32CubeIDE_1.13.1/STM32CubeIDE/plugins/com.st.stm32cube.ide.mcu.externaltools.gnu-tools-for-stm32.13.3.rel1.win32_1.0.0.202411081344/tools/bin/../lib/gcc/arm-none-eabi/13.3.1/thumb/v7e-m+fp/hard/crti.o
                0x0800f2f0                _fini
 .fini          0x0800f2f4        0x8 C:/ST/STM32CubeIDE_1.13.1/STM32CubeIDE/plugins/com.st.stm32cube.ide.mcu.externaltools.gnu-tools-for-stm32.13.3.rel1.win32_1.0.0.202411081344/tools/bin/../lib/gcc/arm-none-eabi/13.3.1/thumb/v7e-m+fp/hard/crtn.o
                0x0800f2fc                        . = ALIGN (0x4)
                0x0800f2fc                        _etext = .

.vfp11_veneer   0x0800f2fc        0x0
 .vfp11_veneer  0x0800f2fc        0x0 linker stubs

.v4_bx          0x0800f2fc        0x0
 .v4_bx         0x0800f2fc        0x0 linker stubs

.iplt           0x0800f2fc        0x0
 .iplt          0x0800f2fc        0x0 C:/ST/STM32CubeIDE_1.13.1/STM32CubeIDE/plugins/com.st.stm32cube.ide.mcu.externaltools.gnu-tools-for-stm32.13.3.rel1.win32_1.0.0.202411081344/tools/bin/../lib/gcc/arm-none-eabi/13.3.1/thumb/v7e-m+fp/hard/crtbegin.o

.rodata         0x0800f2fc      0x164
                0x0800f2fc                        . = ALIGN (0x4)
 *(.rodata)
 .rodata        0x0800f2fc       0x1f ./Core/Src/comm.o
 *fill*         0x0800f31b        0x1 
 .rodata        0x0800f31c       0x58 ./Core/Src/main.o
 .rodata        0x0800f374       0x46 ./USB_DEVICE/App/usbd_desc.o
 *(.rodata*)
 *fill*         0x0800f3ba        0x2 
 .rodata.board_configs
                0x0800f3bc       0x50 ./Core/Src/status_led.o
 .rodata.AHBPrescTable
                0x0800f40c       0x10 ./Core/Src/system_stm32f4xx.o
                0x0800f40c                AHBPrescTable
 .rodata.APBPrescTable
                0x0800f41c        0x8 ./Core/Src/system_stm32f4xx.o
                0x0800f41c                APBPrescTable
 .rodata.flagBitshiftOffset.0
                0x0800f424        0x8 ./Drivers/STM32F4xx_HAL_Driver/Src/stm32f4xx_hal_dma.o
 .rodata._svfprintf_r.str1.1
                0x0800f42c       0x33 C:/ST/STM32CubeIDE_1.13.1/STM32CubeIDE/plugins/com.st.stm32cube.ide.mcu.externaltools.gnu-tools-for-stm32.13.3.rel1.win32_1.0.0.202411081344/tools/bin/../lib/gcc/arm-none-eabi/13.3.1/../../../../arm-none-eabi/lib/thumb/v7e-m+fp/hard\libc_nano.a(libc_a-nano-svfprintf.o)
                                 0x11 (size before relaxing)
 .rodata._printf_i.str1.1
                0x0800f45f       0x22 C:/ST/STM32CubeIDE_1.13.1/STM32CubeIDE/plugins/com.st.stm32cube.ide.mcu.externaltools.gnu-tools-for-stm32.13.3.rel1.win32_1.0.0.202411081344/tools/bin/../lib/gcc/arm-none-eabi/13.3.1/../../../../arm-none-eabi/lib/thumb/v7e-m+fp/hard\libc_nano.a(libc_a-nano-vfprintf_i.o)
                0x0800f484                        . = ALIGN (0x4)
 *fill*         0x0800f45f        0x1 

.ARM.extab      0x0800f460        0x0
                0x0800f460                        . = ALIGN (0x4)
 *(.ARM.extab* .gnu.linkonce.armextab.*)
                0x0800f460                        . = ALIGN (0x4)

.ARM            0x0800f460        0x8
                0x0800f460                        . = ALIGN (0x4)
                0x0800f460                        __exidx_start = .
 *(.ARM.exidx*)
 .ARM.exidx     0x0800f460        0x8 C:/ST/STM32CubeIDE_1.13.1/STM32CubeIDE/plugins/com.st.stm32cube.ide.mcu.externaltools.gnu-tools-for-stm32.13.3.rel1.win32_1.0.0.202411081344/tools/bin/../lib/gcc/arm-none-eabi/13.3.1/../../../../arm-none-eabi/lib/thumb/v7e-m+fp/hard\libc_nano.a(libc_a-strlen.o)
 .ARM.exidx     0x0800f468        0x0 C:/ST/STM32CubeIDE_1.13.1/STM32CubeIDE/plugins/com.st.stm32cube.ide.mcu.externaltools.gnu-tools-for-stm32.13.3.rel1.win32_1.0.0.202411081344/tools/bin/../lib/gcc/arm-none-eabi/13.3.1/../../../../arm-none-eabi/lib/thumb/v7e-m+fp/hard\libc_nano.a(libc_a-memchr.o)
                                  0x8 (size before relaxing)
 .ARM.exidx     0x0800f468        0x0 C:/ST/STM32CubeIDE_1.13.1/STM32CubeIDE/plugins/com.st.stm32cube.ide.mcu.externaltools.gnu-tools-for-stm32.13.3.rel1.win32_1.0.0.202411081344/tools/bin/../lib/gcc/arm-none-eabi/13.3.1/thumb/v7e-m+fp/hard\libgcc.a(_udivmoddi4.o)
                                  0x8 (size before relaxing)
                0x0800f468                        __exidx_end = .
                0x0800f468                        . = ALIGN (0x4)

.preinit_array  0x0800f468        0x0
                0x0800f468                        . = ALIGN (0x4)
                0x0800f468                        PROVIDE (__preinit_array_start = .)
 *(.preinit_array*)
                0x0800f468                        PROVIDE (__preinit_array_end = .)
                0x0800f468                        . = ALIGN (0x4)

.init_array     0x0800f468        0x4
                0x0800f468                        . = ALIGN (0x4)
                0x0800f468                        PROVIDE (__init_array_start = .)
 *(SORT_BY_NAME(.init_array.*))
 *(.init_array*)
 .init_array    0x0800f468        0x4 C:/ST/STM32CubeIDE_1.13.1/STM32CubeIDE/plugins/com.st.stm32cube.ide.mcu.externaltools.gnu-tools-for-stm32.13.3.rel1.win32_1.0.0.202411081344/tools/bin/../lib/gcc/arm-none-eabi/13.3.1/thumb/v7e-m+fp/hard/crtbegin.o
                0x0800f46c                        PROVIDE (__init_array_end = .)
                0x0800f46c                        . = ALIGN (0x4)

.fini_array     0x0800f46c        0x4
                0x0800f46c                        . = ALIGN (0x4)
                [!provide]                        PROVIDE (__fini_array_start = .)
 *(SORT_BY_NAME(.fini_array.*))
 *(.fini_array*)
 .fini_array    0x0800f46c        0x4 C:/ST/STM32CubeIDE_1.13.1/STM32CubeIDE/plugins/com.st.stm32cube.ide.mcu.externaltools.gnu-tools-for-stm32.13.3.rel1.win32_1.0.0.202411081344/tools/bin/../lib/gcc/arm-none-eabi/13.3.1/thumb/v7e-m+fp/hard/crtbegin.o
                [!provide]                        PROVIDE (__fini_array_end = .)
                0x0800f470                        . = ALIGN (0x4)
                0x0800f470                        _sidata = LOADADDR (.data)

.rel.dyn        0x0800f470        0x0
 .rel.iplt      0x0800f470        0x0 C:/ST/STM32CubeIDE_1.13.1/STM32CubeIDE/plugins/com.st.stm32cube.ide.mcu.externaltools.gnu-tools-for-stm32.13.3.rel1.win32_1.0.0.202411081344/tools/bin/../lib/gcc/arm-none-eabi/13.3.1/thumb/v7e-m+fp/hard/crtbegin.o

.data           0x20000000      0x170 load address 0x0800f470
                0x20000000                        . = ALIGN (0x4)
                0x20000000                        _sdata = .
 *(.data)
 *(.data*)
 .data.debug_use_rs422
                0x20000000        0x1 ./Core/Src/comm.o
                0x20000000                debug_use_rs422
 *fill*         0x20000001        0x1 
 .data.rs422_de_normal_pin
                0x20000002        0x2 ./Core/Src/comm.o
 .data.rs422_de_reverse_pin
                0x20000004        0x2 ./Core/Src/comm.o
 .data.rs422_nre_normal_pin
                0x20000006        0x2 ./Core/Src/comm.o
 .data.rs422_nre_reverse_pin
                0x20000008        0x2 ./Core/Src/comm.o
 .data.rs422_de_pin
                0x2000000a        0x2 ./Core/Src/comm.o
 .data.load_app_slot
                0x2000000c        0x6 ./Core/Src/packet.o
 *fill*         0x20000012        0x2 
 .data.SystemCoreClock
                0x20000014        0x4 ./Core/Src/system_stm32f4xx.o
                0x20000014                SystemCoreClock
 .data.dhcp_xid
                0x20000018        0x4 ./Core/Src/w5500.o
 .data.static_ip
                0x2000001c        0x4 ./Core/Src/w5500.o
 .data.static_gateway
                0x20000020        0x4 ./Core/Src/w5500.o
 .data.static_subnet
                0x20000024        0x4 ./Core/Src/w5500.o
 .data.uwTickPrio
                0x20000028        0x4 ./Drivers/STM32F4xx_HAL_Driver/Src/stm32f4xx_hal.o
                0x20000028                uwTickPrio
 .data.uwTickFreq
                0x2000002c        0x1 ./Drivers/STM32F4xx_HAL_Driver/Src/stm32f4xx_hal.o
                0x2000002c                uwTickFreq
 *fill*         0x2000002d        0x3 
 .data.USBD_CDC_DeviceQualifierDesc
                0x20000030        0xa ./Middlewares/ST/STM32_USB_Device_Library/Class/CDC/Src/usbd_cdc.o
 *fill*         0x2000003a        0x2 
 .data.USBD_CDC
                0x2000003c       0x38 ./Middlewares/ST/STM32_USB_Device_Library/Class/CDC/Src/usbd_cdc.o
                0x2000003c                USBD_CDC
 .data.USBD_CDC_CfgDesc
                0x20000074       0x43 ./Middlewares/ST/STM32_USB_Device_Library/Class/CDC/Src/usbd_cdc.o
 .data.CDCInEpAdd
                0x200000b7        0x1 ./Middlewares/ST/STM32_USB_Device_Library/Class/CDC/Src/usbd_cdc.o
 .data.CDCOutEpAdd
                0x200000b8        0x1 ./Middlewares/ST/STM32_USB_Device_Library/Class/CDC/Src/usbd_cdc.o
 .data.CDCCmdEpAdd
                0x200000b9        0x1 ./Middlewares/ST/STM32_USB_Device_Library/Class/CDC/Src/usbd_cdc.o
 *fill*         0x200000ba        0x2 
 .data.USBD_Interface_fops_FS
                0x200000bc       0x14 ./USB_DEVICE/App/usbd_cdc_if.o
                0x200000bc                USBD_Interface_fops_FS
 .data.FS_Desc  0x200000d0       0x1c ./USB_DEVICE/App/usbd_desc.o
                0x200000d0                FS_Desc
 .data.USBD_FS_DeviceDesc
                0x200000ec       0x12 ./USB_DEVICE/App/usbd_desc.o
                0x200000ec                USBD_FS_DeviceDesc
 *fill*         0x200000fe        0x2 
 .data.USBD_LangIDDesc
                0x20000100        0x4 ./USB_DEVICE/App/usbd_desc.o
                0x20000100                USBD_LangIDDesc
 .data.USBD_StringSerial
                0x20000104       0x1a ./USB_DEVICE/App/usbd_desc.o
                0x20000104                USBD_StringSerial
 *fill*         0x2000011e        0x2 
 .data._impure_ptr
                0x20000120        0x4 C:/ST/STM32CubeIDE_1.13.1/STM32CubeIDE/plugins/com.st.stm32cube.ide.mcu.externaltools.gnu-tools-for-stm32.13.3.rel1.win32_1.0.0.202411081344/tools/bin/../lib/gcc/arm-none-eabi/13.3.1/../../../../arm-none-eabi/lib/thumb/v7e-m+fp/hard\libc_nano.a(libc_a-impure.o)
                0x20000120                _impure_ptr
 .data._impure_data
                0x20000124       0x4c C:/ST/STM32CubeIDE_1.13.1/STM32CubeIDE/plugins/com.st.stm32cube.ide.mcu.externaltools.gnu-tools-for-stm32.13.3.rel1.win32_1.0.0.202411081344/tools/bin/../lib/gcc/arm-none-eabi/13.3.1/../../../../arm-none-eabi/lib/thumb/v7e-m+fp/hard\libc_nano.a(libc_a-impure.o)
                0x20000124                _impure_data
 *(.RamFunc)
 *(.RamFunc*)
                0x20000170                        . = ALIGN (0x4)
                0x20000170                        _edata = .
                0x0800f5e0                        _siccmram = LOADADDR (.ccmram)

.igot.plt       0x20000170        0x0 load address 0x0800f5e0
 .igot.plt      0x20000170        0x0 C:/ST/STM32CubeIDE_1.13.1/STM32CubeIDE/plugins/com.st.stm32cube.ide.mcu.externaltools.gnu-tools-for-stm32.13.3.rel1.win32_1.0.0.202411081344/tools/bin/../lib/gcc/arm-none-eabi/13.3.1/thumb/v7e-m+fp/hard/crtbegin.o

.ccmram         0x10000000        0x0 load address 0x0800f5e0
                0x10000000                        . = ALIGN (0x4)
                0x10000000                        _sccmram = .
 *(.ccmram)
 *(.ccmram*)
                0x10000000                        . = ALIGN (0x4)
                0x10000000                        _eccmram = .
                0x10000000                        . = ALIGN (0x4)

.bss            0x20000170     0x4a7c
                0x20000170                        _sbss = .
                0x20000170                        __bss_start__ = _sbss
 *(.bss)
 .bss           0x20000170       0x1c C:/ST/STM32CubeIDE_1.13.1/STM32CubeIDE/plugins/com.st.stm32cube.ide.mcu.externaltools.gnu-tools-for-stm32.13.3.rel1.win32_1.0.0.202411081344/tools/bin/../lib/gcc/arm-none-eabi/13.3.1/thumb/v7e-m+fp/hard/crtbegin.o
 *(.bss*)
 .bss.board     0x2000018c        0x1 ./Core/Src/aio.o
 *fill*         0x2000018d        0x3 
 .bss.curAInVals
                0x20000190       0x40 ./Core/Src/aio.o
                0x20000190                curAInVals
 .bss.curInCount
                0x200001d0        0x1 ./Core/Src/aio.o
                0x200001d0                curInCount
 .bss.curOutCount
                0x200001d1        0x1 ./Core/Src/aio.o
                0x200001d1                curOutCount
 *fill*         0x200001d2        0x2 
 .bss.apps      0x200001d4      0xcf0 ./Core/Src/app.o
                0x200001d4                apps
 .bss.rs422_mode
                0x20000ec4        0x1 ./Core/Src/bridge.o
 .bss.eth_mode  0x20000ec5        0x1 ./Core/Src/bridge.o
 .bss.usb_mode  0x20000ec6        0x1 ./Core/Src/bridge.o
 .bss.usb_tx_busy
                0x20000ec7        0x1 ./Core/Src/comm.o
                0x20000ec7                usb_tx_busy
 .bss.rx_buf    0x20000ec8      0x624 ./Core/Src/comm.o
 .bss.my_node_id
                0x200014ec        0x1 ./Core/Src/comm.o
 .bss.crossover
                0x200014ed        0x1 ./Core/Src/comm.o
 *fill*         0x200014ee        0x2 
 .bss.rx_dma_buffer
                0x200014f0        0x1 ./Core/Src/comm.o
 *fill*         0x200014f1        0x3 
 .bss.rs422_tx_queue
                0x200014f4      0x800 ./Core/Src/comm.o
 .bss.rs422_tx_head
                0x20001cf4        0x2 ./Core/Src/comm.o
 .bss.rs422_tx_tail
                0x20001cf6        0x2 ./Core/Src/comm.o
 .bss.rs422_tx_active
                0x20001cf8        0x1 ./Core/Src/comm.o
 .bss.dhcp_done
                0x20001cf9        0x1 ./Core/Src/comm.o
 *fill*         0x20001cfa        0x2 
 .bss.last_keep.0
                0x20001cfc       0x10 ./Core/Src/comm.o
 .bss.board     0x20001d0c        0x1 ./Core/Src/dio.o
 *fill*         0x20001d0d        0x3 
 .bss.outputBankCurVal
                0x20001d10        0x3 ./Core/Src/dio.o
 *fill*         0x20001d13        0x1 
 .bss.hadc1     0x20001d14       0x48 ./Core/Src/main.o
                0x20001d14                hadc1
 .bss.hdac      0x20001d5c       0x14 ./Core/Src/main.o
                0x20001d5c                hdac
 .bss.hrtc      0x20001d70       0x20 ./Core/Src/main.o
                0x20001d70                hrtc
 .bss.hspi1     0x20001d90       0x58 ./Core/Src/main.o
                0x20001d90                hspi1
 .bss.hspi2     0x20001de8       0x58 ./Core/Src/main.o
                0x20001de8                hspi2
 .bss.htim5     0x20001e40       0x48 ./Core/Src/main.o
                0x20001e40                htim5
 .bss.huart4    0x20001e88       0x48 ./Core/Src/main.o
                0x20001e88                huart4
 .bss.huart1    0x20001ed0       0x48 ./Core/Src/main.o
                0x20001ed0                huart1
 .bss.huart3    0x20001f18       0x48 ./Core/Src/main.o
                0x20001f18                huart3
 .bss.hdma_usart3_tx
                0x20001f60       0x60 ./Core/Src/main.o
                0x20001f60                hdma_usart3_tx
 .bss.hdma_usart3_rx
                0x20001fc0       0x60 ./Core/Src/main.o
                0x20001fc0                hdma_usart3_rx
 .bss.board     0x20002020        0x1 ./Core/Src/main.o
 .bss.node_id   0x20002021        0x1 ./Core/Src/main.o
 .bss.node_id   0x20002022        0x1 ./Core/Src/packet.o
 *fill*         0x20002023        0x1 
 .bss.rx_state  0x20002024      0xc24 ./Core/Src/packet.o
 .bss.load_next_line
                0x20002c48        0x6 ./Core/Src/packet.o
 *fill*         0x20002c4e        0x2 
 .bss.g         0x20002c50       0x1c ./Core/Src/status_led.o
 .bss.__sbrk_heap_end
                0x20002c6c        0x4 ./Core/Src/sysmem.o
 .bss.dhcp_buffer
                0x20002c70      0x240 ./Core/Src/w5500.o
 .bss.dhcp_state
                0x20002eb0        0x1 ./Core/Src/w5500.o
 *fill*         0x20002eb1        0x3 
 .bss.dhcp_tick
                0x20002eb4        0x4 ./Core/Src/w5500.o
 .bss.ip_mode   0x20002eb8        0x1 ./Core/Src/w5500.o
 *fill*         0x20002eb9        0x3 
 .bss.uwTick    0x20002ebc        0x4 ./Drivers/STM32F4xx_HAL_Driver/Src/stm32f4xx_hal.o
                0x20002ebc                uwTick
 .bss.cfgidx.0  0x20002ec0        0x1 ./Middlewares/ST/STM32_USB_Device_Library/Core/Src/usbd_ctlreq.o
 *fill*         0x20002ec1        0x3 
 .bss.hUsbDeviceFS
                0x20002ec4      0x2dc ./USB_DEVICE/App/usb_device.o
                0x20002ec4                hUsbDeviceFS
 .bss.UserRxBufferFS
                0x200031a0      0x800 ./USB_DEVICE/App/usbd_cdc_if.o
                0x200031a0                UserRxBufferFS
 .bss.UserTxBufferFS
                0x200039a0      0x800 ./USB_DEVICE/App/usbd_cdc_if.o
                0x200039a0                UserTxBufferFS
 .bss.USBD_StrDesc
                0x200041a0      0x200 ./USB_DEVICE/App/usbd_desc.o
                0x200041a0                USBD_StrDesc
 .bss.hpcd_USB_OTG_FS
                0x200043a0      0x4e4 ./USB_DEVICE/Target/usbd_conf.o
                0x200043a0                hpcd_USB_OTG_FS
 .bss.mem.0     0x20004884      0x220 ./USB_DEVICE/Target/usbd_conf.o
 .bss.__sf      0x20004aa4      0x138 C:/ST/STM32CubeIDE_1.13.1/STM32CubeIDE/plugins/com.st.stm32cube.ide.mcu.externaltools.gnu-tools-for-stm32.13.3.rel1.win32_1.0.0.202411081344/tools/bin/../lib/gcc/arm-none-eabi/13.3.1/../../../../arm-none-eabi/lib/thumb/v7e-m+fp/hard\libc_nano.a(libc_a-findfp.o)
                0x20004aa4                __sf
 .bss.errno     0x20004bdc        0x4 C:/ST/STM32CubeIDE_1.13.1/STM32CubeIDE/plugins/com.st.stm32cube.ide.mcu.externaltools.gnu-tools-for-stm32.13.3.rel1.win32_1.0.0.202411081344/tools/bin/../lib/gcc/arm-none-eabi/13.3.1/../../../../arm-none-eabi/lib/thumb/v7e-m+fp/hard\libc_nano.a(libc_a-reent.o)
                0x20004bdc                errno
 .bss.__lock___malloc_recursive_mutex
                0x20004be0        0x1 C:/ST/STM32CubeIDE_1.13.1/STM32CubeIDE/plugins/com.st.stm32cube.ide.mcu.externaltools.gnu-tools-for-stm32.13.3.rel1.win32_1.0.0.202411081344/tools/bin/../lib/gcc/arm-none-eabi/13.3.1/../../../../arm-none-eabi/lib/thumb/v7e-m+fp/hard\libc_nano.a(libc_a-lock.o)
                0x20004be0                __lock___malloc_recursive_mutex
 *fill*         0x20004be1        0x3 
 .bss.__malloc_sbrk_start