../Core/Src/user_config.c:18:17:crc32_update	24	static
../Core/Src/user_config.c:30:17:crc32_calc	24	static
../Core/Src/user_config.c:39:6:config_set_defaults	32	static
../Core/Src/user_config.c:101:6:config_init	24	static
../Core/Src/user_config.c:124:21:config_get	4	static
../Core/Src/user_config.c:129:16:config_get_state	4	static
../Core/Src/user_config.c:134:6:config_mark_dirty	4	static
../Core/Src/user_config.c:141:6:config_save	1616	static
../Core/Src/user_config.c:189:6:config_revert	8	static
../Core/Src/user_config.c:195:6:config_validate_io_names	16	static
