../Core/Inc/w5500.h:77:20:_w5500_select	8	static
../Core/Inc/w5500.h:78:20:_w5500_deselect	8	static
../Core/Inc/w5500.h:80:20:w5500_write	32	static
../Core/Inc/w5500.h:88:20:w5500_read_raw	32	static
../Core/Inc/w5500.h:124:23:w5500_socket_read_byte	24	static
../Core/Inc/w5500.h:131:20:w5500_socket_write_byte	24	static
../Core/Src/webserver.c:96:6:webserver_init	16	static
../Core/Src/webserver.c:105:13:http_socket_open	24	static
../Core/Src/webserver.c:127:6:webserver_task	16	static
../Core/Src/webserver.c:134:13:http_conn_process	24	static
../Core/Src/webserver.c:212:13:http_find_header_end	24	static
../Core/Src/webserver.c:224:13:http_parse_request	40	static
../Core/Src/webserver.c:274:13:http_route_request	24	static
../Core/Src/webserver.c:317:13:http_build_header	40	static
../Core/Src/webserver.c:330:13:http_serve_static	32	static
../Core/Src/webserver.c:338:13:http_serve_json	32	static
../Core/Src/webserver.c:345:13:http_serve_json_ok	24	static
../Core/Src/webserver.c:351:13:http_serve_redirect	16	static
../Core/Src/webserver.c:363:13:http_serve_404	24	static
../Core/Src/webserver.c:372:13:http_send_chunk	32	static
../Core/Src/webserver.c:403:13:http_handle_status_json	72	static
../Core/Src/webserver.c:471:13:http_handle_config_get	248	static
../Core/Src/webserver.c:530:13:json_find_string	72	static
../Core/Src/webserver.c:546:13:json_find_int	64	static
../Core/Src/webserver.c:558:13:json_find_bool	64	static
../Core/Src/webserver.c:570:13:json_find_ip	72	static
../Core/Src/webserver.c:582:13:http_handle_config_post	48	static
../Core/Src/webserver.c:625:13:http_handle_config_save	24	static
../Core/Src/webserver.c:631:13:http_handle_config_revert	16	static
../Core/Src/webserver.c:637:13:http_handle_toggle	32	static
../Core/Src/webserver.c:651:13:http_handle_info_json	88	static
../Core/Src/webserver.c:677:13:http_handle_app_control	24	static
