Archive member included to satisfy reference by file (symbol)

C:/ST/STM32CubeIDE_2.0.0/STM32CubeIDE/plugins/com.st.stm32cube.ide.mcu.externaltools.gnu-tools-for-stm32.13.3.rel1.win32_1.0.100.202509120712/tools/bin/../lib/gcc/arm-none-eabi/13.3.1/../../../../arm-none-eabi/lib/thumb/v7e-m+fp/hard\libc_nano.a(libc_a-atoi.o)
                              ./Core/Src/webserver.o (atoi)
C:/ST/STM32CubeIDE_2.0.0/STM32CubeIDE/plugins/com.st.stm32cube.ide.mcu.externaltools.gnu-tools-for-stm32.13.3.rel1.win32_1.0.100.202509120712/tools/bin/../lib/gcc/arm-none-eabi/13.3.1/../../../../arm-none-eabi/lib/thumb/v7e-m+fp/hard\libc_nano.a(libc_a-exit.o)
                              C:/ST/STM32CubeIDE_2.0.0/STM32CubeIDE/plugins/com.st.stm32cube.ide.mcu.externaltools.gnu-tools-for-stm32.13.3.rel1.win32_1.0.100.202509120712/tools/bin/../lib/gcc/arm-none-eabi/13.3.1/../../../../arm-none-eabi/lib/thumb/v7e-m+fp/hard/crt0.o (exit)
C:/ST/STM32CubeIDE_2.0.0/STM32CubeIDE/plugins/com.st.stm32cube.ide.mcu.externaltools.gnu-tools-for-stm32.13.3.rel1.win32_1.0.100.202509120712/tools/bin/../lib/gcc/arm-none-eabi/13.3.1/../../../../arm-none-eabi/lib/thumb/v7e-m+fp/hard\libc_nano.a(libc_a-strtol.o)
                              C:/ST/STM32CubeIDE_2.0.0/STM32CubeIDE/plugins/com.st.stm32cube.ide.mcu.externaltools.gnu-tools-for-stm32.13.3.rel1.win32_1.0.100.202509120712/tools/bin/../lib/gcc/arm-none-eabi/13.3.1/../../../../arm-none-eabi/lib/thumb/v7e-m+fp/hard\libc_nano.a(libc_a-atoi.o) (_strtol_r)
C:/ST/STM32CubeIDE_2.0.0/STM32CubeIDE/plugins/com.st.stm32cube.ide.mcu.externaltools.gnu-tools-for-stm32.13.3.rel1.win32_1.0.100.202509120712/tools/bin/../lib/gcc/arm-none-eabi/13.3.1/../../../../arm-none-eabi/lib/thumb/v7e-m+fp/hard\libc_nano.a(libc_a-ctype_.o)
                              C:/ST/STM32CubeIDE_2.0.0/STM32CubeIDE/plugins/com.st.stm32cube.ide.mcu.externaltools.gnu-tools-for-stm32.13.3.rel1.win32_1.0.100.202509120712/tools/bin/../lib/gcc/arm-none-eabi/13.3.1/../../../../arm-none-eabi/lib/thumb/v7e-m+fp/hard\libc_nano.a(libc_a-strtol.o) (_ctype_)
C:/ST/STM32CubeIDE_2.0.0/STM32CubeIDE/plugins/com.st.stm32cube.ide.mcu.externaltools.gnu-tools-for-stm32.13.3.rel1.win32_1.0.100.202509120712/tools/bin/../lib/gcc/arm-none-eabi/13.3.1/../../../../arm-none-eabi/lib/thumb/v7e-m+fp/hard\libc_nano.a(libc_a-findfp.o)
                              C:/ST/STM32CubeIDE_2.0.0/STM32CubeIDE/plugins/com.st.stm32cube.ide.mcu.externaltools.gnu-tools-for-stm32.13.3.rel1.win32_1.0.100.202509120712/tools/bin/../lib/gcc/arm-none-eabi/13.3.1/../../../../arm-none-eabi/lib/thumb/v7e-m+fp/hard\libc_nano.a(libc_a-exit.o) (__stdio_exit_handler)
C:/ST/STM32CubeIDE_2.0.0/STM32CubeIDE/plugins/com.st.stm32cube.ide.mcu.externaltools.gnu-tools-for-stm32.13.3.rel1.win32_1.0.100.202509120712/tools/bin/../lib/gcc/arm-none-eabi/13.3.1/../../../../arm-none-eabi/lib/thumb/v7e-m+fp/hard\libc_nano.a(libc_a-fwalk.o)
                              C:/ST/STM32CubeIDE_2.0.0/STM32CubeIDE/plugins/com.st.stm32cube.ide.mcu.externaltools.gnu-tools-for-stm32.13.3.rel1.win32_1.0.100.202509120712/tools/bin/../lib/gcc/arm-none-eabi/13.3.1/../../../../arm-none-eabi/lib/thumb/v7e-m+fp/hard\libc_nano.a(libc_a-findfp.o) (_fwalk_sglue)
C:/ST/STM32CubeIDE_2.0.0/STM32CubeIDE/plugins/com.st.stm32cube.ide.mcu.externaltools.gnu-tools-for-stm32.13.3.rel1.win32_1.0.100.202509120712/tools/bin/../lib/gcc/arm-none-eabi/13.3.1/../../../../arm-none-eabi/lib/thumb/v7e-m+fp/hard\libc_nano.a(libc_a-snprintf.o)
                              ./Core/Src/main.o (snprintf)
C:/ST/STM32CubeIDE_2.0.0/STM32CubeIDE/plugins/com.st.stm32cube.ide.mcu.externaltools.gnu-tools-for-stm32.13.3.rel1.win32_1.0.100.202509120712/tools/bin/../lib/gcc/arm-none-eabi/13.3.1/../../../../arm-none-eabi/lib/thumb/v7e-m+fp/hard\libc_nano.a(libc_a-sscanf.o)
                              ./Core/Src/webserver.o (sscanf)
C:/ST/STM32CubeIDE_2.0.0/STM32CubeIDE/plugins/com.st.stm32cube.ide.mcu.externaltools.gnu-tools-for-stm32.13.3.rel1.win32_1.0.100.202509120712/tools/bin/../lib/gcc/arm-none-eabi/13.3.1/../../../../arm-none-eabi/lib/thumb/v7e-m+fp/hard\libc_nano.a(libc_a-stdio.o)
                              C:/ST/STM32CubeIDE_2.0.0/STM32CubeIDE/plugins/com.st.stm32cube.ide.mcu.externaltools.gnu-tools-for-stm32.13.3.rel1.win32_1.0.100.202509120712/tools/bin/../lib/gcc/arm-none-eabi/13.3.1/../../../../arm-none-eabi/lib/thumb/v7e-m+fp/hard\libc_nano.a(libc_a-findfp.o) (__sread)
C:/ST/STM32CubeIDE_2.0.0/STM32CubeIDE/plugins/com.st.stm32cube.ide.mcu.externaltools.gnu-tools-for-stm32.13.3.rel1.win32_1.0.100.202509120712/tools/bin/../lib/gcc/arm-none-eabi/13.3.1/../../../../arm-none-eabi/lib/thumb/v7e-m+fp/hard\libc_nano.a(libc_a-memcmp.o)
                              ./Core/Src/user_config.o (memcmp)
[...]
Memory Configuration

Name             Origin             Length             Attributes
CCMRAM           0x10000000         0x00010000         xrw
RAM              0x20000000         0x00030000         xrw
FLASH            0x08000000         0x00200000         xr
*default*        0x00000000         0xffffffff

Linker script and memory map

LOAD C:/ST/STM32CubeIDE_2.0.0/STM32CubeIDE/plugins/com.st.stm32cube.ide.mcu.externaltools.gnu-tools-for-stm32.13.3.rel1.win32_1.0.100.202509120712/tools/bin/../lib/gcc/arm-none-eabi/13.3.1/thumb/v7e-m+fp/hard/crti.o
LOAD C:/ST/STM32CubeIDE_2.0.0/STM32CubeIDE/plugins/com.st.stm32cube.ide.mcu.externaltools.gnu-tools-for-stm32.13.3.rel1.win32_1.0.100.202509120712/tools/bin/../lib/gcc/arm-none-eabi/13.3.1/thumb/v7e-m+fp/hard/crtbegin.o
LOAD C:/ST/STM32CubeIDE_2.0.0/STM32CubeIDE/plugins/com.st.stm32cube.ide.mcu.externaltools.gnu-tools-for-stm32.13.3.rel1.win32_1.0.100.202509120712/tools/bin/../lib/gcc/arm-none-eabi/13.3.1/../../../../arm-none-eabi/lib/thumb/v7e-m+fp/hard/crt0.o
LOAD ./Core/Src/aio.o
LOAD ./Core/Src/app.o
LOAD ./Core/Src/board_id.o
LOAD ./Core/Src/bridge.o
LOAD ./Core/Src/comm.o
LOAD ./Core/Src/dio.o
LOAD ./Core/Src/main.o
LOAD ./Core/Src/node_id.o
LOAD ./Core/Src/packet.o
LOAD ./Core/Src/status_led.o
LOAD ./Core/Src/stm32f4xx_hal_msp.o
LOAD ./Core/Src/stm32f4xx_it.o
LOAD ./Core/Src/syscalls.o
LOAD ./Core/Src/sysmem.o
LOAD ./Core/Src/system_stm32f4xx.o
LOAD ./Core/Src/user_config.o
LOAD ./Core/Src/w5500.o
LOAD ./Core/Src/web_content.o
LOAD ./Core/Src/webserver.o
LOAD ./Core/Startup/startup_stm32f427vitx.o
LOAD ./Drivers/STM32F4xx_HAL_Driver/Src/stm32f4xx_hal.o
LOAD ./Drivers/STM32F4xx_HAL_Driver/Src/stm32f4xx_hal_adc.o
LOAD ./Drivers/STM32F4xx_HAL_Driver/Src/stm32f4xx_hal_adc_ex.o
LOAD ./Drivers/STM32F4xx_HAL_Driver/Src/stm32f4xx_hal_cortex.o
LOAD ./Drivers/STM32F4xx_HAL_Driver/Src/stm32f4xx_hal_dac.o
LOAD ./Drivers/STM32F4xx_HAL_Driver/Src/stm32f4xx_hal_dac_ex.o
LOAD ./Drivers/STM32F4xx_HAL_Driver/Src/stm32f4xx_hal_dma.o
LOAD ./Drivers/STM32F4xx_HAL_Driver/Src/stm32f4xx_hal_dma_ex.o
LOAD ./Drivers/STM32F4xx_HAL_Driver/Src/stm32f4xx_hal_exti.o
LOAD ./Drivers/STM32F4xx_HAL_Driver/Src/stm32f4xx_hal_flash.o
LOAD ./Drivers/STM32F4xx_HAL_Driver/Src/stm32f4xx_hal_flash_ex.o
LOAD ./Drivers/STM32F4xx_HAL_Driver/Src/stm32f4xx_hal_flash_ramfunc.o
LOAD ./Drivers/STM32F4xx_HAL_Driver/Src/stm32f4xx_hal_gpio.o
LOAD ./Drivers/STM32F4xx_HAL_Driver/Src/stm32f4xx_hal_pcd.o
LOAD ./Drivers/STM32F4xx_HAL_Driver/Src/stm32f4xx_hal_pcd_ex.o
LOAD ./Drivers/STM32F4xx_HAL_Driver/Src/stm32f4xx_hal_pwr.o
LOAD ./Drivers/STM32F4xx_HAL_Driver/Src/stm32f4xx_hal_pwr_ex.o
LOAD ./Drivers/STM32F4xx_HAL_Driver/Src/stm32f4xx_hal_rcc.o
LOAD ./Drivers/STM32F4xx_HAL_Driver/Src/stm32f4xx_hal_rcc_ex.o
LOAD ./Drivers/STM32F4xx_HAL_Driver/Src/stm32f4xx_hal_rtc.o
LOAD ./Drivers/STM32F4xx_HAL_Driver/Src/stm32f4xx_hal_rtc_ex.o
LOAD ./Drivers/STM32F4xx_HAL_Driver/Src/stm32f4xx_hal_spi.o
LOAD ./Drivers/STM32F4xx_HAL_Driver/Src/stm32f4xx_hal_tim.o
LOAD ./Drivers/STM32F4xx_HAL_Driver/Src/stm32f4xx_hal_tim_ex.o
LOAD ./Drivers/STM32F4xx_HAL_Driver/Src/stm32f4xx_hal_uart.o
LOAD ./Drivers/STM32F4xx_HAL_Driver/Src/stm32f4xx_ll_adc.o
LOAD ./Drivers/STM32F4xx_HAL_Driver/Src/stm32f4xx_ll_usb.o
LOAD ./Middlewares/ST/STM32_USB_Device_Library/Class/CDC/Src/usbd_cdc.o
LOAD ./Middlewares/ST/STM32_USB_Device_Library/Core/Src/usbd_core.o
LOAD ./Middlewares/ST/STM32_USB_Device_Library/Core/Src/usbd_ctlreq.o
LOAD ./Middlewares/ST/STM32_USB_Device_Library/Core/Src/usbd_ioreq.o
LOAD ./USB_DEVICE/App/usb_device.o
LOAD ./USB_DEVICE/App/usbd_cdc_if.o
LOAD ./USB_DEVICE/App/usbd_desc.o
LOAD ./USB_DEVICE/Target/usbd_conf.o
START GROUP
LOAD C:/ST/STM32CubeIDE_2.0.0/STM32CubeIDE/plugins/com.st.stm32cube.ide.mcu.externaltools.gnu-tools-for-stm32.13.3.rel1.win32_1.0.100.202509120712/tools/bin/../lib/gcc/arm-none-eabi/13.3.1/../../../../arm-none-eabi/lib/thumb/v7e-m+fp/hard\libc_nano.a
LOAD C:/ST/STM32CubeIDE_2.0.0/STM32CubeIDE/plugins/com.st.stm32cube.ide.mcu.externaltools.gnu-tools-for-stm32.13.3.rel1.win32_1.0.100.202509120712/tools/bin/../lib/gcc/arm-none-eabi/13.3.1/../../../../arm-none-eabi/lib/thumb/v7e-m+fp/hard\libm.a
END GROUP
START GROUP
LOAD C:/ST/STM32CubeIDE_2.0.0/STM32CubeIDE/plugins/com.st.stm32cube.ide.mcu.externaltools.gnu-tools-for-stm32.13.3.rel1.win32_1.0.100.202509120712/tools/bin/../lib/gcc/arm-none-eabi/13.3.1/thumb/v7e-m+fp/hard\libgcc.a
LOAD C:/ST/STM32CubeIDE_2.0.0/STM32CubeIDE/plugins/com.st.stm32cube.ide.mcu.externaltools.gnu-tools-for-stm32.13.3.rel1.win32_1.0.100.202509120712/tools/bin/../lib/gcc/arm-none-eabi/13.3.1/../../../../arm-none-eabi/lib/thumb/v7e-m+fp/hard\libc_nano.a
END GROUP
START GROUP
LOAD C:/ST/STM32CubeIDE_2.0.0/STM32CubeIDE/plugins/com.st.stm32cube.ide.mcu.externaltools.gnu-tools-for-stm32.13.3.rel1.win32_1.0.100.202509120712/tools/bin/../lib/gcc/arm-none-eabi/13.3.1/thumb/v7e-m+fp/hard\libgcc.a
LOAD C:/ST/STM32CubeIDE_2.0.0/STM32CubeIDE/plugins/com.st.stm32cube.ide.mcu.externaltools.gnu-tools-for-stm32.13.3.rel1.win32_1.0.100.202509120712/tools/bin/../lib/gcc/arm-none-eabi/13.3.1/../../../../arm-none-eabi/lib/thumb/v7e-m+fp/hard\libc_nano.a
LOAD C:/ST/STM32CubeIDE_2.0.0/STM32CubeIDE/plugins/com.st.stm32cube.ide.mcu.externaltools.gnu-tools-for-stm32.13.3.rel1.win32_1.0.100.202509120712/tools/bin/../lib/gcc/arm-none-eabi/13.3.1/../../../../arm-none-eabi/lib/thumb/v7e-m+fp/hard\libnosys.a
END GROUP
START GROUP
LOAD C:/ST/STM32CubeIDE_2.0.0/STM32CubeIDE/plugins/com.st.stm32cube.ide.mcu.externaltools.gnu-tools-for-stm32.13.3.rel1.win32_1.0.100.202509120712/tools/bin/../lib/gcc/arm-none-eabi/13.3.1/thumb/v7e-m+fp/hard\libgcc.a
LOAD C:/ST/STM32CubeIDE_2.0.0/STM32CubeIDE/plugins/com.st.stm32cube.ide.mcu.externaltools.gnu-tools-for-stm32.13.3.rel1.win32_1.0.100.202509120712/tools/bin/../lib/gcc/arm-none-eabi/13.3.1/../../../../arm-none-eabi/lib/thumb/v7e-m+fp/hard\libc_nano.a
LOAD C:/ST/STM32CubeIDE_2.0.0/STM32CubeIDE/plugins/com.st.stm32cube.ide.mcu.externaltools.gnu-tools-for-stm32.13.3.rel1.win32_1.0.100.202509120712/tools/bin/../lib/gcc/arm-none-eabi/13.3.1/../../../../arm-none-eabi/lib/thumb/v7e-m+fp/hard\libnosys.a
END GROUP
LOAD C:/ST/STM32CubeIDE_2.0.0/STM32CubeIDE/plugins/com.st.stm32cube.ide.mcu.externaltools.gnu-tools-for-stm32.13.3.rel1.win32_1.0.100.202509120712/tools/bin/../lib/gcc/arm-none-eabi/13.3.1/thumb/v7e-m+fp/hard/crtend.o
LOAD C:/ST/STM32CubeIDE_2.0.0/STM32CubeIDE/plugins/com.st.stm32cube.ide.mcu.externaltools.gnu-tools-for-stm32.13.3.rel1.win32_1.0.100.202509120712/tools/bin/../lib/gcc/arm-none-eabi/13.3.1/thumb/v7e-m+fp/hard/crtn.o
                0x20030000                        _estack = (ORIGIN (RAM) + LENGTH (RAM))
                0x00000200                        _Min_Heap_Size = 0x200
                0x00000400                        _Min_Stack_Size = 0x400

.isr_vector     0x08000000      0x1ac
                0x08000000                        . = ALIGN (0x4)
 *(.isr_vector)
 .isr_vector    0x08000000      0x1ac ./Core/Startup/startup_stm32f427vitx.o
                0x08000000                g_pfnVectors
                0x080001ac                        . = ALIGN (0x4)

.text           0x080001b0    0x11a54
                0x080001b0                        . = ALIGN (0x4)
 *(.text)
 .text          0x080001b0       0x40 C:/ST/STM32CubeIDE_2.0.0/STM32CubeIDE/plugins/com.st.stm32cube.ide.mcu.externaltools.gnu-tools-for-stm32.13.3.rel1.win32_1.0.100.202509120712/tools/bin/../lib/gcc/arm-none-eabi/13.3.1/thumb/v7e-m+fp/hard/crtbegin.o
 .text          0x080001f0       0x14 C:/ST/STM32CubeIDE_2.0.0/STM32CubeIDE/plugins/com.st.stm32cube.ide.mcu.externaltools.gnu-tools-for-stm32.13.3.rel1.win32_1.0.100.202509120712/tools/bin/../lib/gcc/arm-none-eabi/13.3.1/../../../../arm-none-eabi/lib/thumb/v7e-m+fp/hard\libc_nano.a(libc_a-strcmp.o)
                0x080001f0                strcmp
 *fill*         0x08000204        0xc 
 .text          0x08000210       0xa0 C:/ST/STM32CubeIDE_2.0.0/STM32CubeIDE/plugins/com.st.stm32cube.ide.mcu.externaltools.gnu-tools-for-stm32.13.3.rel1.win32_1.0.100.202509120712/tools/bin/../lib/gcc/arm-none-eabi/13.3.1/../../../../arm-none-eabi/lib/thumb/v7e-m+fp/hard\libc_nano.a(libc_a-memchr.o)
                0x08000210                memchr
 .text          0x080002b0       0x10 C:/ST/STM32CubeIDE_2.0.0/STM32CubeIDE/plugins/com.st.stm32cube.ide.mcu.externaltools.gnu-tools-for-stm32.13.3.rel1.win32_1.0.100.202509120712/tools/bin/../lib/gcc/arm-none-eabi/13.3.1/../../../../arm-none-eabi/lib/thumb/v7e-m+fp/hard\libc_nano.a(libc_a-strlen.o)
                0x080002b0                strlen
 .text          0x080002c0       0x30 C:/ST/STM32CubeIDE_2.0.0/STM32CubeIDE/plugins/com.st.stm32cube.ide.mcu.externaltools.gnu-tools-for-stm32.13.3.rel1.win32_1.0.100.202509120712/tools/bin/../lib/gcc/arm-none-eabi/13.3.1/thumb/v7e-m+fp/hard\libgcc.a(_aeabi_uldivmod.o)
                0x080002c0                __aeabi_uldivmod
 .text          0x080002f0      0x2f8 C:/ST/STM32CubeIDE_2.0.0/STM32CubeIDE/plugins/com.st.stm32cube.ide.mcu.externaltools.gnu-tools-for-stm32.13.3.rel1.win32_1.0.100.202509120712/tools/bin/../lib/gcc/arm-none-eabi/13.3.1/thumb/v7e-m+fp/hard\libgcc.a(_udivmoddi4.o)
                0x080002f0                __udivmoddi4
 .text          0x080005e8        0x4 C:/ST/STM32CubeIDE_2.0.0/STM32CubeIDE/plugins/com.st.stm32cube.ide.mcu.externaltools.gnu-tools-for-stm32.13.3.rel1.win32_1.0.100.202509120712/tools/bin/../lib/gcc/arm-none-eabi/13.3.1/thumb/v7e-m+fp/hard\libgcc.a(_dvmd_tls.o)
                0x080005e8                __aeabi_idiv0
                0x080005e8                __aeabi_ldiv0
 *(.text*)
 .text.aio_init
                0x080005ec       0x3c ./Core/Src/aio.o
                0x080005ec                aio_init
 .text.aio_output_get
                0x08000628       0x34 ./Core/Src/aio.o
                0x08000628                aio_output_get
 .text.aio_input_get
                0x0800065c       0x34 ./Core/Src/aio.o
                0x0800065c                aio_input_get
 .text.aio_get_input_count
                0x08000690       0x2c ./Core/Src/aio.o
                0x08000690                aio_get_input_count
 .text.aio_get_output_count
                0x080006bc       0x2c ./Core/Src/aio.o
                0x080006bc                aio_get_output_count
 .text.app_validate
                0x080006e8      0x178 ./Core/Src/app.o
 .text.app_init
                0x08000860        0xc ./Core/Src/app.o
                0x08000860                app_init
 .text.app_task
                0x0800086c      0x2dc ./Core/Src/app.o
                0x0800086c                app_task
 .text.app_load_from_flash
                0x08000b48       0x90 ./Core/Src/app.o
                0x08000b48                app_load_from_flash
 .text.app_start
                0x08000bd8       0x5c ./Core/Src/app.o
                0x08000bd8                app_start
 .text.app_stop
                0x08000c34       0x38 ./Core/Src/app.o
                0x08000c34                app_stop
 .text.app_receive_msg
                0x08000c6c       0x4c ./Core/Src/app.o
                0x08000c6c                app_receive_msg
 .text.read_board_id
                0x08000cb8       0x70 ./Core/Src/board_id.o
 .text.board_get_type
                0x08000d28       0x38 ./Core/Src/board_id.o
                0x08000d28                board_get_type
 .text.bridge_init
                0x08000d60       0x2c ./Core/Src/bridge.o
                0x08000d60                bridge_init
 .text.bridge_forward
                0x08000d8c       0x6c ./Core/Src/bridge.o
                0x08000d8c                bridge_forward
 .text._w5500_select
                0x08000df8       0x18 ./Core/Src/comm.o
 .text._w5500_deselect
                0x08000e10       0x18 ./Core/Src/comm.o
 .text.w5500_write
                0x08000e28       0x5c ./Core/Src/comm.o
 .text.w5500_read_raw
                0x08000e84       0x5c ./Core/Src/comm.o
 .text.w5500_socket_read_byte
                0x08000ee0       0x38 ./Core/Src/comm.o
 .text.w5500_socket_write_byte
                0x08000f18       0x36 ./Core/Src/comm.o
 .text.circ_init
                0x08000f4e       0x34 ./Core/Src/comm.o
 .text.circ_push
                0x08000f82       0x60 ./Core/Src/comm.o
 .text.circ_pop
                0x08000fe2       0x60 ./Core/Src/comm.o
 *fill*         0x08001042        0x2 
 .text.comm_init
                0x08001044       0x8c ./Core/Src/comm.o
                0x08001044                comm_init
 .text.rs422_set_crossover
                0x080010d0       0xa8 ./Core/Src/comm.o
                0x080010d0                rs422_set_crossover
 .text.rs422_queue
                0x08001178       0xdc ./Core/Src/comm.o
                0x08001178                rs422_queue
 .text.rs422_dequeue
                0x08001254       0x64 ./Core/Src/comm.o
 .text.HAL_UART_TxCpltCallback
                0x080012b8       0x5c ./Core/Src/comm.o
                0x080012b8                HAL_UART_TxCpltCallback
 .text.HAL_UART_RxCpltCallback
                0x08001314       0x38 ./Core/Src/comm.o
                0x08001314                HAL_UART_RxCpltCallback
 .text.comm_feed_byte
                0x0800134c       0x3c ./Core/Src/comm.o
                0x0800134c                comm_feed_byte
 .text.comm_task
                0x08001388      0x250 ./Core/Src/comm.o
                0x08001388                comm_task
 .text.comm_rs422_send
                0x080015d8       0x1e ./Core/Src/comm.o
                0x080015d8                comm_rs422_send
 .text.comm_eth_send
                0x080015f6       0x24 ./Core/Src/comm.o
                0x080015f6                comm_eth_send
 *fill*         0x0800161a        0x2 
 .text.comm_usb_send
                0x0800161c       0x40 ./Core/Src/comm.o
                0x0800161c                comm_usb_send
 .text.comm_send_channel
                0x0800165c       0xb6 ./Core/Src/comm.o
                0x0800165c                comm_send_channel
 *fill*         0x08001712        0x2 
 .text.debug_print
                0x08001714       0x30 ./Core/Src/comm.o
                0x08001714                debug_print
 .text.debug_println
                0x08001744       0x30 ./Core/Src/comm.o
                0x08001744                debug_println
 .text.dio_init
                0x08001774      0x108 ./Core/Src/dio.o
                0x08001774                dio_init
 .text.dio_output_set
                0x0800187c       0x4c ./Core/Src/dio.o
                0x0800187c                dio_output_set
 .text.dio_all_outputs_off
                0x080018c8       0x36 ./Core/Src/dio.o
                0x080018c8                dio_all_outputs_off
 *fill*         0x080018fe        0x2 
 .text.dio_output_get
                0x08001900       0x58 ./Core/Src/dio.o
                0x08001900                dio_output_get
 .text.dio_output_enable
                0x08001958       0x16 ./Core/Src/dio.o
                0x08001958                dio_output_enable
 *fill*         0x0800196e        0x2 
 .text.dio_input_get
                0x08001970       0x58 ./Core/Src/dio.o
                0x08001970                dio_input_get
 .text.dio_get_input_count
                0x080019c8       0x2c ./Core/Src/dio.o
                0x080019c8                dio_get_input_count
 .text.dio_get_output_count
                0x080019f4       0x2c ./Core/Src/dio.o
                0x080019f4                dio_get_output_count
 .text.Baby_SystemClock_Config
                0x08001a20       0xd8 ./Core/Src/main.o
                0x08001a20                Baby_SystemClock_Config
 .text.newMain  0x08001af8      0x160 ./Core/Src/main.o
                0x08001af8                newMain
 .text.main     0x08001c58       0x74 ./Core/Src/main.o
                0x08001c58                main
 .text.SystemClock_Config
                0x08001ccc       0xd8 ./Core/Src/main.o
                0x08001ccc                SystemClock_Config
 .text.MX_ADC1_Init
                0x08001da4       0xa4 ./Core/Src/main.o
 .text.MX_DAC_Init
                0x08001e48       0x68 ./Core/Src/main.o
 .text.MX_RTC_Init
                0x08001eb0       0x4c ./Core/Src/main.o
 .text.MX_SPI1_Init
                0x08001efc       0x6c ./Core/Src/main.o
 .text.MX_SPI2_Init
                0x08001f68       0x6c ./Core/Src/main.o
 .text.MX_TIM5_Init
                0x08001fd4      0x108 ./Core/Src/main.o
 .text.MX_UART4_Init
                0x080020dc       0x54 ./Core/Src/main.o
 .text.MX_USART1_UART_Init
                0x08002130       0x54 ./Core/Src/main.o
 .text.MX_USART3_UART_Init
                0x08002184       0x54 ./Core/Src/main.o
 .text.MX_DMA_Init
                0x080021d8       0x50 ./Core/Src/main.o
 .text.MX_GPIO_Init
                0x08002228      0x218 ./Core/Src/main.o
 .text.Error_Handler
                0x08002440        0xc ./Core/Src/main.o
                0x08002440                Error_Handler
 .text.node_id_get
                0x0800244c       0x78 ./Core/Src/node_id.o
                0x0800244c                node_id_get
 .text.packet_init
                0x080024c4       0x80 ./Core/Src/packet.o
                0x080024c4                packet_init
 .text.stuff_byte
                0x08002544       0x3a ./Core/Src/packet.o
 *fill*         0x0800257e        0x2 
 .text.packet_sendNew
                0x08002580      0x1f0 ./Core/Src/packet.o
                0x08002580                packet_sendNew
 .text.packet_send_ack
                0x08002770       0x2a ./Core/Src/packet.o
                0x08002770                packet_send_ack
 .text.packet_send_nak
                0x0800279a       0x2a ./Core/Src/packet.o
                0x0800279a                packet_send_nak
 .text.unstuff  0x080027c4       0x66 ./Core/Src/packet.o
 *fill*         0x0800282a        0x2 
 .text.packet_feed_byte
                0x0800282c      0x904 ./Core/Src/packet.o
                0x0800282c                packet_feed_byte
 .text.millis   0x08003130        0xe ./Core/Src/status_led.o
 .text.led_write
                0x0800313e       0x40 ./Core/Src/status_led.o
 *fill*         0x0800317e        0x2 
 .text.get_current_main_pattern_state
                0x08003180       0xb4 ./Core/Src/status_led.o
 .text.update_leds
                0x08003234       0xf8 ./Core/Src/status_led.o
 .text.status_led_init
                0x0800332c       0xe8 ./Core/Src/status_led.o
                0x0800332c                status_led_init
 .text.status_led_set_mode
                0x08003414       0x30 ./Core/Src/status_led.o
                0x08003414                status_led_set_mode
 .text.status_led_get_mode
                0x08003444       0x18 ./Core/Src/status_led.o
                0x08003444                status_led_get_mode
 .text.status_led_data_activity
                0x0800345c       0x3c ./Core/Src/status_led.o
                0x0800345c                status_led_data_activity
 .text.status_led_task
                0x08003498        0xc ./Core/Src/status_led.o
                0x08003498                status_led_task
 .text.HAL_MspInit
                0x080034a4       0x50 ./Core/Src/stm32f4xx_hal_msp.o
                0x080034a4                HAL_MspInit
 .text.HAL_ADC_MspInit
                0x080034f4       0xc0 ./Core/Src/stm32f4xx_hal_msp.o
                0x080034f4                HAL_ADC_MspInit
 .text.HAL_DAC_MspInit
                0x080035b4       0x88 ./Core/Src/stm32f4xx_hal_msp.o
                0x080035b4                HAL_DAC_MspInit
 .text.HAL_RTC_MspInit
                0x0800363c       0x54 ./Core/Src/stm32f4xx_hal_msp.o
                0x0800363c                HAL_RTC_MspInit
 .text.HAL_SPI_MspInit
                0x08003690       0xf8 ./Core/Src/stm32f4xx_hal_msp.o
                0x08003690                HAL_SPI_MspInit
 .text.HAL_TIM_Base_MspInit
                0x08003788       0x44 ./Core/Src/stm32f4xx_hal_msp.o
                0x08003788                HAL_TIM_Base_MspInit
 .text.HAL_TIM_MspPostInit
                0x080037cc       0x74 ./Core/Src/stm32f4xx_hal_msp.o
                0x080037cc                HAL_TIM_MspPostInit
 .text.HAL_UART_MspInit
                0x08003840      0x268 ./Core/Src/stm32f4xx_hal_msp.o
                0x08003840                HAL_UART_MspInit
 .text.NMI_Handler
                0x08003aa8        0x8 ./Core/Src/stm32f4xx_it.o
                0x08003aa8                NMI_Handler
 .text.HardFault_Handler
                0x08003ab0        0x8 ./Core/Src/stm32f4xx_it.o
                0x08003ab0                HardFault_Handler
 .text.MemManage_Handler
                0x08003ab8        0x8 ./Core/Src/stm32f4xx_it.o
                0x08003ab8                MemManage_Handler
 .text.BusFault_Handler
                0x08003ac0        0x8 ./Core/Src/stm32f4xx_it.o
                0x08003ac0                BusFault_Handler
 .text.UsageFault_Handler
                0x08003ac8        0x8 ./Core/Src/stm32f4xx_it.o
                0x08003ac8                UsageFault_Handler
 .text.SVC_Handler
                0x08003ad0        0xe ./Core/Src/stm32f4xx_it.o
                0x08003ad0                SVC_Handler
 .text.DebugMon_Handler
                0x08003ade        0xe ./Core/Src/stm32f4xx_it.o
                0x08003ade                DebugMon_Handler
 .text.PendSV_Handler
                0x08003aec        0xe ./Core/Src/stm32f4xx_it.o
                0x08003aec                PendSV_Handler
 .text.SysTick_Handler
                0x08003afa        0xc ./Core/Src/stm32f4xx_it.o
                0x08003afa                SysTick_Handler
 *fill*         0x08003b06        0x2 
 .text.DMA1_Stream1_IRQHandler
                0x08003b08       0x14 ./Core/Src/stm32f4xx_it.o
                0x08003b08                DMA1_Stream1_IRQHandler
 .text.DMA1_Stream3_IRQHandler
                0x08003b1c       0x14 ./Core/Src/stm32f4xx_it.o
                0x08003b1c                DMA1_Stream3_IRQHandler
 .text.USART1_IRQHandler
                0x08003b30       0x14 ./Core/Src/stm32f4xx_it.o
                0x08003b30                USART1_IRQHandler
 .text.USART3_IRQHandler
                0x08003b44       0x14 ./Core/Src/stm32f4xx_it.o
                0x08003b44                USART3_IRQHandler
 .text.UART4_IRQHandler
                0x08003b58       0x14 ./Core/Src/stm32f4xx_it.o
                0x08003b58                UART4_IRQHandler
 .text.OTG_FS_IRQHandler
                0x08003b6c       0x14 ./Core/Src/stm32f4xx_it.o
                0x08003b6c                OTG_FS_IRQHandler
 .text._sbrk    0x08003b80       0x6c ./Core/Src/sysmem.o
                0x08003b80                _sbrk
 .text.SystemInit
                0x08003bec       0x24 ./Core/Src/system_stm32f4xx.o
                0x08003bec                SystemInit
 .text.crc32_update
                0x08003c10       0x54 ./Core/Src/user_config.o
 .text.crc32_calc
                0x08003c64       0x42 ./Core/Src/user_config.o
 *fill*         0x08003ca6        0x2 
 .text.config_set_defaults
                0x08003ca8      0x270 ./Core/Src/user_config.o
                0x08003ca8                config_set_defaults
 .text.config_init
                0x08003f18       0x84 ./Core/Src/user_config.o
                0x08003f18                config_init
 .text.config_get
                0x08003f9c       0x14 ./Core/Src/user_config.o
                0x08003f9c                config_get
 .text.config_get_state
                0x08003fb0       0x18 ./Core/Src/user_config.o
                0x08003fb0                config_get_state
 .text.config_mark_dirty
                0x08003fc8       0x20 ./Core/Src/user_config.o
                0x08003fc8                config_mark_dirty
 .text.config_save
                0x08003fe8      0x174 ./Core/Src/user_config.o
                0x08003fe8                config_save
 .text.config_revert
                0x0800415c       0x18 ./Core/Src/user_config.o
                0x0800415c                config_revert
 .text.config_validate_io_names
                0x08004174       0xb0 ./Core/Src/user_config.o
                0x08004174                config_validate_io_names
 .text._w5500_select
                0x08004224       0x18 ./Core/Src/w5500.o
 .text._w5500_deselect
                0x0800423c       0x18 ./Core/Src/w5500.o
 .text.w5500_write
                0x08004254       0x5c ./Core/Src/w5500.o
 .text.w5500_read_raw
                0x080042b0       0x5c ./Core/Src/w5500.o
 .text.w5500_read_burst
                0x0800430c       0x2a ./Core/Src/w5500.o
 .text.w5500_write_burst
                0x08004336       0x2a ./Core/Src/w5500.o
 .text.w5500_common_write
                0x08004360       0x24 ./Core/Src/w5500.o
 .text.w5500_common_read
                0x08004384       0x24 ./Core/Src/w5500.o
 .text.w5500_socket_read_byte
                0x080043a8       0x38 ./Core/Src/w5500.o
 .text.w5500_socket_write_byte
                0x080043e0       0x36 ./Core/Src/w5500.o
 .text.w5500_socket_write
                0x08004416       0x3a ./Core/Src/w5500.o
 .text.w5500_socket_read
                0x08004450       0x3a ./Core/Src/w5500.o
 *fill*         0x0800448a        0x2 
 .text.w5500_set_ip_mode
                0x0800448c       0x20 ./Core/Src/w5500.o
                0x0800448c                w5500_set_ip_mode
 .text.w5500_set_network_config
                0x080044ac       0x44 ./Core/Src/w5500.o
                0x080044ac                w5500_set_network_config
 .text.w5500_init
                0x080044f0      0x18c ./Core/Src/w5500.o
                0x080044f0                w5500_init
 .text.w5500_is_connected
                0x0800467c       0x28 ./Core/Src/w5500.o
                0x0800467c                w5500_is_connected
 .text.w5500_get_rx_size
                0x080046a4       0x3a ./Core/Src/w5500.o
                0x080046a4                w5500_get_rx_size
 .text.w5500_read_data
                0x080046de       0xa2 ./Core/Src/w5500.o
                0x080046de                w5500_read_data
 .text.w5500_send
                0x08004780      0x10e ./Core/Src/w5500.o
                0x08004780                w5500_send
 .text.w5500_udp_send
                0x0800488e       0x50 ./Core/Src/w5500.o
                0x0800488e                w5500_udp_send
 .text.w5500_get_ip
                0x080048de       0x1a ./Core/Src/w5500.o
                0x080048de                w5500_get_ip
 .text.w5500_get_mac
                0x080048f8       0x1a ./Core/Src/w5500.o
                0x080048f8                w5500_get_mac
 *fill*         0x08004912        0x2 
 .text.w5500_dhcp_init
                0x08004914       0x80 ./Core/Src/w5500.o
                0x08004914                w5500_dhcp_init
 .text.w5500_dhcp_run
                0x08004994      0x320 ./Core/Src/w5500.o
                0x08004994                w5500_dhcp_run
 .text.w5500_get_ip_mode
                0x08004cb4       0x18 ./Core/Src/w5500.o
                0x08004cb4                w5500_get_ip_mode
 .text._w5500_select
                0x08004ccc       0x18 ./Core/Src/webserver.o
 .text._w5500_deselect
                0x08004ce4       0x18 ./Core/Src/webserver.o
 .text.w5500_write
                0x08004cfc       0x5c ./Core/Src/webserver.o
 .text.w5500_read_raw
                0x08004d58       0x5c ./Core/Src/webserver.o
 .text.w5500_socket_read_byte
                0x08004db4       0x38 ./Core/Src/webserver.o
 .text.w5500_socket_write_byte
                0x08004dec       0x36 ./Core/Src/webserver.o
 *fill*         0x08004e22        0x2 
 .text.webserver_init
                0x08004e24       0x68 ./Core/Src/webserver.o
                0x08004e24                webserver_init
 .text.http_socket_open
                0x08004e8c       0xaa ./Core/Src/webserver.o
 *fill*         0x08004f36        0x2 
 .text.webserver_task
                0x08004f38       0x3c ./Core/Src/webserver.o
                0x08004f38                webserver_task
 .text.http_conn_process
                0x08004f74      0x1b4 ./Core/Src/webserver.o
 .text.http_find_header_end
                0x08005128       0x76 ./Core/Src/webserver.o
 *fill*         0x0800519e        0x2 
 .text.http_parse_request
                0x080051a0      0x19c ./Core/Src/webserver.o
 .text.http_route_request
                0x0800533c      0x1a4 ./Core/Src/webserver.o
 .text.http_build_header
                0x080054e0       0x44 ./Core/Src/webserver.o
 .text.http_serve_static
                0x08005524       0x3c ./Core/Src/webserver.o
 .text.http_serve_json
                0x08005560       0x40 ./Core/Src/webserver.o
 .text.http_serve_json_ok
                0x080055a0       0x4c ./Core/Src/webserver.o
 .text.http_serve_404
                0x080055ec       0x40 ./Core/Src/webserver.o
 .text.http_send_chunk
                0x0800562c      0x108 ./Core/Src/webserver.o
 .text.http_handle_status_json
                0x08005734      0x378 ./Core/Src/webserver.o
 .text.http_handle_config_get
                0x08005aac      0x2c8 ./Core/Src/webserver.o
 .text.json_find_string
                0x08005d74       0x94 ./Core/Src/webserver.o
 .text.json_find_int
                0x08005e08       0x70 ./Core/Src/webserver.o
 .text.json_find_bool
                0x08005e78       0x74 ./Core/Src/webserver.o
 .text.json_find_ip
                0x08005eec       0x88 ./Core/Src/webserver.o
 .text.http_handle_config_post
                0x08005f74      0x220 ./Core/Src/webserver.o
 .text.http_handle_config_save
                0x08006194       0x22 ./Core/Src/webserver.o
 .text.http_handle_config_revert
                0x080061b6       0x1c ./Core/Src/webserver.o
 *fill*         0x080061d2        0x2 
 .text.http_handle_toggle
                0x080061d4       0x84 ./Core/Src/webserver.o
 .text.http_handle_info_json
                0x08006258       0xa0 ./Core/Src/webserver.o
 .text.http_handle_app_control
                0x080062f8       0x9c ./Core/Src/webserver.o
 .text.Reset_Handler
                0x08006394       0x50 ./Core/Startup/startup_stm32f427vitx.o
                0x08006394                Reset_Handler
 .text.Default_Handler
                0x080063e4        0x2 ./Core/Startup/startup_stm32f427vitx.o
                0x080063e4                RTC_Alarm_IRQHandler
                0x080063e4                HASH_RNG_IRQHandler
                0x080063e4                EXTI2_IRQHandler
                0x080063e4                TIM8_CC_IRQHandler
                0x080063e4                UART8_IRQHandler
                0x080063e4                SPI4_IRQHandler
                0x080063e4                TIM1_CC_IRQHandler
                0x080063e4                DMA2_Stream5_IRQHandler
                0x080063e4                DMA1_Stream5_IRQHandler
                0x080063e4                PVD_IRQHandler
                0x080063e4                SDIO_IRQHandler
                0x080063e4                TAMP_STAMP_IRQHandler
                0x080063e4                CAN2_RX1_IRQHandler
                0x080063e4                EXTI3_IRQHandler
                0x080063e4                TIM8_TRG_COM_TIM14_IRQHandler
                0x080063e4                TIM1_UP_TIM10_IRQHandler
                0x080063e4                TIM8_UP_TIM13_IRQHandler
                0x080063e4                I2C3_ER_IRQHandler
                0x080063e4                EXTI0_IRQHandler
                0x080063e4                I2C2_EV_IRQHandler
                0x080063e4                DMA1_Stream2_IRQHandler
                0x080063e4                CAN1_RX0_IRQHandler
                0x080063e4                FPU_IRQHandler
                0x080063e4                OTG_HS_WKUP_IRQHandler
                0x080063e4                CAN2_SCE_IRQHandler
                0x080063e4                DMA2_Stream2_IRQHandler
                0x080063e4                SPI1_IRQHandler
                0x080063e4                TIM6_DAC_IRQHandler
                0x080063e4                TIM1_BRK_TIM9_IRQHandler
                0x080063e4                DCMI_IRQHandler
                0x080063e4                CAN2_RX0_IRQHandler
                0x080063e4                DMA2_Stream3_IRQHandler
                0x080063e4                USART6_IRQHandler
                0x080063e4                CAN1_RX1_IRQHandler
                0x080063e4                UART5_IRQHandler
                0x080063e4                DMA2_Stream0_IRQHandler
                0x080063e4                TIM4_IRQHandler
                0x080063e4                I2C1_EV_IRQHandler
                0x080063e4                DMA1_Stream6_IRQHandler
                0x080063e4                TIM3_IRQHandler
                0x080063e4                RCC_IRQHandler
                0x080063e4                TIM8_BRK_TIM12_IRQHandler
                0x080063e4                Default_Handler
                0x080063e4                EXTI15_10_IRQHandler
                0x080063e4                ADC_IRQHandler
                0x080063e4                DMA1_Stream7_IRQHandler
                0x080063e4                SPI5_IRQHandler
                0x080063e4                TIM7_IRQHandler
                0x080063e4                CAN2_TX_IRQHandler
                0x080063e4                TIM5_IRQHandler
                0x080063e4                DMA2_Stream7_IRQHandler
                0x080063e4                I2C3_EV_IRQHandler
                0x080063e4                EXTI9_5_IRQHandler
                0x080063e4                RTC_WKUP_IRQHandler
                0x080063e4                ETH_WKUP_IRQHandler
                0x080063e4                SPI2_IRQHandler
                0x080063e4                OTG_HS_EP1_IN_IRQHandler
                0x080063e4                DMA1_Stream0_IRQHandler
                0x080063e4                CAN1_TX_IRQHandler
                0x080063e4                EXTI4_IRQHandler
                0x080063e4                ETH_IRQHandler
                0x080063e4                OTG_HS_EP1_OUT_IRQHandler
                0x080063e4                WWDG_IRQHandler
                0x080063e4                SPI6_IRQHandler
                0x080063e4                TIM2_IRQHandler
                0x080063e4                OTG_FS_WKUP_IRQHandler
                0x080063e4                TIM1_TRG_COM_TIM11_IRQHandler
                0x080063e4                OTG_HS_IRQHandler
                0x080063e4                DMA2D_IRQHandler
                0x080063e4                EXTI1_IRQHandler
                0x080063e4                UART7_IRQHandler
                0x080063e4                USART2_IRQHandler
                0x080063e4                I2C2_ER_IRQHandler
                0x080063e4                DMA2_Stream1_IRQHandler
                0x080063e4                CAN1_SCE_IRQHandler
                0x080063e4                FLASH_IRQHandler
                0x080063e4                DMA2_Stream4_IRQHandler
                0x080063e4                SPI3_IRQHandler
                0x080063e4                DMA1_Stream4_IRQHandler
                0x080063e4                I2C1_ER_IRQHandler
                0x080063e4                FMC_IRQHandler
                0x080063e4                DMA2_Stream6_IRQHandler
                0x080063e4                SAI1_IRQHandler
 *fill*         0x080063e6        0x2 
 .text.HAL_Init
                0x080063e8       0x44 ./Drivers/STM32F4xx_HAL_Driver/Src/stm32f4xx_hal.o
                0x080063e8                HAL_Init
 .text.HAL_InitTick
                0x0800642c       0x60 ./Drivers/STM32F4xx_HAL_Driver/Src/stm32f4xx_hal.o
                0x0800642c                HAL_InitTick
 .text.HAL_IncTick
                0x0800648c       0x28 ./Drivers/STM32F4xx_HAL_Driver/Src/stm32f4xx_hal.o
                0x0800648c                HAL_IncTick
 .text.HAL_GetTick
                0x080064b4       0x18 ./Drivers/STM32F4xx_HAL_Driver/Src/stm32f4xx_hal.o
                0x080064b4                HAL_GetTick
 .text.HAL_Delay
                0x080064cc       0x48 ./Drivers/STM32F4xx_HAL_Driver/Src/stm32f4xx_hal.o
                0x080064cc                HAL_Delay
 .text.HAL_GetUIDw0
                0x08006514       0x18 ./Drivers/STM32F4xx_HAL_Driver/Src/stm32f4xx_hal.o
                0x08006514                HAL_GetUIDw0
 .text.HAL_ADC_Init
                0x0800652c       0x86 ./Drivers/STM32F4xx_HAL_Driver/Src/stm32f4xx_hal_adc.o
                0x0800652c                HAL_ADC_Init
 *fill*         0x080065b2        0x2 
 .text.HAL_ADC_ConfigChannel
                0x080065b4      0x264 ./Drivers/STM32F4xx_HAL_Driver/Src/stm32f4xx_hal_adc.o
                0x080065b4                HAL_ADC_ConfigChannel
 .text.ADC_Init
                0x08006818      0x1f8 ./Drivers/STM32F4xx_HAL_Driver/Src/stm32f4xx_hal_adc.o
 .text.__NVIC_SetPriorityGrouping
                0x08006a10       0x48 ./Drivers/STM32F4xx_HAL_Driver/Src/stm32f4xx_hal_cortex.o
 .text.__NVIC_GetPriorityGrouping
                0x08006a58       0x1c ./Drivers/STM32F4xx_HAL_Driver/Src/stm32f4xx_hal_cortex.o
 .text.__NVIC_EnableIRQ
                0x08006a74       0x3c ./Drivers/STM32F4xx_HAL_Driver/Src/stm32f4xx_hal_cortex.o
 .text.__NVIC_SetPriority
                0x08006ab0       0x54 ./Drivers/STM32F4xx_HAL_Driver/Src/stm32f4xx_hal_cortex.o
 .text.NVIC_EncodePriority
                0x08006b04       0x66 ./Drivers/STM32F4xx_HAL_Driver/Src/stm32f4xx_hal_cortex.o
 *fill*         0x08006b6a        0x2 
 .text.SysTick_Config
                0x08006b6c       0x44 ./Drivers/STM32F4xx_HAL_Driver/Src/stm32f4xx_hal_cortex.o
 .text.HAL_NVIC_SetPriorityGrouping
                0x08006bb0       0x16 ./Drivers/STM32F4xx_HAL_Driver/Src/stm32f4xx_hal_cortex.o
                0x08006bb0                HAL_NVIC_SetPriorityGrouping
 .text.HAL_NVIC_SetPriority
                0x08006bc6       0x38 ./Drivers/STM32F4xx_HAL_Driver/Src/stm32f4xx_hal_cortex.o
                0x08006bc6                HAL_NVIC_SetPriority
 .text.HAL_NVIC_EnableIRQ
                0x08006bfe       0x1c ./Drivers/STM32F4xx_HAL_Driver/Src/stm32f4xx_hal_cortex.o
                0x08006bfe                HAL_NVIC_EnableIRQ
 .text.HAL_SYSTICK_Config
                0x08006c1a       0x18 ./Drivers/STM32F4xx_HAL_Driver/Src/stm32f4xx_hal_cortex.o
                0x08006c1a                HAL_SYSTICK_Config
 .text.HAL_DAC_Init
                0x08006c32       0x44 ./Drivers/STM32F4xx_HAL_Driver/Src/stm32f4xx_hal_dac.o
                0x08006c32                HAL_DAC_Init
 .text.HAL_DAC_ConfigChannel
                0x08006c76       0xb2 ./Drivers/STM32F4xx_HAL_Driver/Src/stm32f4xx_hal_dac.o
                0x08006c76                HAL_DAC_ConfigChannel
 .text.HAL_DMA_Init
                0x08006d28      0x15c ./Drivers/STM32F4xx_HAL_Driver/Src/stm32f4xx_hal_dma.o
                0x08006d28                HAL_DMA_Init
 .text.HAL_DMA_Abort
                0x08006e84       0xe0 ./Drivers/STM32F4xx_HAL_Driver/Src/stm32f4xx_hal_dma.o
                0x08006e84                HAL_DMA_Abort
 .text.HAL_DMA_Abort_IT
                0x08006f64       0x44 ./Drivers/STM32F4xx_HAL_Driver/Src/stm32f4xx_hal_dma.o
                0x08006f64                HAL_DMA_Abort_IT
 .text.HAL_DMA_IRQHandler
                0x08006fa8      0x314 ./Drivers/STM32F4xx_HAL_Driver/Src/stm32f4xx_hal_dma.o
                0x08006fa8                HAL_DMA_IRQHandler
 .text.DMA_CalcBaseAndBitshift
                0x080072bc       0x6c ./Drivers/STM32F4xx_HAL_Driver/Src/stm32f4xx_hal_dma.o
 .text.DMA_CheckFifoParam
                0x08007328       0xf8 ./Drivers/STM32F4xx_HAL_Driver/Src/stm32f4xx_hal_dma.o
 .text.HAL_FLASH_Program
                0x08007420       0xa4 ./Drivers/STM32F4xx_HAL_Driver/Src/stm32f4xx_hal_flash.o
                0x08007420                HAL_FLASH_Program
 .text.HAL_FLASH_Unlock
                0x080074c4       0x44 ./Drivers/STM32F4xx_HAL_Driver/Src/stm32f4xx_hal_flash.o
                0x080074c4                HAL_FLASH_Unlock
 .text.HAL_FLASH_Lock
                0x08007508       0x20 ./Drivers/STM32F4xx_HAL_Driver/Src/stm32f4xx_hal_flash.o
                0x08007508                HAL_FLASH_Lock
 .text.FLASH_WaitForLastOperation
                0x08007528       0x80 ./Drivers/STM32F4xx_HAL_Driver/Src/stm32f4xx_hal_flash.o
                0x08007528                FLASH_WaitForLastOperation
 .text.FLASH_Program_DoubleWord
                0x080075a8       0x64 ./Drivers/STM32F4xx_HAL_Driver/Src/stm32f4xx_hal_flash.o
 .text.FLASH_Program_Word
                0x0800760c       0x44 ./Drivers/STM32F4xx_HAL_Driver/Src/stm32f4xx_hal_flash.o
 .text.FLASH_Program_HalfWord
                0x08007650       0x48 ./Drivers/STM32F4xx_HAL_Driver/Src/stm32f4xx_hal_flash.o
 .text.FLASH_Program_Byte
                0x08007698       0x44 ./Drivers/STM32F4xx_HAL_Driver/Src/stm32f4xx_hal_flash.o
 .text.FLASH_SetErrorCode
                0x080076dc       0xcc ./Drivers/STM32F4xx_HAL_Driver/Src/stm32f4xx_hal_flash.o
 .text.HAL_FLASHEx_Erase
                0x080077a8       0xe0 ./Drivers/STM32F4xx_HAL_Driver/Src/stm32f4xx_hal_flash_ex.o
                0x080077a8                HAL_FLASHEx_Erase
 .text.FLASH_MassErase
                0x08007888       0x74 ./Drivers/STM32F4xx_HAL_Driver/Src/stm32f4xx_hal_flash_ex.o
 .text.FLASH_Erase_Sector
                0x080078fc       0x9c ./Drivers/STM32F4xx_HAL_Driver/Src/stm32f4xx_hal_flash_ex.o
                0x080078fc                FLASH_Erase_Sector
 .text.FLASH_FlushCaches
                0x08007998       0x8c ./Drivers/STM32F4xx_HAL_Driver/Src/stm32f4xx_hal_flash_ex.o
                0x08007998                FLASH_FlushCaches
 .text.HAL_GPIO_Init
                0x08007a24      0x358 ./Drivers/STM32F4xx_HAL_Driver/Src/stm32f4xx_hal_gpio.o
                0x08007a24                HAL_GPIO_Init
 .text.HAL_GPIO_ReadPin
                0x08007d7c       0x30 ./Drivers/STM32F4xx_HAL_Driver/Src/stm32f4xx_hal_gpio.o
                0x08007d7c                HAL_GPIO_ReadPin
 .text.HAL_GPIO_WritePin
                0x08007dac       0x32 ./Drivers/STM32F4xx_HAL_Driver/Src/stm32f4xx_hal_gpio.o
                0x08007dac                HAL_GPIO_WritePin
 .text.HAL_PCD_Init
                0x08007dde      0x21e ./Drivers/STM32F4xx_HAL_Driver/Src/stm32f4xx_hal_pcd.o
                0x08007dde                HAL_PCD_Init
 .text.HAL_PCD_Start
                0x08007ffc       0x6a ./Drivers/STM32F4xx_HAL_Driver/Src/stm32f4xx_hal_pcd.o
                0x08007ffc                HAL_PCD_Start
 .text.HAL_PCD_IRQHandler
                0x08008066      0x942 ./Drivers/STM32F4xx_HAL_Driver/Src/stm32f4xx_hal_pcd.o
                0x08008066                HAL_PCD_IRQHandler
 .text.HAL_PCD_SetAddress
                0x080089a8       0x48 ./Drivers/STM32F4xx_HAL_Driver/Src/stm32f4xx_hal_pcd.o
                0x080089a8                HAL_PCD_SetAddress
 .text.HAL_PCD_EP_Open
                0x080089f0       0xd4 ./Drivers/STM32F4xx_HAL_Driver/Src/stm32f4xx_hal_pcd.o
                0x080089f0                HAL_PCD_EP_Open
 .text.HAL_PCD_EP_Close
                0x08008ac4       0x94 ./Drivers/STM32F4xx_HAL_Driver/Src/stm32f4xx_hal_pcd.o
                0x08008ac4                HAL_PCD_EP_Close
 .text.HAL_PCD_EP_Receive
                0x08008b58       0x76 ./Drivers/STM32F4xx_HAL_Driver/Src/stm32f4xx_hal_pcd.o
                0x08008b58                HAL_PCD_EP_Receive
 .text.HAL_PCD_EP_GetRxCount
                0x08008bce       0x30 ./Drivers/STM32F4xx_HAL_Driver/Src/stm32f4xx_hal_pcd.o
                0x08008bce                HAL_PCD_EP_GetRxCount
 .text.HAL_PCD_EP_Transmit
                0x08008bfe       0x74 ./Drivers/STM32F4xx_HAL_Driver/Src/stm32f4xx_hal_pcd.o
                0x08008bfe                HAL_PCD_EP_Transmit
 .text.HAL_PCD_EP_SetStall
                0x08008c72       0xc6 ./Drivers/STM32F4xx_HAL_Driver/Src/stm32f4xx_hal_pcd.o
                0x08008c72                HAL_PCD_EP_SetStall
 .text.HAL_PCD_EP_ClrStall
                0x08008d38       0xac ./Drivers/STM32F4xx_HAL_Driver/Src/stm32f4xx_hal_pcd.o
                0x08008d38                HAL_PCD_EP_ClrStall
 .text.HAL_PCD_EP_Abort
                0x08008de4       0x62 ./Drivers/STM32F4xx_HAL_Driver/Src/stm32f4xx_hal_pcd.o
                0x08008de4                HAL_PCD_EP_Abort
 .text.PCD_WriteEmptyTxFifo
                0x08008e46      0x118 ./Drivers/STM32F4xx_HAL_Driver/Src/stm32f4xx_hal_pcd.o
 *fill*         0x08008f5e        0x2 
 .text.PCD_EP_OutXfrComplete_int
                0x08008f60      0x1d0 ./Drivers/STM32F4xx_HAL_Driver/Src/stm32f4xx_hal_pcd.o
 .text.PCD_EP_OutSetupPacket_int
                0x08009130       0x8c ./Drivers/STM32F4xx_HAL_Driver/Src/stm32f4xx_hal_pcd.o
 .text.HAL_PCDEx_SetTxFiFo
                0x080091bc       0x8e ./Drivers/STM32F4xx_HAL_Driver/Src/stm32f4xx_hal_pcd_ex.o
                0x080091bc                HAL_PCDEx_SetTxFiFo
 .text.HAL_PCDEx_SetRxFiFo
                0x0800924a       0x22 ./Drivers/STM32F4xx_HAL_Driver/Src/stm32f4xx_hal_pcd_ex.o
                0x0800924a                HAL_PCDEx_SetRxFiFo
 .text.HAL_PCDEx_LPM_Callback
                0x0800926c       0x18 ./Drivers/STM32F4xx_HAL_Driver/Src/stm32f4xx_hal_pcd_ex.o
                0x0800926c                HAL_PCDEx_LPM_Callback
 .text.HAL_RCC_OscConfig
                0x08009284      0x4f0 ./Drivers/STM32F4xx_HAL_Driver/Src/stm32f4xx_hal_rcc.o
                0x08009284                HAL_RCC_OscConfig
 .text.HAL_RCC_ClockConfig
                0x08009774      0x1cc ./Drivers/STM32F4xx_HAL_Driver/Src/stm32f4xx_hal_rcc.o
                0x08009774                HAL_RCC_ClockConfig
 .text.HAL_RCC_GetSysClockFreq
                0x08009940      0x20c ./Drivers/STM32F4xx_HAL_Driver/Src/stm32f4xx_hal_rcc.o
                0x08009940                HAL_RCC_GetSysClockFreq
 .text.HAL_RCC_GetHCLKFreq
                0x08009b4c       0x18 ./Drivers/STM32F4xx_HAL_Driver/Src/stm32f4xx_hal_rcc.o
                0x08009b4c                HAL_RCC_GetHCLKFreq
 .text.HAL_RCC_GetPCLK1Freq
                0x08009b64       0x28 ./Drivers/STM32F4xx_HAL_Driver/Src/stm32f4xx_hal_rcc.o
                0x08009b64                HAL_RCC_GetPCLK1Freq
 .text.HAL_RCC_GetPCLK2Freq
                0x08009b8c       0x28 ./Drivers/STM32F4xx_HAL_Driver/Src/stm32f4xx_hal_rcc.o
                0x08009b8c                HAL_RCC_GetPCLK2Freq
 .text.HAL_RCCEx_PeriphCLKConfig
                0x08009bb4      0x380 ./Drivers/STM32F4xx_HAL_Driver/Src/stm32f4xx_hal_rcc_ex.o
                0x08009bb4                HAL_RCCEx_PeriphCLKConfig
 .text.HAL_RTC_Init
                0x08009f34      0x102 ./Drivers/STM32F4xx_HAL_Driver/Src/stm32f4xx_hal_rtc.o
                0x08009f34                HAL_RTC_Init
 *fill*         0x0800a036        0x2 
 .text.HAL_RTC_WaitForSynchro
                0x0800a038       0x4c ./Drivers/STM32F4xx_HAL_Driver/Src/stm32f4xx_hal_rtc.o
                0x0800a038                HAL_RTC_WaitForSynchro
 .text.RTC_EnterInitMode
                0x0800a084       0x6e ./Drivers/STM32F4xx_HAL_Driver/Src/stm32f4xx_hal_rtc.o
                0x0800a084                RTC_EnterInitMode
 .text.RTC_ExitInitMode
                0x0800a0f2       0x4a ./Drivers/STM32F4xx_HAL_Driver/Src/stm32f4xx_hal_rtc.o
                0x0800a0f2                RTC_ExitInitMode
 .text.HAL_SPI_Init
                0x0800a13c      0x112 ./Drivers/STM32F4xx_HAL_Driver/Src/stm32f4xx_hal_spi.o
                0x0800a13c                HAL_SPI_Init
 .text.HAL_SPI_Transmit
                0x0800a24e      0x288 ./Drivers/STM32F4xx_HAL_Driver/Src/stm32f4xx_hal_spi.o
                0x0800a24e                HAL_SPI_Transmit
 .text.HAL_SPI_Receive
                0x0800a4d6      0x232 ./Drivers/STM32F4xx_HAL_Driver/Src/stm32f4xx_hal_spi.o
                0x0800a4d6                HAL_SPI_Receive
 .text.HAL_SPI_TransmitReceive
                0x0800a708      0x352 ./Drivers/STM32F4xx_HAL_Driver/Src/stm32f4xx_hal_spi.o
                0x0800a708                HAL_SPI_TransmitReceive
 *fill*         0x0800aa5a        0x2 
 .text.SPI_WaitFlagStateUntilTimeout
                0x0800aa5c      0x110 ./Drivers/STM32F4xx_HAL_Driver/Src/stm32f4xx_hal_spi.o
 .text.SPI_EndRxTransaction
                0x0800ab6c       0xca ./Drivers/STM32F4xx_HAL_Driver/Src/stm32f4xx_hal_spi.o
 *fill*         0x0800ac36        0x2 
 .text.SPI_EndRxTxTransaction
                0x0800ac38       0xa8 ./Drivers/STM32F4xx_HAL_Driver/Src/stm32f4xx_hal_spi.o
 .text.HAL_TIM_Base_Init
                0x0800ace0       0x9e ./Drivers/STM32F4xx_HAL_Driver/Src/stm32f4xx_hal_tim.o
                0x0800ace0                HAL_TIM_Base_Init
 .text.HAL_TIM_PWM_Init
                0x0800ad7e       0x9e ./Drivers/STM32F4xx_HAL_Driver/Src/stm32f4xx_hal_tim.o
                0x0800ad7e                HAL_TIM_PWM_Init
 .text.HAL_TIM_PWM_MspInit
                0x0800ae1c       0x14 ./Drivers/STM32F4xx_HAL_Driver/Src/stm32f4xx_hal_tim.o
                0x0800ae1c                HAL_TIM_PWM_MspInit
 .text.HAL_TIM_PWM_ConfigChannel
                0x0800ae30      0x184 ./Drivers/STM32F4xx_HAL_Driver/Src/stm32f4xx_hal_tim.o
                0x0800ae30                HAL_TIM_PWM_ConfigChannel
 .text.HAL_TIM_ConfigClockSource
                0x0800afb4      0x18e ./Drivers/STM32F4xx_HAL_Driver/Src/stm32f4xx_hal_tim.o
                0x0800afb4                HAL_TIM_ConfigClockSource
 *fill*         0x0800b142        0x2 
 .text.TIM_Base_SetConfig
                0x0800b144      0x14c ./Drivers/STM32F4xx_HAL_Driver/Src/stm32f4xx_hal_tim.o
                0x0800b144                TIM_Base_SetConfig
 .text.TIM_OC1_SetConfig
                0x0800b290       0xe0 ./Drivers/STM32F4xx_HAL_Driver/Src/stm32f4xx_hal_tim.o
 .text.TIM_OC2_SetConfig
                0x0800b370       0xec ./Drivers/STM32F4xx_HAL_Driver/Src/stm32f4xx_hal_tim.o
                0x0800b370                TIM_OC2_SetConfig
 .text.TIM_OC3_SetConfig
                0x0800b45c       0xe8 ./Drivers/STM32F4xx_HAL_Driver/Src/stm32f4xx_hal_tim.o
 .text.TIM_OC4_SetConfig
                0x0800b544       0xac ./Drivers/STM32F4xx_HAL_Driver/Src/stm32f4xx_hal_tim.o
 .text.TIM_TI1_ConfigInputStage
                0x0800b5f0       0x5e ./Drivers/STM32F4xx_HAL_Driver/Src/stm32f4xx_hal_tim.o
 .text.TIM_TI2_ConfigInputStage
                0x0800b64e       0x60 ./Drivers/STM32F4xx_HAL_Driver/Src/stm32f4xx_hal_tim.o
 .text.TIM_ITRx_SetConfig
                0x0800b6ae       0x36 ./Drivers/STM32F4xx_HAL_Driver/Src/stm32f4xx_hal_tim.o
 .text.TIM_ETR_SetConfig
                0x0800b6e4       0x40 ./Drivers/STM32F4xx_HAL_Driver/Src/stm32f4xx_hal_tim.o
                0x0800b6e4                TIM_ETR_SetConfig
 .text.HAL_TIMEx_MasterConfigSynchronization
                0x0800b724       0xf8 ./Drivers/STM32F4xx_HAL_Driver/Src/stm32f4xx_hal_tim_ex.o
                0x0800b724                HAL_TIMEx_MasterConfigSynchronization
 .text.HAL_UART_Init
                0x0800b81c       0xa0 ./Drivers/STM32F4xx_HAL_Driver/Src/stm32f4xx_hal_uart.o
                0x0800b81c                HAL_UART_Init
 .text.HAL_UART_Transmit_IT
                0x0800b8bc       0x6c ./Drivers/STM32F4xx_HAL_Driver/Src/stm32f4xx_hal_uart.o
                0x0800b8bc                HAL_UART_Transmit_IT
 .text.HAL_UART_Receive_IT
                0x0800b928       0x4a ./Drivers/STM32F4xx_HAL_Driver/Src/stm32f4xx_hal_uart.o
                0x0800b928                HAL_UART_Receive_IT
 *fill*         0x0800b972        0x2 
 .text.HAL_UART_IRQHandler
                0x0800b974      0x554 ./Drivers/STM32F4xx_HAL_Driver/Src/stm32f4xx_hal_uart.o
                0x0800b974                HAL_UART_IRQHandler
 .text.HAL_UART_ErrorCallback
                0x0800bec8       0x14 ./Drivers/STM32F4xx_HAL_Driver/Src/stm32f4xx_hal_uart.o
                0x0800bec8                HAL_UART_ErrorCallback
 .text.HAL_UARTEx_RxEventCallback
                0x0800bedc       0x18 ./Drivers/STM32F4xx_HAL_Driver/Src/stm32f4xx_hal_uart.o
                0x0800bedc                HAL_UARTEx_RxEventCallback
 .text.UART_Start_Receive_IT
                0x0800bef4       0x74 ./Drivers/STM32F4xx_HAL_Driver/Src/stm32f4xx_hal_uart.o
                0x0800bef4                UART_Start_Receive_IT
 .text.UART_EndRxTransfer
                0x0800bf68       0xc6 ./Drivers/STM32F4xx_HAL_Driver/Src/stm32f4xx_hal_uart.o
 .text.UART_DMAAbortOnError
                0x0800c02e       0x22 ./Drivers/STM32F4xx_HAL_Driver/Src/stm32f4xx_hal_uart.o
 .text.UART_Transmit_IT
                0x0800c050       0xa0 ./Drivers/STM32F4xx_HAL_Driver/Src/stm32f4xx_hal_uart.o
 .text.UART_EndTransmit_IT
                0x0800c0f0       0x30 ./Drivers/STM32F4xx_HAL_Driver/Src/stm32f4xx_hal_uart.o
 .text.UART_Receive_IT
                0x0800c120      0x17c ./Drivers/STM32F4xx_HAL_Driver/Src/stm32f4xx_hal_uart.o
 .text.UART_SetConfig
                0x0800c29c      0x4e8 ./Drivers/STM32F4xx_HAL_Driver/Src/stm32f4xx_hal_uart.o
 .text.USB_CoreInit
                0x0800c784       0xc8 ./Drivers/STM32F4xx_HAL_Driver/Src/stm32f4xx_ll_usb.o
                0x0800c784                USB_CoreInit
 .text.USB_SetTurnaroundTime
                0x0800c84c      0x144 ./Drivers/STM32F4xx_HAL_Driver/Src/stm32f4xx_ll_usb.o
                0x0800c84c                USB_SetTurnaroundTime
 .text.USB_EnableGlobalInt
                0x0800c990       0x22 ./Drivers/STM32F4xx_HAL_Driver/Src/stm32f4xx_ll_usb.o
                0x0800c990                USB_EnableGlobalInt
 .text.USB_DisableGlobalInt
                0x0800c9b2       0x22 ./Drivers/STM32F4xx_HAL_Driver/Src/stm32f4xx_ll_usb.o
                0x0800c9b2                USB_DisableGlobalInt
 .text.USB_SetCurrentMode
                0x0800c9d4       0x98 ./Drivers/STM32F4xx_HAL_Driver/Src/stm32f4xx_ll_usb.o
                0x0800c9d4                USB_SetCurrentMode
 .text.USB_DevInit
                0x0800ca6c      0x2c8 ./Drivers/STM32F4xx_HAL_Driver/Src/stm32f4xx_ll_usb.o
                0x0800ca6c                USB_DevInit
 .text.USB_FlushTxFifo
                0x0800cd34       0x64 ./Drivers/STM32F4xx_HAL_Driver/Src/stm32f4xx_ll_usb.o
                0x0800cd34                USB_FlushTxFifo
 .text.USB_FlushRxFifo
                0x0800cd98       0x5c ./Drivers/STM32F4xx_HAL_Driver/Src/stm32f4xx_ll_usb.o
                0x0800cd98                USB_FlushRxFifo
 .text.USB_SetDevSpeed
                0x0800cdf4       0x32 ./Drivers/STM32F4xx_HAL_Driver/Src/stm32f4xx_ll_usb.o
                0x0800cdf4                USB_SetDevSpeed
 .text.USB_GetDevSpeed
                0x0800ce26       0x4a ./Drivers/STM32F4xx_HAL_Driver/Src/stm32f4xx_ll_usb.o
                0x0800ce26                USB_GetDevSpeed
 .text.USB_ActivateEndpoint
                0x0800ce70      0x10e ./Drivers/STM32F4xx_HAL_Driver/Src/stm32f4xx_ll_usb.o
                0x0800ce70                USB_ActivateEndpoint
 *fill*         0x0800cf7e        0x2 
 .text.USB_DeactivateEndpoint
                0x0800cf80      0x1b8 ./Drivers/STM32F4xx_HAL_Driver/Src/stm32f4xx_ll_usb.o
                0x0800cf80                USB_DeactivateEndpoint
 .text.USB_EPStartXfer
                0x0800d138      0x53c ./Drivers/STM32F4xx_HAL_Driver/Src/stm32f4xx_ll_usb.o
                0x0800d138                USB_EPStartXfer
 .text.USB_EPStopXfer
                0x0800d674      0x154 ./Drivers/STM32F4xx_HAL_Driver/Src/stm32f4xx_ll_usb.o
                0x0800d674                USB_EPStopXfer
 .text.USB_WritePacket
                0x0800d7c8       0x7c ./Drivers/STM32F4xx_HAL_Driver/Src/stm32f4xx_ll_usb.o
                0x0800d7c8                USB_WritePacket
 .text.USB_ReadPacket
                0x0800d844       0xb0 ./Drivers/STM32F4xx_HAL_Driver/Src/stm32f4xx_ll_usb.o
                0x0800d844                USB_ReadPacket
 .text.USB_EPSetStall
                0x0800d8f4       0xdc ./Drivers/STM32F4xx_HAL_Driver/Src/stm32f4xx_ll_usb.o
                0x0800d8f4                USB_EPSetStall
 .text.USB_EPClearStall
                0x0800d9d0       0xcc ./Drivers/STM32F4xx_HAL_Driver/Src/stm32f4xx_ll_usb.o
                0x0800d9d0                USB_EPClearStall
 .text.USB_SetDevAddress
                0x0800da9c       0x4c ./Drivers/STM32F4xx_HAL_Driver/Src/stm32f4xx_ll_usb.o
                0x0800da9c                USB_SetDevAddress
 .text.USB_DevConnect
                0x0800dae8       0x42 ./Drivers/STM32F4xx_HAL_Driver/Src/stm32f4xx_ll_usb.o
                0x0800dae8                USB_DevConnect
 .text.USB_DevDisconnect
                0x0800db2a       0x42 ./Drivers/STM32F4xx_HAL_Driver/Src/stm32f4xx_ll_usb.o
                0x0800db2a                USB_DevDisconnect
 .text.USB_ReadInterrupts
                0x0800db6c       0x26 ./Drivers/STM32F4xx_HAL_Driver/Src/stm32f4xx_ll_usb.o
                0x0800db6c                USB_ReadInterrupts
 .text.USB_ReadDevAllOutEpInterrupt
                0x0800db92       0x34 ./Drivers/STM32F4xx_HAL_Driver/Src/stm32f4xx_ll_usb.o
                0x0800db92                USB_ReadDevAllOutEpInterrupt
 .text.USB_ReadDevAllInEpInterrupt
                0x0800dbc6       0x34 ./Drivers/STM32F4xx_HAL_Driver/Src/stm32f4xx_ll_usb.o
                0x0800dbc6                USB_ReadDevAllInEpInterrupt
 .text.USB_ReadDevOutEPInterrupt
                0x0800dbfa       0x3c ./Drivers/STM32F4xx_HAL_Driver/Src/stm32f4xx_ll_usb.o
                0x0800dbfa                USB_ReadDevOutEPInterrupt
 .text.USB_ReadDevInEPInterrupt
                0x0800dc36       0x5c ./Drivers/STM32F4xx_HAL_Driver/Src/stm32f4xx_ll_usb.o
                0x0800dc36                USB_ReadDevInEPInterrupt
 .text.USB_GetMode
                0x0800dc92       0x1c ./Drivers/STM32F4xx_HAL_Driver/Src/stm32f4xx_ll_usb.o
                0x0800dc92                USB_GetMode
 .text.USB_ActivateSetup
                0x0800dcae       0x46 ./Drivers/STM32F4xx_HAL_Driver/Src/stm32f4xx_ll_usb.o
                0x0800dcae                USB_ActivateSetup
 .text.USB_EP0_OutStart
                0x0800dcf4       0xbc ./Drivers/STM32F4xx_HAL_Driver/Src/stm32f4xx_ll_usb.o
                0x0800dcf4                USB_EP0_OutStart
 .text.USB_CoreReset
                0x0800ddb0       0x70 ./Drivers/STM32F4xx_HAL_Driver/Src/stm32f4xx_ll_usb.o
 .text.USBD_CDC_Init
                0x0800de20      0x1f0 ./Middlewares/ST/STM32_USB_Device_Library/Class/CDC/Src/usbd_cdc.o
 .text.USBD_CDC_DeInit
                0x0800e010      0x104 ./Middlewares/ST/STM32_USB_Device_Library/Class/CDC/Src/usbd_cdc.o
 .text.USBD_CDC_Setup
                0x0800e114      0x1b8 ./Middlewares/ST/STM32_USB_Device_Library/Class/CDC/Src/usbd_cdc.o
 .text.USBD_CDC_DataIn
                0x0800e2cc       0xfe ./Middlewares/ST/STM32_USB_Device_Library/Class/CDC/Src/usbd_cdc.o
 .text.USBD_CDC_DataOut
                0x0800e3ca       0x70 ./Middlewares/ST/STM32_USB_Device_Library/Class/CDC/Src/usbd_cdc.o
 .text.USBD_CDC_EP0_RxReady
                0x0800e43a       0x74 ./Middlewares/ST/STM32_USB_Device_Library/Class/CDC/Src/usbd_cdc.o
 *fill*         0x0800e4ae        0x2 
 .text.USBD_CDC_GetFSCfgDesc
                0x0800e4b0       0x70 ./Middlewares/ST/STM32_USB_Device_Library/Class/CDC/Src/usbd_cdc.o
 .text.USBD_CDC_GetHSCfgDesc
                0x0800e520       0x70 ./Middlewares/ST/STM32_USB_Device_Library/Class/CDC/Src/usbd_cdc.o
 .text.USBD_CDC_GetOtherSpeedCfgDesc
                0x0800e590       0x70 ./Middlewares/ST/STM32_USB_Device_Library/Class/CDC/Src/usbd_cdc.o
 .text.USBD_CDC_GetDeviceQualifierDescriptor
                0x0800e600       0x20 ./Middlewares/ST/STM32_USB_Device_Library/Class/CDC/Src/usbd_cdc.o
                0x0800e600                USBD_CDC_GetDeviceQualifierDescriptor
 .text.USBD_CDC_RegisterInterface
                0x0800e620       0x34 ./Middlewares/ST/STM32_USB_Device_Library/Class/CDC/Src/usbd_cdc.o
                0x0800e620                USBD_CDC_RegisterInterface
 .text.USBD_CDC_SetTxBuffer
                0x0800e654       0x44 ./Middlewares/ST/STM32_USB_Device_Library/Class/CDC/Src/usbd_cdc.o
                0x0800e654                USBD_CDC_SetTxBuffer
 .text.USBD_CDC_SetRxBuffer
                0x0800e698       0x3a ./Middlewares/ST/STM32_USB_Device_Library/Class/CDC/Src/usbd_cdc.o
                0x0800e698                USBD_CDC_SetRxBuffer
 *fill*         0x0800e6d2        0x2 
 .text.USBD_CDC_TransmitPacket
                0x0800e6d4       0x80 ./Middlewares/ST/STM32_USB_Device_Library/Class/CDC/Src/usbd_cdc.o
                0x0800e6d4                USBD_CDC_TransmitPacket
 .text.USBD_CDC_ReceivePacket
                0x0800e754       0x6c ./Middlewares/ST/STM32_USB_Device_Library/Class/CDC/Src/usbd_cdc.o
                0x0800e754                USBD_CDC_ReceivePacket
 .text.USBD_Init
                0x0800e7c0       0x60 ./Middlewares/ST/STM32_USB_Device_Library/Core/Src/usbd_core.o
                0x0800e7c0                USBD_Init
 .text.USBD_RegisterClass
                0x0800e820       0x6c ./Middlewares/ST/STM32_USB_Device_Library/Core/Src/usbd_core.o
                0x0800e820                USBD_RegisterClass
 .text.USBD_Start
                0x0800e88c       0x18 ./Middlewares/ST/STM32_USB_Device_Library/Core/Src/usbd_core.o
                0x0800e88c                USBD_Start
 .text.USBD_RunTestMode
                0x0800e8a4       0x16 ./Middlewares/ST/STM32_USB_Device_Library/Core/Src/usbd_core.o
                0x0800e8a4                USBD_RunTestMode
 .text.USBD_SetClassConfig
                0x0800e8ba       0x38 ./Middlewares/ST/STM32_USB_Device_Library/Core/Src/usbd_core.o
                0x0800e8ba                USBD_SetClassConfig
 .text.USBD_ClrClassConfig
                0x0800e8f2       0x34 ./Middlewares/ST/STM32_USB_Device_Library/Core/Src/usbd_core.o
                0x0800e8f2                USBD_ClrClassConfig
 .text.USBD_LL_SetupStage
                0x0800e926       0xaa ./Middlewares/ST/STM32_USB_Device_Library/Core/Src/usbd_core.o
                0x0800e926                USBD_LL_SetupStage
 .text.USBD_LL_DataOutStage
                0x0800e9d0      0x178 ./Middlewares/ST/STM32_USB_Device_Library/Core/Src/usbd_core.o
                0x0800e9d0                USBD_LL_DataOutStage
 .text.USBD_LL_DataInStage
                0x0800eb48      0x176 ./Middlewares/ST/STM32_USB_Device_Library/Core/Src/usbd_core.o
                0x0800eb48                USBD_LL_DataInStage
 .text.USBD_LL_Reset
                0x0800ecbe       0xa6 ./Middlewares/ST/STM32_USB_Device_Library/Core/Src/usbd_core.o
                0x0800ecbe                USBD_LL_Reset
 .text.USBD_LL_SetSpeed
                0x0800ed64       0x20 ./Middlewares/ST/STM32_USB_Device_Library/Core/Src/usbd_core.o
                0x0800ed64                USBD_LL_SetSpeed
 .text.USBD_LL_Suspend
                0x0800ed84       0x38 ./Middlewares/ST/STM32_USB_Device_Library/Core/Src/usbd_core.o
                0x0800ed84                USBD_LL_Suspend
 .text.USBD_LL_Resume
                0x0800edbc       0x30 ./Middlewares/ST/STM32_USB_Device_Library/Core/Src/usbd_core.o
                0x0800edbc                USBD_LL_Resume
 .text.USBD_LL_SOF
                0x0800edec       0x40 ./Middlewares/ST/STM32_USB_Device_Library/Core/Src/usbd_core.o
                0x0800edec                USBD_LL_SOF
 .text.USBD_LL_IsoINIncomplete
                0x0800ee2c       0x64 ./Middlewares/ST/STM32_USB_Device_Library/Core/Src/usbd_core.o
                0x0800ee2c                USBD_LL_IsoINIncomplete
 .text.USBD_LL_IsoOUTIncomplete
                0x0800ee90       0x64 ./Middlewares/ST/STM32_USB_Device_Library/Core/Src/usbd_core.o
                0x0800ee90                USBD_LL_IsoOUTIncomplete
 .text.USBD_LL_DevConnected
                0x0800eef4       0x16 ./Middlewares/ST/STM32_USB_Device_Library/Core/Src/usbd_core.o
                0x0800eef4                USBD_LL_DevConnected
 .text.USBD_LL_DevDisconnected
                0x0800ef0a       0x46 ./Middlewares/ST/STM32_USB_Device_Library/Core/Src/usbd_core.o
                0x0800ef0a                USBD_LL_DevDisconnected
 .text.USBD_CoreFindIF
                0x0800ef50       0x1a ./Middlewares/ST/STM32_USB_Device_Library/Core/Src/usbd_core.o
                0x0800ef50                USBD_CoreFindIF
 .text.USBD_CoreFindEP
                0x0800ef6a       0x1a ./Middlewares/ST/STM32_USB_Device_Library/Core/Src/usbd_core.o
                0x0800ef6a                USBD_CoreFindEP
 .text.USBD_GetEpDesc
                0x0800ef84       0x70 ./Middlewares/ST/STM32_USB_Device_Library/Core/Src/usbd_core.o
                0x0800ef84                USBD_GetEpDesc
 .text.USBD_GetNextDesc
                0x0800eff4       0x38 ./Middlewares/ST/STM32_USB_Device_Library/Core/Src/usbd_core.o
                0x0800eff4                USBD_GetNextDesc
 .text.SWAPBYTE
                0x0800f02c       0x3e ./Middlewares/ST/STM32_USB_Device_Library/Core/Src/usbd_ctlreq.o
 *fill*         0x0800f06a        0x2 
 .text.USBD_StdDevReq
                0x0800f06c       0xe4 ./Middlewares/ST/STM32_USB_Device_Library/Core/Src/usbd_ctlreq.o
                0x0800f06c                USBD_StdDevReq
 .text.USBD_StdItfReq
                0x0800f150       0xd8 ./Middlewares/ST/STM32_USB_Device_Library/Core/Src/usbd_ctlreq.o
                0x0800f150                USBD_StdItfReq
 .text.USBD_StdEPReq
                0x0800f228      0x33e ./Middlewares/ST/STM32_USB_Device_Library/Core/Src/usbd_ctlreq.o
                0x0800f228                USBD_StdEPReq
 *fill*         0x0800f566        0x2 
 .text.USBD_GetDescriptor
                0x0800f568      0x2d4 ./Middlewares/ST/STM32_USB_Device_Library/Core/Src/usbd_ctlreq.o
 .text.USBD_SetAddress
                0x0800f83c       0x88 ./Middlewares/ST/STM32_USB_Device_Library/Core/Src/usbd_ctlreq.o
 .text.USBD_SetConfig
                0x0800f8c4      0x154 ./Middlewares/ST/STM32_USB_Device_Library/Core/Src/usbd_ctlreq.o
 .text.USBD_GetConfig
                0x0800fa18       0x6c ./Middlewares/ST/STM32_USB_Device_Library/Core/Src/usbd_ctlreq.o
 .text.USBD_GetStatus
                0x0800fa84       0x68 ./Middlewares/ST/STM32_USB_Device_Library/Core/Src/usbd_ctlreq.o
 .text.USBD_SetFeature
                0x0800faec       0x52 ./Middlewares/ST/STM32_USB_Device_Library/Core/Src/usbd_ctlreq.o
 .text.USBD_ClrFeature
                0x0800fb3e       0x44 ./Middlewares/ST/STM32_USB_Device_Library/Core/Src/usbd_ctlreq.o
 .text.USBD_ParseSetupRequest
                0x0800fb82       0x74 ./Middlewares/ST/STM32_USB_Device_Library/Core/Src/usbd_ctlreq.o
                0x0800fb82                USBD_ParseSetupRequest
 .text.USBD_CtlError
                0x0800fbf6       0x22 ./Middlewares/ST/STM32_USB_Device_Library/Core/Src/usbd_ctlreq.o
                0x0800fbf6                USBD_CtlError
 .text.USBD_GetString
                0x0800fc18       0xa4 ./Middlewares/ST/STM32_USB_Device_Library/Core/Src/usbd_ctlreq.o
                0x0800fc18                USBD_GetString
 .text.USBD_GetLen
                0x0800fcbc       0x34 ./Middlewares/ST/STM32_USB_Device_Library/Core/Src/usbd_ctlreq.o
 .text.USBD_CtlSendData
                0x0800fcf0       0x3c ./Middlewares/ST/STM32_USB_Device_Library/Core/Src/usbd_ioreq.o
                0x0800fcf0                USBD_CtlSendData
 .text.USBD_CtlContinueSendData
                0x0800fd2c       0x22 ./Middlewares/ST/STM32_USB_Device_Library/Core/Src/usbd_ioreq.o
                0x0800fd2c                USBD_CtlContinueSendData
 .text.USBD_CtlPrepareRx
                0x0800fd4e       0x42 ./Middlewares/ST/STM32_USB_Device_Library/Core/Src/usbd_ioreq.o
                0x0800fd4e                USBD_CtlPrepareRx
 .text.USBD_CtlContinueRx
                0x0800fd90       0x22 ./Middlewares/ST/STM32_USB_Device_Library/Core/Src/usbd_ioreq.o
                0x0800fd90                USBD_CtlContinueRx
 .text.USBD_CtlSendStatus
                0x0800fdb2       0x26 ./Middlewares/ST/STM32_USB_Device_Library/Core/Src/usbd_ioreq.o
                0x0800fdb2                USBD_CtlSendStatus
 .text.USBD_CtlReceiveStatus
                0x0800fdd8       0x26 ./Middlewares/ST/STM32_USB_Device_Library/Core/Src/usbd_ioreq.o
                0x0800fdd8                USBD_CtlReceiveStatus
 *fill*         0x0800fdfe        0x2 
 .text.MX_USB_DEVICE_Init
                0x0800fe00       0x60 ./USB_DEVICE/App/usb_device.o
                0x0800fe00                MX_USB_DEVICE_Init
 .text.CDC_Init_FS
                0x0800fe60       0x28 ./USB_DEVICE/App/usbd_cdc_if.o
 .text.CDC_DeInit_FS
                0x0800fe88       0x10 ./USB_DEVICE/App/usbd_cdc_if.o
 .text.CDC_Control_FS
                0x0800fe98       0xbc ./USB_DEVICE/App/usbd_cdc_if.o
 .text.CDC_Receive_FS
                0x0800ff54       0x4c ./USB_DEVICE/App/usbd_cdc_if.o
 .text.CDC_Transmit_FS
                0x0800ffa0       0x4c ./USB_DEVICE/App/usbd_cdc_if.o
                0x0800ffa0                CDC_Transmit_FS
 .text.CDC_TransmitCplt_FS
                0x0800ffec       0x2c ./USB_DEVICE/App/usbd_cdc_if.o
 .text.USBD_FS_DeviceDescriptor
                0x08010018       0x24 ./USB_DEVICE/App/usbd_desc.o
                0x08010018                USBD_FS_DeviceDescriptor
 .text.USBD_FS_LangIDStrDescriptor
                0x0801003c       0x24 ./USB_DEVICE/App/usbd_desc.o
                0x0801003c                USBD_FS_LangIDStrDescriptor
 .text.USBD_FS_ProductStrDescriptor
                0x08010060       0x3c ./USB_DEVICE/App/usbd_desc.o
                0x08010060                USBD_FS_ProductStrDescriptor
 .text.USBD_FS_ManufacturerStrDescriptor
                0x0801009c       0x28 ./USB_DEVICE/App/usbd_desc.o
                0x0801009c                USBD_FS_ManufacturerStrDescriptor
 .text.USBD_FS_SerialStrDescriptor
                0x080100c4       0x24 ./USB_DEVICE/App/usbd_desc.o
                0x080100c4                USBD_FS_SerialStrDescriptor
 .text.USBD_FS_ConfigStrDescriptor
                0x080100e8       0x3c ./USB_DEVICE/App/usbd_desc.o
                0x080100e8                USBD_FS_ConfigStrDescriptor
 .text.USBD_FS_InterfaceStrDescriptor
                0x08010124       0x3c ./USB_DEVICE/App/usbd_desc.o
                0x08010124                USBD_FS_InterfaceStrDescriptor
 .text.Get_SerialNum
                0x08010160       0x58 ./USB_DEVICE/App/usbd_desc.o
 .text.IntToUnicode
                0x080101b8       0x7e ./USB_DEVICE/App/usbd_desc.o
 *fill*         0x08010236        0x2 
 .text.HAL_PCD_MspInit
                0x08010238       0xa8 ./USB_DEVICE/Target/usbd_conf.o
                0x08010238                HAL_PCD_MspInit
 .text.HAL_PCD_SetupStageCallback
                0x080102e0       0x24 ./USB_DEVICE/Target/usbd_conf.o
                0x080102e0                HAL_PCD_SetupStageCallback
 .text.HAL_PCD_DataOutStageCallback
                0x08010304       0x36 ./USB_DEVICE/Target/usbd_conf.o
                0x08010304                HAL_PCD_DataOutStageCallback
 .text.HAL_PCD_DataInStageCallback
                0x0801033a       0x34 ./USB_DEVICE/Target/usbd_conf.o
                0x0801033a                HAL_PCD_DataInStageCallback
 .text.HAL_PCD_SOFCallback
                0x0801036e       0x1c ./USB_DEVICE/Target/usbd_conf.o
                0x0801036e                HAL_PCD_SOFCallback
 .text.HAL_PCD_ResetCallback
                0x0801038a       0x50 ./USB_DEVICE/Target/usbd_conf.o
                0x0801038a                HAL_PCD_ResetCallback
 *fill*         0x080103da        0x2 
 .text.HAL_PCD_SuspendCallback
                0x080103dc       0x4c ./USB_DEVICE/Target/usbd_conf.o
                0x080103dc                HAL_PCD_SuspendCallback
 .text.HAL_PCD_ResumeCallback
                0x08010428       0x1c ./USB_DEVICE/Target/usbd_conf.o
                0x08010428                HAL_PCD_ResumeCallback
 .text.HAL_PCD_ISOOUTIncompleteCallback
                0x08010444       0x24 ./USB_DEVICE/Target/usbd_conf.o
                0x08010444                HAL_PCD_ISOOUTIncompleteCallback
 .text.HAL_PCD_ISOINIncompleteCallback
                0x08010468       0x24 ./USB_DEVICE/Target/usbd_conf.o
                0x08010468                HAL_PCD_ISOINIncompleteCallback
 .text.HAL_PCD_ConnectCallback
                0x0801048c       0x1c ./USB_DEVICE/Target/usbd_conf.o
                0x0801048c                HAL_PCD_ConnectCallback
 .text.HAL_PCD_DisconnectCallback
                0x080104a8       0x1c ./USB_DEVICE/Target/usbd_conf.o
                0x080104a8                HAL_PCD_DisconnectCallback
 .text.USBD_LL_Init
                0x080104c4       0x98 ./USB_DEVICE/Target/usbd_conf.o
                0x080104c4                USBD_LL_Init
 .text.USBD_LL_Start
                0x0801055c       0x36 ./USB_DEVICE/Target/usbd_conf.o
                0x0801055c                USBD_LL_Start
 .text.USBD_LL_OpenEP
                0x08010592       0x4c ./USB_DEVICE/Target/usbd_conf.o
                0x08010592                USBD_LL_OpenEP
 .text.USBD_LL_CloseEP
                0x080105de       0x3e ./USB_DEVICE/Target/usbd_conf.o
                0x080105de                USBD_LL_CloseEP
 .text.USBD_LL_StallEP
                0x0801061c       0x3e ./USB_DEVICE/Target/usbd_conf.o
                0x0801061c                USBD_LL_StallEP
 .text.USBD_LL_ClearStallEP
                0x0801065a       0x3e ./USB_DEVICE/Target/usbd_conf.o
                0x0801065a                USBD_LL_ClearStallEP
 .text.USBD_LL_IsStallEP
                0x08010698       0x58 ./USB_DEVICE/Target/usbd_conf.o
                0x08010698                USBD_LL_IsStallEP
 .text.USBD_LL_SetUSBAddress
                0x080106f0       0x3e ./USB_DEVICE/Target/usbd_conf.o
                0x080106f0                USBD_LL_SetUSBAddress
 .text.USBD_LL_Transmit
                0x0801072e       0x42 ./USB_DEVICE/Target/usbd_conf.o
                0x0801072e                USBD_LL_Transmit
 .text.USBD_LL_PrepareReceive
                0x08010770       0x42 ./USB_DEVICE/Target/usbd_conf.o
                0x08010770                USBD_LL_PrepareReceive
 .text.USBD_LL_GetRxDataSize
                0x080107b2       0x26 ./USB_DEVICE/Target/usbd_conf.o
                0x080107b2                USBD_LL_GetRxDataSize
 .text.USBD_static_malloc
                0x080107d8       0x1c ./USB_DEVICE/Target/usbd_conf.o
                0x080107d8                USBD_static_malloc
 .text.USBD_static_free
                0x080107f4       0x14 ./USB_DEVICE/Target/usbd_conf.o
                0x080107f4                USBD_static_free
 .text.USBD_Get_USB_Status
                0x08010808       0x58 ./USB_DEVICE/Target/usbd_conf.o
                0x08010808                USBD_Get_USB_Status
 .text.atoi     0x08010860        0x8 C:/ST/STM32CubeIDE_2.0.0/STM32CubeIDE/plugins/com.st.stm32cube.ide.mcu.externaltools.gnu-tools-for-stm32.13.3.rel1.win32_1.0.100.202509120712/tools/bin/../lib/gcc/arm-none-eabi/13.3.1/../../../../arm-none-eabi/lib/thumb/v7e-m+fp/hard\libc_nano.a(libc_a-atoi.o)
                0x08010860                atoi
 .text._strtol_l.isra.0
                0x08010868       0xf4 C:/ST/STM32CubeIDE_2.0.0/STM32CubeIDE/plugins/com.st.stm32cube.ide.mcu.externaltools.gnu-tools-for-stm32.13.3.rel1.win32_1.0.100.202509120712/tools/bin/../lib/gcc/arm-none-eabi/13.3.1/../../../../arm-none-eabi/lib/thumb/v7e-m+fp/hard\libc_nano.a(libc_a-strtol.o)
 .text._strtol_r
                0x0801095c        0x4 C:/ST/STM32CubeIDE_2.0.0/STM32CubeIDE/plugins/com.st.stm32cube.ide.mcu.externaltools.gnu-tools-for-stm32.13.3.rel1.win32_1.0.100.202509120712/tools/bin/../lib/gcc/arm-none-eabi/13.3.1/../../../../arm-none-eabi/lib/thumb/v7e-m+fp/hard\libc_nano.a(libc_a-strtol.o)
                0x0801095c                _strtol_r
 .text.strtol   0x08010960       0x14 C:/ST/STM32CubeIDE_2.0.0/STM32CubeIDE/plugins/com.st.stm32cube.ide.mcu.externaltools.gnu-tools-for-stm32.13.3.rel1.win32_1.0.100.202509120712/tools/bin/../lib/gcc/arm-none-eabi/13.3.1/../../../../arm-none-eabi/lib/thumb/v7e-m+fp/hard\libc_nano.a(libc_a-strtol.o)
                0x08010960                strtol
 .text.snprintf
                0x08010974       0x6c C:/ST/STM32CubeIDE_2.0.0/STM32CubeIDE/plugins/com.st.stm32cube.ide.mcu.externaltools.gnu-tools-for-stm32.13.3.rel1.win32_1.0.100.202509120712/tools/bin/../lib/gcc/arm-none-eabi/13.3.1/../../../../arm-none-eabi/lib/thumb/v7e-m+fp/hard\libc_nano.a(libc_a-snprintf.o)
                0x08010974                sniprintf
                0x08010974                snprintf
 .text.sscanf   0x080109e0       0x58 C:/ST/STM32CubeIDE_2.0.0/STM32CubeIDE/plugins/com.st.stm32cube.ide.mcu.externaltools.gnu-tools-for-stm32.13.3.rel1.win32_1.0.100.202509120712/tools/bin/../lib/gcc/arm-none-eabi/13.3.1/../../../../arm-none-eabi/lib/thumb/v7e-m+fp/hard\libc_nano.a(libc_a-sscanf.o)
                0x080109e0                siscanf
                0x080109e0                sscanf
 .text.__seofread
                0x08010a38        0x4 C:/ST/STM32CubeIDE_2.0.0/STM32CubeIDE/plugins/com.st.stm32cube.ide.mcu.externaltools.gnu-tools-for-stm32.13.3.rel1.win32_1.0.100.202509120712/tools/bin/../lib/gcc/arm-none-eabi/13.3.1/../../../../arm-none-eabi/lib/thumb/v7e-m+fp/hard\libc_nano.a(libc_a-stdio.o)
                0x08010a38                __seofread
 .text.memcmp   0x08010a3c       0x20 C:/ST/STM32CubeIDE_2.0.0/STM32CubeIDE/plugins/com.st.stm32cube.ide.mcu.externaltools.gnu-tools-for-stm32.13.3.rel1.win32_1.0.100.202509120712/tools/bin/../lib/gcc/arm-none-eabi/13.3.1/../../../../arm-none-eabi/lib/thumb/v7e-m+fp/hard\libc_nano.a(libc_a-memcmp.o)
                0x08010a3c                memcmp
 .text.memset   0x08010a5c       0x10 C:/ST/STM32CubeIDE_2.0.0/STM32CubeIDE/plugins/com.st.stm32cube.ide.mcu.externaltools.gnu-tools-for-stm32.13.3.rel1.win32_1.0.100.202509120712/tools/bin/../lib/gcc/arm-none-eabi/13.3.1/../../../../arm-none-eabi/lib/thumb/v7e-m+fp/hard\libc_nano.a(libc_a-memset.o)
                0x08010a5c                memset
 .text.strchr   0x08010a6c       0x1a C:/ST/STM32CubeIDE_2.0.0/STM32CubeIDE/plugins/com.st.stm32cube.ide.mcu.externaltools.gnu-tools-for-stm32.13.3.rel1.win32_1.0.100.202509120712/tools/bin/../lib/gcc/arm-none-eabi/13.3.1/../../../../arm-none-eabi/lib/thumb/v7e-m+fp/hard\libc_nano.a(libc_a-strchr.o)
                0x08010a6c                strchr
 .text.strncmp  0x08010a86       0x24 C:/ST/STM32CubeIDE_2.0.0/STM32CubeIDE/plugins/com.st.stm32cube.ide.mcu.externaltools.gnu-tools-for-stm32.13.3.rel1.win32_1.0.100.202509120712/tools/bin/../lib/gcc/arm-none-eabi/13.3.1/../../../../arm-none-eabi/lib/thumb/v7e-m+fp/hard\libc_nano.a(libc_a-strncmp.o)
                0x08010a86                strncmp
 .text.strncpy  0x08010aaa       0x26 C:/ST/STM32CubeIDE_2.0.0/STM32CubeIDE/plugins/com.st.stm32cube.ide.mcu.externaltools.gnu-tools-for-stm32.13.3.rel1.win32_1.0.100.202509120712/tools/bin/../lib/gcc/arm-none-eabi/13.3.1/../../../../arm-none-eabi/lib/thumb/v7e-m+fp/hard\libc_nano.a(libc_a-strncpy.o)
                0x08010aaa                strncpy
 .text.strstr   0x08010ad0       0x2c C:/ST/STM32CubeIDE_2.0.0/STM32CubeIDE/plugins/com.st.stm32cube.ide.mcu.externaltools.gnu-tools-for-stm32.13.3.rel1.win32_1.0.100.202509120712/tools/bin/../lib/gcc/arm-none-eabi/13.3.1/../../../../arm-none-eabi/lib/thumb/v7e-m+fp/hard\libc_nano.a(libc_a-strstr.o)
                0x08010ad0                strstr
 .text.__errno  0x08010afc        0xc C:/ST/STM32CubeIDE_2.0.0/STM32CubeIDE/plugins/com.st.stm32cube.ide.mcu.externaltools.gnu-tools-for-stm32.13.3.rel1.win32_1.0.100.202509120712/tools/bin/../lib/gcc/arm-none-eabi/13.3.1/../../../../arm-none-eabi/lib/thumb/v7e-m+fp/hard\libc_nano.a(libc_a-errno.o)
                0x08010afc                __errno
 .text.__libc_init_array
                0x08010b08       0x48 C:/ST/STM32CubeIDE_2.0.0/STM32CubeIDE/plugins/com.st.stm32cube.ide.mcu.externaltools.gnu-tools-for-stm32.13.3.rel1.win32_1.0.100.202509120712/tools/bin/../lib/gcc/arm-none-eabi/13.3.1/../../../../arm-none-eabi/lib/thumb/v7e-m+fp/hard\libc_nano.a(libc_a-init.o)
                0x08010b08                __libc_init_array
 .text.__retarget_lock_acquire_recursive
                0x08010b50        0x2 C:/ST/STM32CubeIDE_2.0.0/STM32CubeIDE/plugins/com.st.stm32cube.ide.mcu.externaltools.gnu-tools-for-stm32.13.3.rel1.win32_1.0.100.202509120712/tools/bin/../lib/gcc/arm-none-eabi/13.3.1/../../../../arm-none-eabi/lib/thumb/v7e-m+fp/hard\libc_nano.a(libc_a-lock.o)
                0x08010b50                __retarget_lock_acquire_recursive
 .text.__retarget_lock_release_recursive
                0x08010b52        0x2 C:/ST/STM32CubeIDE_2.0.0/STM32CubeIDE/plugins/com.st.stm32cube.ide.mcu.externaltools.gnu-tools-for-stm32.13.3.rel1.win32_1.0.100.202509120712/tools/bin/../lib/gcc/arm-none-eabi/13.3.1/../../../../arm-none-eabi/lib/thumb/v7e-m+fp/hard\libc_nano.a(libc_a-lock.o)
                0x08010b52                __retarget_lock_release_recursive
 .text.memcpy   0x08010b54       0x1c C:/ST/STM32CubeIDE_2.0.0/STM32CubeIDE/plugins/com.st.stm32cube.ide.mcu.externaltools.gnu-tools-for-stm32.13.3.rel1.win32_1.0.100.202509120712/tools/bin/../lib/gcc/arm-none-eabi/13.3.1/../../../../arm-none-eabi/lib/thumb/v7e-m+fp/hard\libc_nano.a(libc_a-memcpy-stub.o)
                0x08010b54                memcpy
 .text._free_r  0x08010b70       0x94 C:/ST/STM32CubeIDE_2.0.0/STM32CubeIDE/plugins/com.st.stm32cube.ide.mcu.externaltools.gnu-tools-for-stm32.13.3.rel1.win32_1.0.100.202509120712/tools/bin/../lib/gcc/arm-none-eabi/13.3.1/../../../../arm-none-eabi/lib/thumb/v7e-m+fp/hard\libc_nano.a(libc_a-freer.o)
                0x08010b70                _free_r
 .text.sbrk_aligned
                0x08010c04       0x44 C:/ST/STM32CubeIDE_2.0.0/STM32CubeIDE/plugins/com.st.stm32cube.ide.mcu.externaltools.gnu-tools-for-stm32.13.3.rel1.win32_1.0.100.202509120712/tools/bin/../lib/gcc/arm-none-eabi/13.3.1/../../../../arm-none-eabi/lib/thumb/v7e-m+fp/hard\libc_nano.a(libc_a-mallocr.o)
 .text._malloc_r
                0x08010c48      0x100 C:/ST/STM32CubeIDE_2.0.0/STM32CubeIDE/plugins/com.st.stm32cube.ide.mcu.externaltools.gnu-tools-for-stm32.13.3.rel1.win32_1.0.100.202509120712/tools/bin/../lib/gcc/arm-none-eabi/13.3.1/../../../../arm-none-eabi/lib/thumb/v7e-m+fp/hard\libc_nano.a(libc_a-mallocr.o)
                0x08010c48                _malloc_r
 .text.__malloc_lock
                0x08010d48        0xc C:/ST/STM32CubeIDE_2.0.0/STM32CubeIDE/plugins/com.st.stm32cube.ide.mcu.externaltools.gnu-tools-for-stm32.13.3.rel1.win32_1.0.100.202509120712/tools/bin/../lib/gcc/arm-none-eabi/13.3.1/../../../../arm-none-eabi/lib/thumb/v7e-m+fp/hard\libc_nano.a(libc_a-mlock.o)
                0x08010d48                __malloc_lock
 .text.__malloc_unlock
                0x08010d54        0xc C:/ST/STM32CubeIDE_2.0.0/STM32CubeIDE/plugins/com.st.stm32cube.ide.mcu.externaltools.gnu-tools-for-stm32.13.3.rel1.win32_1.0.100.202509120712/tools/bin/../lib/gcc/arm-none-eabi/13.3.1/../../../../arm-none-eabi/lib/thumb/v7e-m+fp/hard\libc_nano.a(libc_a-mlock.o)
                0x08010d54                __malloc_unlock
 .text.__ssputs_r
                0x08010d60       0xb6 C:/ST/STM32CubeIDE_2.0.0/STM32CubeIDE/plugins/com.st.stm32cube.ide.mcu.externaltools.gnu-tools-for-stm32.13.3.rel1.win32_1.0.100.202509120712/tools/bin/../lib/gcc/arm-none-eabi/13.3.1/../../../../arm-none-eabi/lib/thumb/v7e-m+fp/hard\libc_nano.a(libc_a-nano-svfprintf.o)
                0x08010d60                __ssputs_r
 *fill*         0x08010e16        0x2 
 .text._svfprintf_r
                0x08010e18      0x1f8 C:/ST/STM32CubeIDE_2.0.0/STM32CubeIDE/plugins/com.st.stm32cube.ide.mcu.externaltools.gnu-tools-for-stm32.13.3.rel1.win32_1.0.100.202509120712/tools/bin/../lib/gcc/arm-none-eabi/13.3.1/../../../../arm-none-eabi/lib/thumb/v7e-m+fp/hard\libc_nano.a(libc_a-nano-svfprintf.o)
                0x08010e18                _svfiprintf_r
                0x08010e18                _svfprintf_r
 .text._sungetc_r
                0x08011010       0x7a C:/ST/STM32CubeIDE_2.0.0/STM32CubeIDE/plugins/com.st.stm32cube.ide.mcu.externaltools.gnu-tools-for-stm32.13.3.rel1.win32_1.0.100.202509120712/tools/bin/../lib/gcc/arm-none-eabi/13.3.1/../../../../arm-none-eabi/lib/thumb/v7e-m+fp/hard\libc_nano.a(libc_a-nano-svfscanf.o)
                0x08011010                _sungetc_r
 .text.__ssrefill_r
                0x0801108a       0x3a C:/ST/STM32CubeIDE_2.0.0/STM32CubeIDE/plugins/com.st.stm32cube.ide.mcu.externaltools.gnu-tools-for-stm32.13.3.rel1.win32_1.0.100.202509120712/tools/bin/../lib/gcc/arm-none-eabi/13.3.1/../../../../arm-none-eabi/lib/thumb/v7e-m+fp/hard\libc_nano.a(libc_a-nano-svfscanf.o)
                0x0801108a                __ssrefill_r
 .text.__ssvfscanf_r
                0x080110c4      0x2ec C:/ST/STM32CubeIDE_2.0.0/STM32CubeIDE/plugins/com.st.stm32cube.ide.mcu.externaltools.gnu-tools-for-stm32.13.3.rel1.win32_1.0.100.202509120712/tools/bin/../lib/gcc/arm-none-eabi/13.3.1/../../../../arm-none-eabi/lib/thumb/v7e-m+fp/hard\libc_nano.a(libc_a-nano-svfscanf.o)
                0x080110c4                __ssvfiscanf_r
                0x080110c4                __ssvfscanf_r
 .text._printf_common
                0x080113b0       0xda C:/ST/STM32CubeIDE_2.0.0/STM32CubeIDE/plugins/com.st.stm32cube.ide.mcu.externaltools.gnu-tools-for-stm32.13.3.rel1.win32_1.0.100.202509120712/tools/bin/../lib/gcc/arm-none-eabi/13.3.1/../../../../arm-none-eabi/lib/thumb/v7e-m+fp/hard\libc_nano.a(libc_a-nano-vfprintf_i.o)
                0x080113b0                _printf_common
 *fill*         0x0801148a        0x2 
 .text._printf_i
                0x0801148c      0x23c C:/ST/STM32CubeIDE_2.0.0/STM32CubeIDE/plugins/com.st.stm32cube.ide.mcu.externaltools.gnu-tools-for-stm32.13.3.rel1.win32_1.0.100.202509120712/tools/bin/../lib/gcc/arm-none-eabi/13.3.1/../../../../arm-none-eabi/lib/thumb/v7e-m+fp/hard\libc_nano.a(libc_a-nano-vfprintf_i.o)
                0x0801148c                _printf_i
 .text._scanf_chars
                0x080116c8       0xb4 C:/ST/STM32CubeIDE_2.0.0/STM32CubeIDE/plugins/com.st.stm32cube.ide.mcu.externaltools.gnu-tools-for-stm32.13.3.rel1.win32_1.0.100.202509120712/tools/bin/../lib/gcc/arm-none-eabi/13.3.1/../../../../arm-none-eabi/lib/thumb/v7e-m+fp/hard\libc_nano.a(libc_a-nano-vfscanf_i.o)
                0x080116c8                _scanf_chars
 .text._scanf_i
                0x0801177c      0x1e8 C:/ST/STM32CubeIDE_2.0.0/STM32CubeIDE/plugins/com.st.stm32cube.ide.mcu.externaltools.gnu-tools-for-stm32.13.3.rel1.win32_1.0.100.202509120712/tools/bin/../lib/gcc/arm-none-eabi/13.3.1/../../../../arm-none-eabi/lib/thumb/v7e-m+fp/hard\libc_nano.a(libc_a-nano-vfscanf_i.o)
                0x0801177c                _scanf_i
 .text.__sccl   0x08011964       0x72 C:/ST/STM32CubeIDE_2.0.0/STM32CubeIDE/plugins/com.st.stm32cube.ide.mcu.externaltools.gnu-tools-for-stm32.13.3.rel1.win32_1.0.100.202509120712/tools/bin/../lib/gcc/arm-none-eabi/13.3.1/../../../../arm-none-eabi/lib/thumb/v7e-m+fp/hard\libc_nano.a(libc_a-sccl.o)
                0x08011964                __sccl
 .text.__submore
                0x080119d6       0x74 C:/ST/STM32CubeIDE_2.0.0/STM32CubeIDE/plugins/com.st.stm32cube.ide.mcu.externaltools.gnu-tools-for-stm32.13.3.rel1.win32_1.0.100.202509120712/tools/bin/../lib/gcc/arm-none-eabi/13.3.1/../../../../arm-none-eabi/lib/thumb/v7e-m+fp/hard\libc_nano.a(libc_a-ungetc.o)
                0x080119d6                __submore
 .text.memmove  0x08011a4a       0x34 C:/ST/STM32CubeIDE_2.0.0/STM32CubeIDE/plugins/com.st.stm32cube.ide.mcu.externaltools.gnu-tools-for-stm32.13.3.rel1.win32_1.0.100.202509120712/tools/bin/../lib/gcc/arm-none-eabi/13.3.1/../../../../arm-none-eabi/lib/thumb/v7e-m+fp/hard\libc_nano.a(libc_a-memmove.o)
                0x08011a4a                memmove
 *fill*         0x08011a7e        0x2 
 .text._sbrk_r  0x08011a80       0x20 C:/ST/STM32CubeIDE_2.0.0/STM32CubeIDE/plugins/com.st.stm32cube.ide.mcu.externaltools.gnu-tools-for-stm32.13.3.rel1.win32_1.0.100.202509120712/tools/bin/../lib/gcc/arm-none-eabi/13.3.1/../../../../arm-none-eabi/lib/thumb/v7e-m+fp/hard\libc_nano.a(libc_a-sbrkr.o)
                0x08011a80                _sbrk_r
 .text._realloc_r
                0x08011aa0       0x5c C:/ST/STM32CubeIDE_2.0.0/STM32CubeIDE/plugins/com.st.stm32cube.ide.mcu.externaltools.gnu-tools-for-stm32.13.3.rel1.win32_1.0.100.202509120712/tools/bin/../lib/gcc/arm-none-eabi/13.3.1/../../../../arm-none-eabi/lib/thumb/v7e-m+fp/hard\libc_nano.a(libc_a-reallocr.o)
                0x08011aa0                _realloc_r
 .text._strtoul_l.isra.0
                0x08011afc       0xdc C:/ST/STM32CubeIDE_2.0.0/STM32CubeIDE/plugins/com.st.stm32cube.ide.mcu.externaltools.gnu-tools-for-stm32.13.3.rel1.win32_1.0.100.202509120712/tools/bin/../lib/gcc/arm-none-eabi/13.3.1/../../../../arm-none-eabi/lib/thumb/v7e-m+fp/hard\libc_nano.a(libc_a-strtoul.o)
 .text._strtoul_r
                0x08011bd8        0x4 C:/ST/STM32CubeIDE_2.0.0/STM32CubeIDE/plugins/com.st.stm32cube.ide.mcu.externaltools.gnu-tools-for-stm32.13.3.rel1.win32_1.0.100.202509120712/tools/bin/../lib/gcc/arm-none-eabi/13.3.1/../../../../arm-none-eabi/lib/thumb/v7e-m+fp/hard\libc_nano.a(libc_a-strtoul.o)
                0x08011bd8                _strtoul_r
 .text._malloc_usable_size_r
                0x08011bdc       0x10 C:/ST/STM32CubeIDE_2.0.0/STM32CubeIDE/plugins/com.st.stm32cube.ide.mcu.externaltools.gnu-tools-for-stm32.13.3.rel1.win32_1.0.100.202509120712/tools/bin/../lib/gcc/arm-none-eabi/13.3.1/../../../../arm-none-eabi/lib/thumb/v7e-m+fp/hard\libc_nano.a(libc_a-msizer.o)
                0x08011bdc                _malloc_usable_size_r
 *(.glue_7)
 .glue_7        0x08011bec        0x0 linker stubs
 *(.glue_7t)
 .glue_7t       0x08011bec        0x0 linker stubs
 *(.eh_frame)
 .eh_frame      0x08011bec        0x0 C:/ST/STM32CubeIDE_2.0.0/STM32CubeIDE/plugins/com.st.stm32cube.ide.mcu.externaltools.gnu-tools-for-stm32.13.3.rel1.win32_1.0.100.202509120712/tools/bin/../lib/gcc/arm-none-eabi/13.3.1/thumb/v7e-m+fp/hard/crtbegin.o
 *(.init)
 .init          0x08011bec        0x4 C:/ST/STM32CubeIDE_2.0.0/STM32CubeIDE/plugins/com.st.stm32cube.ide.mcu.externaltools.gnu-tools-for-stm32.13.3.rel1.win32_1.0.100.202509120712/tools/bin/../lib/gcc/arm-none-eabi/13.3.1/thumb/v7e-m+fp/hard/crti.o
                0x08011bec                _init
 .init          0x08011bf0        0x8 C:/ST/STM32CubeIDE_2.0.0/STM32CubeIDE/plugins/com.st.stm32cube.ide.mcu.externaltools.gnu-tools-for-stm32.13.3.rel1.win32_1.0.100.202509120712/tools/bin/../lib/gcc/arm-none-eabi/13.3.1/thumb/v7e-m+fp/hard/crtn.o
 *(.fini)
 .fini          0x08011bf8        0x4 C:/ST/STM32CubeIDE_2.0.0/STM32CubeIDE/plugins/com.st.stm32cube.ide.mcu.externaltools.gnu-tools-for-stm32.13.3.rel1.win32_1.0.100.202509120712/tools/bin/../lib/gcc/arm-none-eabi/13.3.1/thumb/v7e-m+fp/hard/crti.o
                0x08011bf8                _fini
 .fini          0x08011bfc        0x8 C:/ST/STM32CubeIDE_2.0.0/STM32CubeIDE/plugins/com.st.stm32cube.ide.mcu.externaltools.gnu-tools-for-stm32.13.3.rel1.win32_1.0.100.202509120712/tools/bin/../lib/gcc/arm-none-eabi/13.3.1/thumb/v7e-m+fp/hard/crtn.o
                0x08011c04                        . = ALIGN (0x4)
                0x08011c04                        _etext = .

.vfp11_veneer   0x08011c04        0x0
 .vfp11_veneer  0x08011c04        0x0 linker stubs

.v4_bx          0x08011c04        0x0
 .v4_bx         0x08011c04        0x0 linker stubs

.iplt           0x08011c04        0x0
 .iplt          0x08011c04        0x0 C:/ST/STM32CubeIDE_2.0.0/STM32CubeIDE/plugins/com.st.stm32cube.ide.mcu.externaltools.gnu-tools-for-stm32.13.3.rel1.win32_1.0.100.202509120712/tools/bin/../lib/gcc/arm-none-eabi/13.3.1/thumb/v7e-m+fp/hard/crtbegin.o

.rodata         0x08011c04     0x32ec
                0x08011c04                        . = ALIGN (0x4)
 *(.rodata)
 .rodata        0x08011c04       0x1f ./Core/Src/comm.o
 *fill*         0x08011c23        0x1 
 .rodata        0x08011c24       0x58 ./Core/Src/main.o
 .rodata        0x08011c7c       0x53 ./Core/Src/user_config.o
 *fill*         0x08011ccf        0x1 
 .rodata        0x08011cd0      0x63e ./Core/Src/webserver.o
 *fill*         0x0801230e        0x2 
 .rodata        0x08012310       0x46 ./USB_DEVICE/App/usbd_desc.o
 *fill*         0x08012356        0x2 
 .rodata        0x08012358        0xc C:/ST/STM32CubeIDE_2.0.0/STM32CubeIDE/plugins/com.st.stm32cube.ide.mcu.externaltools.gnu-tools-for-stm32.13.3.rel1.win32_1.0.100.202509120712/tools/bin/../lib/gcc/arm-none-eabi/13.3.1/../../../../arm-none-eabi/lib/thumb/v7e-m+fp/hard\libc_nano.a(libc_a-nano-vfscanf_i.o)
 *(.rodata*)
 .rodata.baby_out_pins
                0x08012364        0x4 ./Core/Src/dio.o
 .rodata.baby_out_port
                0x08012368        0x8 ./Core/Src/dio.o
 .rodata.baby_in_pins
                0x08012370        0x8 ./Core/Src/dio.o
 .rodata.baby_in_port
                0x08012378       0x10 ./Core/Src/dio.o
 .rodata.board_configs
                0x08012388       0x50 ./Core/Src/status_led.o
 .rodata.AHBPrescTable
                0x080123d8       0x10 ./Core/Src/system_stm32f4xx.o
                0x080123d8                AHBPrescTable
 .rodata.APBPrescTable
                0x080123e8        0x8 ./Core/Src/system_stm32f4xx.o
                0x080123e8                APBPrescTable
 .rodata.web_index_html
                0x080123f0      0xb01 ./Core/Src/web_content.o
                0x080123f0                web_index_html
 *fill*         0x08012ef1        0x3 
 .rodata.web_index_html_len
                0x08012ef4        0x4 ./Core/Src/web_content.o
                0x08012ef4                web_index_html_len
 .rodata.web_settings_html
                0x08012ef8     0x185e ./Core/Src/web_content.o
                0x08012ef8                web_settings_html
 *fill*         0x08014756        0x2 
 .rodata.web_settings_html_len
                0x08014758        0x4 ./Core/Src/web_content.o
                0x08014758                web_settings_html_len
 .rodata.web_apps_html
                0x0801475c      0x62a ./Core/Src/web_content.o
                0x0801475c                web_apps_html
 *fill*         0x08014d86        0x2 
 .rodata.web_apps_html_len
                0x08014d88        0x4 ./Core/Src/web_content.o
                0x08014d88                web_apps_html_len
 .rodata.body.0
                0x08014d8c        0xa ./Core/Src/webserver.o
 *fill*         0x08014d96        0x2 
 .rodata.flagBitshiftOffset.0
                0x08014d98        0x8 ./Drivers/STM32F4xx_HAL_Driver/Src/stm32f4xx_hal_dma.o
 .rodata._ctype_