Archive member included to satisfy reference by file (symbol)

C:/ST/STM32CubeIDE_1.13.1/STM32CubeIDE/plugins/com.st.stm32cube.ide.mcu.externaltools.gnu-tools-for-stm32.13.3.rel1.win32_1.0.0.202411081344/tools/bin/../lib/gcc/arm-none-eabi/13.3.1/../../../../arm-none-eabi/lib/thumb/v7e-m+fp/hard\libc_nano.a(libc_a-exit.o)
                              C:/ST/STM32CubeIDE_1.13.1/STM32CubeIDE/plugins/com.st.stm32cube.ide.mcu.externaltools.gnu-tools-for-stm32.13.3.rel1.win32_1.0.0.202411081344/tools/bin/../lib/gcc/arm-none-eabi/13.3.1/../../../../arm-none-eabi/lib/thumb/v7e-m+fp/hard/crt0.o (exit)
C:/ST/STM32CubeIDE_1.13.1/STM32CubeIDE/plugins/com.st.stm32cube.ide.mcu.externaltools.gnu-tools-for-stm32.13.3.rel1.win32_1.0.0.202411081344/tools/bin/../lib/gcc/arm-none-eabi/13.3.1/../../../../arm-none-eabi/lib/thumb/v7e-m+fp/hard\libc_nano.a(libc_a-findfp.o)
                              C:/ST/STM32CubeIDE_1.13.1/STM32CubeIDE/plugins/com.st.stm32cube.ide.mcu.externaltools.gnu-tools-for-stm32.13.3.rel1.win32_1.0.0.202411081344/tools/bin/../lib/gcc/arm-none-eabi/13.3.1/../../../../arm-none-eabi/lib/thumb/v7e-m+fp/hard\libc_nano.a(libc_a-exit.o) (__stdio_exit_handler)
C:/ST/STM32CubeIDE_1.13.1/STM32CubeIDE/plugins/com.st.stm32cube.ide.mcu.externaltools.gnu-tools-for-stm32.13.3.rel1.win32_1.0.0.202411081344/tools/bin/../lib/gcc/arm-none-eabi/13.3.1/../../../../arm-none-eabi/lib/thumb/v7e-m+fp/hard\libc_nano.a(libc_a-fwalk.o)
                              C:/ST/STM32CubeIDE_1.13.1/STM32CubeIDE/plugins/com.st.stm32cube.ide.mcu.externaltools.gnu-tools-for-stm32.13.3.rel1.win32_1.0.0.202411081344/tools/bin/../lib/gcc/arm-none-eabi/13.3.1/../../../../arm-none-eabi/lib/thumb/v7e-m+fp/hard\libc_nano.a(libc_a-findfp.o) (_fwalk_sglue)
C:/ST/STM32CubeIDE_1.13.1/STM32CubeIDE/plugins/com.st.stm32cube.ide.mcu.externaltools.gnu-tools-for-stm32.13.3.rel1.win32_1.0.0.202411081344/tools/bin/../lib/gcc/arm-none-eabi/13.3.1/../../../../arm-none-eabi/lib/thumb/v7e-m+fp/hard\libc_nano.a(libc_a-snprintf.o)
                              ./Core/Src/main.o (snprintf)
C:/ST/STM32CubeIDE_1.13.1/STM32CubeIDE/plugins/com.st.stm32cube.ide.mcu.externaltools.gnu-tools-for-stm32.13.3.rel1.win32_1.0.0.202411081344/tools/bin/../lib/gcc/arm-none-eabi/13.3.1/../../../../arm-none-eabi/lib/thumb/v7e-m+fp/hard\libc_nano.a(libc_a-stdio.o)
                              C:/ST/STM32CubeIDE_1.13.1/STM32CubeIDE/plugins/com.st.stm32cube.ide.mcu.externaltools.gnu-tools-for-stm32.13.3.rel1.win32_1.0.0.202411081344/tools/bin/../lib/gcc/arm-none-eabi/13.3.1/../../../../arm-none-eabi/lib/thumb/v7e-m+fp/hard\libc_nano.a(libc_a-findfp.o) (__sread)
C:/ST/STM32CubeIDE_1.13.1/STM32CubeIDE/plugins/com.st.stm32cube.ide.mcu.externaltools.gnu-tools-for-stm32.13.3.rel1.win32_1.0.0.202411081344/tools/bin/../lib/gcc/arm-none-eabi/13.3.1/../../../../arm-none-eabi/lib/thumb/v7e-m+fp/hard\libc_nano.a(libc_a-memset.o)
                              C:/ST/STM32CubeIDE_1.13.1/STM32CubeIDE/plugins/com.st.stm32cube.ide.mcu.externaltools.gnu-tools-for-stm32.13.3.rel1.win32_1.0.0.202411081344/tools/bin/../lib/gcc/arm-none-eabi/13.3.1/../../../../arm-none-eabi/lib/thumb/v7e-m+fp/hard/crt0.o (memset)
C:/ST/STM32CubeIDE_1.13.1/STM32CubeIDE/plugins/com.st.stm32cube.ide.mcu.externaltools.gnu-tools-for-stm32.13.3.rel1.win32_1.0.0.202411081344/tools/bin/../lib/gcc/arm-none-eabi/13.3.1/../../../../arm-none-eabi/lib/thumb/v7e-m+fp/hard\libc_nano.a(libc_a-closer.o)
                              C:/ST/STM32CubeIDE_1.13.1/STM32CubeIDE/plugins/com.st.stm32cube.ide.mcu.externaltools.gnu-tools-for-stm32.13.3.rel1.win32_1.0.0.202411081344/tools/bin/../lib/gcc/arm-none-eabi/13.3.1/../../../../arm-none-eabi/lib/thumb/v7e-m+fp/hard\libc_nano.a(libc_a-stdio.o) (_close_r)
C:/ST/STM32CubeIDE_1.13.1/STM32CubeIDE/plugins/com.st.stm32cube.ide.mcu.externaltools.gnu-tools-for-stm32.13.3.rel1.win32_1.0.0.202411081344/tools/bin/../lib/gcc/arm-none-eabi/13.3.1/../../../../arm-none-eabi/lib/thumb/v7e-m+fp/hard\libc_nano.a(libc_a-reent.o)
                              C:/ST/STM32CubeIDE_1.13.1/STM32CubeIDE/plugins/com.st.stm32cube.ide.mcu.externaltools.gnu-tools-for-stm32.13.3.rel1.win32_1.0.0.202411081344/tools/bin/../lib/gcc/arm-none-eabi/13.3.1/../../../../arm-none-eabi/lib/thumb/v7e-m+fp/hard\libc_nano.a(libc_a-closer.o) (errno)
C:/ST/STM32CubeIDE_1.13.1/STM32CubeIDE/plugins/com.st.stm32cube.ide.mcu.externaltools.gnu-tools-for-stm32.13.3.rel1.win32_1.0.0.202411081344/tools/bin/../lib/gcc/arm-none-eabi/13.3.1/../../../../arm-none-eabi/lib/thumb/v7e-m+fp/hard\libc_nano.a(libc_a-impure.o)
                              C:/ST/STM32CubeIDE_1.13.1/STM32CubeIDE/plugins/com.st.stm32cube.ide.mcu.externaltools.gnu-tools-for-stm32.13.3.rel1.win32_1.0.0.202411081344/tools/bin/../lib/gcc/arm-none-eabi/13.3.1/../../../../arm-none-eabi/lib/thumb/v7e-m+fp/hard\libc_nano.a(libc_a-snprintf.o) (_impure_ptr)
[...]
Memory Configuration

Name             Origin             Length             Attributes
CCMRAM           0x10000000         0x00010000         xrw
RAM              0x20000000         0x00030000         xrw
FLASH            0x08000000         0x00200000         xr
*default*        0x00000000         0xffffffff

Linker script and memory map

LOAD C:/ST/STM32CubeIDE_1.13.1/STM32CubeIDE/plugins/com.st.stm32cube.ide.mcu.externaltools.gnu-tools-for-stm32.13.3.rel1.win32_1.0.0.202411081344/tools/bin/../lib/gcc/arm-none-eabi/13.3.1/thumb/v7e-m+fp/hard/crti.o
LOAD C:/ST/STM32CubeIDE_1.13.1/STM32CubeIDE/plugins/com.st.stm32cube.ide.mcu.externaltools.gnu-tools-for-stm32.13.3.rel1.win32_1.0.0.202411081344/tools/bin/../lib/gcc/arm-none-eabi/13.3.1/thumb/v7e-m+fp/hard/crtbegin.o
LOAD C:/ST/STM32CubeIDE_1.13.1/STM32CubeIDE/plugins/com.st.stm32cube.ide.mcu.externaltools.gnu-tools-for-stm32.13.3.rel1.win32_1.0.0.202411081344/tools/bin/../lib/gcc/arm-none-eabi/13.3.1/../../../../arm-none-eabi/lib/thumb/v7e-m+fp/hard/crt0.o
LOAD ./Core/Src/aio.o
LOAD ./Core/Src/app.o
LOAD ./Core/Src/board_id.o
LOAD ./Core/Src/bridge.o
LOAD ./Core/Src/comm.o
LOAD ./Core/Src/dio.o
LOAD ./Core/Src/main.o
LOAD ./Core/Src/node_id.o
LOAD ./Core/Src/packet.o
LOAD ./Core/Src/status_led.o
LOAD ./Core/Src/stm32f4xx_hal_msp.o
LOAD ./Core/Src/stm32f4xx_it.o
LOAD ./Core/Src/syscalls.o
LOAD ./Core/Src/sysmem.o
LOAD ./Core/Src/system_stm32f4xx.o
LOAD ./Core/Src/w5500.o
LOAD ./Core/Startup/startup_stm32f427vitx.o
LOAD ./Drivers/STM32F4xx_HAL_Driver/Src/stm32f4xx_hal.o
LOAD ./Drivers/STM32F4xx_HAL_Driver/Src/stm32f4xx_hal_adc.o
LOAD ./Drivers/STM32F4xx_HAL_Driver/Src/stm32f4xx_hal_adc_ex.o
LOAD ./Drivers/STM32F4xx_HAL_Driver/Src/stm32f4xx_hal_cortex.o
LOAD ./Drivers/STM32F4xx_HAL_Driver/Src/stm32f4xx_hal_dac.o
LOAD ./Drivers/STM32F4xx_HAL_Driver/Src/stm32f4xx_hal_dac_ex.o
LOAD ./Drivers/STM32F4xx_HAL_Driver/Src/stm32f4xx_hal_dma.o
LOAD ./Drivers/STM32F4xx_HAL_Driver/Src/stm32f4xx_hal_dma_ex.o
LOAD ./Drivers/STM32F4xx_HAL_Driver/Src/stm32f4xx_hal_exti.o
LOAD ./Drivers/STM32F4xx_HAL_Driver/Src/stm32f4xx_hal_flash.o
LOAD ./Drivers/STM32F4xx_HAL_Driver/Src/stm32f4xx_hal_flash_ex.o
LOAD ./Drivers/STM32F4xx_HAL_Driver/Src/stm32f4xx_hal_flash_ramfunc.o
LOAD ./Drivers/STM32F4xx_HAL_Driver/Src/stm32f4xx_hal_gpio.o
LOAD ./Drivers/STM32F4xx_HAL_Driver/Src/stm32f4xx_hal_pcd.o
LOAD ./Drivers/STM32F4xx_HAL_Driver/Src/stm32f4xx_hal_pcd_ex.o
LOAD ./Drivers/STM32F4xx_HAL_Driver/Src/stm32f4xx_hal_pwr.o
LOAD ./Drivers/STM32F4xx_HAL_Driver/Src/stm32f4xx_hal_pwr_ex.o
LOAD ./Drivers/STM32F4xx_HAL_Driver/Src/stm32f4xx_hal_rcc.o
LOAD ./Drivers/STM32F4xx_HAL_Driver/Src/stm32f4xx_hal_rcc_ex.o
LOAD ./Drivers/STM32F4xx_HAL_Driver/Src/stm32f4xx_hal_rtc.o
LOAD ./Drivers/STM32F4xx_HAL_Driver/Src/stm32f4xx_hal_rtc_ex.o
LOAD ./Drivers/STM32F4xx_HAL_Driver/Src/stm32f4xx_hal_spi.o
LOAD ./Drivers/STM32F4xx_HAL_Driver/Src/stm32f4xx_hal_tim.o
LOAD ./Drivers/STM32F4xx_HAL_Driver/Src/stm32f4xx_hal_tim_ex.o
LOAD ./Drivers/STM32F4xx_HAL_Driver/Src/stm32f4xx_hal_uart.o
LOAD ./Drivers/STM32F4xx_HAL_Driver/Src/stm32f4xx_ll_adc.o
LOAD ./Drivers/STM32F4xx_HAL_Driver/Src/stm32f4xx_ll_usb.o
LOAD ./Middlewares/ST/STM32_USB_Device_Library/Class/CDC/Src/usbd_cdc.o
LOAD ./Middlewares/ST/STM32_USB_Device_Library/Core/Src/usbd_core.o
LOAD ./Middlewares/ST/STM32_USB_Device_Library/Core/Src/usbd_ctlreq.o
LOAD ./Middlewares/ST/STM32_USB_Device_Library/Core/Src/usbd_ioreq.o
LOAD ./USB_DEVICE/App/usb_device.o
LOAD ./USB_DEVICE/App/usbd_cdc_if.o
LOAD ./USB_DEVICE/App/usbd_desc.o
LOAD ./USB_DEVICE/Target/usbd_conf.o
START GROUP
LOAD C:/ST/STM32CubeIDE_1.13.1/STM32CubeIDE/plugins/com.st.stm32cube.ide.mcu.externaltools.gnu-tools-for-stm32.13.3.rel1.win32_1.0.0.202411081344/tools/bin/../lib/gcc/arm-none-eabi/13.3.1/../../../../arm-none-eabi/lib/thumb/v7e-m+fp/hard\libc_nano.a
LOAD C:/ST/STM32CubeIDE_1.13.1/STM32CubeIDE/plugins/com.st.stm32cube.ide.mcu.externaltools.gnu-tools-for-stm32.13.3.rel1.win32_1.0.0.202411081344/tools/bin/../lib/gcc/arm-none-eabi/13.3.1/../../../../arm-none-eabi/lib/thumb/v7e-m+fp/hard\libm.a
END GROUP
START GROUP
LOAD C:/ST/STM32CubeIDE_1.13.1/STM32CubeIDE/plugins/com.st.stm32cube.ide.mcu.externaltools.gnu-tools-for-stm32.13.3.rel1.win32_1.0.0.202411081344/tools/bin/../lib/gcc/arm-none-eabi/13.3.1/thumb/v7e-m+fp/hard\libgcc.a
LOAD C:/ST/STM32CubeIDE_1.13.1/STM32CubeIDE/plugins/com.st.stm32cube.ide.mcu.externaltools.gnu-tools-for-stm32.13.3.rel1.win32_1.0.0.202411081344/tools/bin/../lib/gcc/arm-none-eabi/13.3.1/../../../../arm-none-eabi/lib/thumb/v7e-m+fp/hard\libc_nano.a
END GROUP
START GROUP
LOAD C:/ST/STM32CubeIDE_1.13.1/STM32CubeIDE/plugins/com.st.stm32cube.ide.mcu.externaltools.gnu-tools-for-stm32.13.3.rel1.win32_1.0.0.202411081344/tools/bin/../lib/gcc/arm-none-eabi/13.3.1/thumb/v7e-m+fp/hard\libgcc.a
LOAD C:/ST/STM32CubeIDE_1.13.1/STM32CubeIDE/plugins/com.st.stm32cube.ide.mcu.externaltools.gnu-tools-for-stm32.13.3.rel1.win32_1.0.0.202411081344/tools/bin/../lib/gcc/arm-none-eabi/13.3.1/../../../../arm-none-eabi/lib/thumb/v7e-m+fp/hard\libc_nano.a
LOAD C:/ST/STM32CubeIDE_1.13.1/STM32CubeIDE/plugins/com.st.stm32cube.ide.mcu.externaltools.gnu-tools-for-stm32.13.3.rel1.win32_1.0.0.202411081344/tools/bin/../lib/gcc/arm-none-eabi/13.3.1/../../../../arm-none-eabi/lib/thumb/v7e-m+fp/hard\libnosys.a
END GROUP
START GROUP
LOAD C:/ST/STM32CubeIDE_1.13.1/STM32CubeIDE/plugins/com.st.stm32cube.ide.mcu.externaltools.gnu-tools-for-stm32.13.3.rel1.win32_1.0.0.202411081344/tools/bin/../lib/gcc/arm-none-eabi/13.3.1/thumb/v7e-m+fp/hard\libgcc.a
LOAD C:/ST/STM32CubeIDE_1.13.1/STM32CubeIDE/plugins/com.st.stm32cube.ide.mcu.externaltools.gnu-tools-for-stm32.13.3.rel1.win32_1.0.0.202411081344/tools/bin/../lib/gcc/arm-none-eabi/13.3.1/../../../../arm-none-eabi/lib/thumb/v7e-m+fp/hard\libc_nano.a
LOAD C:/ST/STM32CubeIDE_1.13.1/STM32CubeIDE/plugins/com.st.stm32cube.ide.mcu.externaltools.gnu-tools-for-stm32.13.3.rel1.win32_1.0.0.202411081344/tools/bin/../lib/gcc/arm-none-eabi/13.3.1/../../../../arm-none-eabi/lib/thumb/v7e-m+fp/hard\libnosys.a
END GROUP
LOAD C:/ST/STM32CubeIDE_1.13.1/STM32CubeIDE/plugins/com.st.stm32cube.ide.mcu.externaltools.gnu-tools-for-stm32.13.3.rel1.win32_1.0.0.202411081344/tools/bin/../lib/gcc/arm-none-eabi/13.3.1/thumb/v7e-m+fp/hard/crtend.o
LOAD C:/ST/STM32CubeIDE_1.13.1/STM32CubeIDE/plugins/com.st.stm32cube.ide.mcu.externaltools.gnu-tools-for-stm32.13.3.rel1.win32_1.0.0.202411081344/tools/bin/../lib/gcc/arm-none-eabi/13.3.1/thumb/v7e-m+fp/hard/crtn.o
                0x20030000                        _estack = (ORIGIN (RAM) + LENGTH (RAM))
                0x00000200                        _Min_Heap_Size = 0x200
                0x00000400                        _Min_Stack_Size = 0x400

.isr_vector     0x08000000      0x1ac
                0x08000000                        . = ALIGN (0x4)
 *(.isr_vector)
 .isr_vector    0x08000000      0x1ac ./Core/Startup/startup_stm32f427vitx.o
                0x08000000                g_pfnVectors
                0x080001ac                        . = ALIGN (0x4)

.text           0x080001b0     0xed88
                0x080001b0                        . = ALIGN (0x4)
 *(.text)
 .text          0x080001b0       0x40 C:/ST/STM32CubeIDE_1.13.1/STM32CubeIDE/plugins/com.st.stm32cube.ide.mcu.externaltools.gnu-tools-for-stm32.13.3.rel1.win32_1.0.0.202411081344/tools/bin/../lib/gcc/arm-none-eabi/13.3.1/thumb/v7e-m+fp/hard/crtbegin.o
 .text          0x080001f0       0x10 C:/ST/STM32CubeIDE_1.13.1/STM32CubeIDE/plugins/com.st.stm32cube.ide.mcu.externaltools.gnu-tools-for-stm32.13.3.rel1.win32_1.0.0.202411081344/tools/bin/../lib/gcc/arm-none-eabi/13.3.1/../../../../arm-none-eabi/lib/thumb/v7e-m+fp/hard\libc_nano.a(libc_a-strlen.o)
                0x080001f0                strlen
 .text          0x08000200       0xa0 C:/ST/STM32CubeIDE_1.13.1/STM32CubeIDE/plugins/com.st.stm32cube.ide.mcu.externaltools.gnu-tools-for-stm32.13.3.rel1.win32_1.0.0.202411081344/tools/bin/../lib/gcc/arm-none-eabi/13.3.1/../../../../arm-none-eabi/lib/thumb/v7e-m+fp/hard\libc_nano.a(libc_a-memchr.o)
                0x08000200                memchr
 .text          0x080002a0       0x30 C:/ST/STM32CubeIDE_1.13.1/STM32CubeIDE/plugins/com.st.stm32cube.ide.mcu.externaltools.gnu-tools-for-stm32.13.3.rel1.win32_1.0.0.202411081344/tools/bin/../lib/gcc/arm-none-eabi/13.3.1/thumb/v7e-m+fp/hard\libgcc.a(_aeabi_uldivmod.o)
                0x080002a0                __aeabi_uldivmod
 .text          0x080002d0      0x2f8 C:/ST/STM32CubeIDE_1.13.1/STM32CubeIDE/plugins/com.st.stm32cube.ide.mcu.externaltools.gnu-tools-for-stm32.13.3.rel1.win32_1.0.0.202411081344/tools/bin/../lib/gcc/arm-none-eabi/13.3.1/thumb/v7e-m+fp/hard\libgcc.a(_udivmoddi4.o)
                0x080002d0                __udivmoddi4
 .text          0x080005c8        0x4 C:/ST/STM32CubeIDE_1.13.1/STM32CubeIDE/plugins/com.st.stm32cube.ide.mcu.externaltools.gnu-tools-for-stm32.13.3.rel1.win32_1.0.0.202411081344/tools/bin/../lib/gcc/arm-none-eabi/13.3.1/thumb/v7e-m+fp/hard\libgcc.a(_dvmd_tls.o)
                0x080005c8                __aeabi_idiv0
                0x080005c8                __aeabi_ldiv0
 *(.text*)
 .text.aio_init
                0x080005cc       0x3c ./Core/Src/aio.o
                0x080005cc                aio_init
 .text.aio_input_get
                0x08000608       0x34 ./Core/Src/aio.o
                0x08000608                aio_input_get
 .text.aio_get_input_count
                0x0800063c       0x38 ./Core/Src/aio.o
                0x0800063c                aio_get_input_count
 .text.aio_get_output_count
                0x08000674       0x38 ./Core/Src/aio.o
                0x08000674                aio_get_output_count
 .text.app_validate
                0x080006ac      0x178 ./Core/Src/app.o
 .text.app_init
                0x08000824        0xc ./Core/Src/app.o
                0x08000824                app_init
 .text.app_task
                0x08000830      0x2dc ./Core/Src/app.o
                0x08000830                app_task
 .text.app_load_from_flash
                0x08000b0c       0x90 ./Core/Src/app.o
                0x08000b0c                app_load_from_flash
 .text.app_start
                0x08000b9c       0x5c ./Core/Src/app.o
                0x08000b9c                app_start
 .text.app_stop
                0x08000bf8       0x38 ./Core/Src/app.o
                0x08000bf8                app_stop
 .text.app_receive_msg
                0x08000c30       0x4c ./Core/Src/app.o
                0x08000c30                app_receive_msg
 .text.read_board_id
                0x08000c7c       0x70 ./Core/Src/board_id.o
 .text.board_get_type
                0x08000cec       0x38 ./Core/Src/board_id.o
                0x08000cec                board_get_type
 .text.bridge_init
                0x08000d24       0x2c ./Core/Src/bridge.o
                0x08000d24                bridge_init
 .text.bridge_forward
                0x08000d50       0x6c ./Core/Src/bridge.o
                0x08000d50                bridge_forward
 .text._w5500_select
                0x08000dbc       0x18 ./Core/Src/comm.o
 .text._w5500_deselect
                0x08000dd4       0x18 ./Core/Src/comm.o
 .text.w5500_write
                0x08000dec       0x5c ./Core/Src/comm.o
 .text.w5500_read_raw
                0x08000e48       0x5c ./Core/Src/comm.o
 .text.w5500_socket_read_byte
                0x08000ea4       0x38 ./Core/Src/comm.o
 .text.w5500_socket_write_byte
                0x08000edc       0x36 ./Core/Src/comm.o
 .text.circ_init
                0x08000f12       0x34 ./Core/Src/comm.o
 .text.circ_push
                0x08000f46       0x60 ./Core/Src/comm.o
 .text.circ_pop
                0x08000fa6       0x60 ./Core/Src/comm.o
 *fill*         0x08001006        0x2 
 .text.comm_init
                0x08001008       0x8c ./Core/Src/comm.o
                0x08001008                comm_init
 .text.rs422_set_crossover
                0x08001094       0xa8 ./Core/Src/comm.o
                0x08001094                rs422_set_crossover
 .text.rs422_queue
                0x0800113c       0xdc ./Core/Src/comm.o
                0x0800113c                rs422_queue
 .text.rs422_dequeue
                0x08001218       0x64 ./Core/Src/comm.o
 .text.HAL_UART_TxCpltCallback
                0x0800127c       0x5c ./Core/Src/comm.o
                0x0800127c                HAL_UART_TxCpltCallback
 .text.HAL_UART_RxCpltCallback
                0x080012d8       0x38 ./Core/Src/comm.o
                0x080012d8                HAL_UART_RxCpltCallback
 .text.comm_feed_byte
                0x08001310       0x3c ./Core/Src/comm.o
                0x08001310                comm_feed_byte
 .text.comm_task
                0x0800134c      0x250 ./Core/Src/comm.o
                0x0800134c                comm_task
 .text.comm_rs422_send
                0x0800159c       0x1e ./Core/Src/comm.o
                0x0800159c                comm_rs422_send
 .text.comm_eth_send
                0x080015ba       0x24 ./Core/Src/comm.o
                0x080015ba                comm_eth_send
 *fill*         0x080015de        0x2 
 .text.comm_usb_send
                0x080015e0       0x40 ./Core/Src/comm.o
                0x080015e0                comm_usb_send
 .text.comm_send_channel
                0x08001620       0xb6 ./Core/Src/comm.o
                0x08001620                comm_send_channel
 *fill*         0x080016d6        0x2 
 .text.debug_print
                0x080016d8       0x30 ./Core/Src/comm.o
                0x080016d8                debug_print
 .text.debug_println
                0x08001708       0x30 ./Core/Src/comm.o
                0x08001708                debug_println
 .text.dio_init
                0x08001738      0x108 ./Core/Src/dio.o
                0x08001738                dio_init
 .text.dio_output_set
                0x08001840       0x4c ./Core/Src/dio.o
                0x08001840                dio_output_set
 .text.dio_all_outputs_off
                0x0800188c       0x36 ./Core/Src/dio.o
                0x0800188c                dio_all_outputs_off
 *fill*         0x080018c2        0x2 
 .text.dio_output_get
                0x080018c4       0x58 ./Core/Src/dio.o
                0x080018c4                dio_output_get
 .text.dio_output_enable
                0x0800191c       0x16 ./Core/Src/dio.o
                0x0800191c                dio_output_enable
 *fill*         0x08001932        0x2 
 .text.dio_input_get
                0x08001934       0x58 ./Core/Src/dio.o
                0x08001934                dio_input_get
 .text.dio_get_input_count
                0x0800198c       0x38 ./Core/Src/dio.o
                0x0800198c                dio_get_input_count
 .text.dio_get_output_count
                0x080019c4       0x38 ./Core/Src/dio.o
                0x080019c4                dio_get_output_count
 .text.Baby_SystemClock_Config
                0x080019fc       0xd8 ./Core/Src/main.o
                0x080019fc                Baby_SystemClock_Config
 .text.newMain  0x08001ad4      0x13c ./Core/Src/main.o
                0x08001ad4                newMain
 .text.main     0x08001c10       0x74 ./Core/Src/main.o
                0x08001c10                main
 .text.SystemClock_Config
                0x08001c84       0xd8 ./Core/Src/main.o
                0x08001c84                SystemClock_Config
 .text.MX_ADC1_Init
                0x08001d5c       0xa4 ./Core/Src/main.o
 .text.MX_DAC_Init
                0x08001e00       0x68 ./Core/Src/main.o
 .text.MX_RTC_Init
                0x08001e68       0x4c ./Core/Src/main.o
 .text.MX_SPI1_Init
                0x08001eb4       0x6c ./Core/Src/main.o
 .text.MX_SPI2_Init
                0x08001f20       0x6c ./Core/Src/main.o
 .text.MX_TIM5_Init
                0x08001f8c      0x108 ./Core/Src/main.o
 .text.MX_UART4_Init
                0x08002094       0x54 ./Core/Src/main.o
 .text.MX_USART1_UART_Init
                0x080020e8       0x54 ./Core/Src/main.o
 .text.MX_USART3_UART_Init
                0x0800213c       0x54 ./Core/Src/main.o
 .text.MX_DMA_Init
                0x08002190       0x50 ./Core/Src/main.o
 .text.MX_GPIO_Init
                0x080021e0      0x218 ./Core/Src/main.o
 .text.Error_Handler
                0x080023f8        0xc ./Core/Src/main.o
                0x080023f8                Error_Handler
 .text.node_id_get
                0x08002404       0x78 ./Core/Src/node_id.o
                0x08002404                node_id_get
 .text.packet_init
                0x0800247c       0x80 ./Core/Src/packet.o
                0x0800247c                packet_init
 .text.stuff_byte
                0x080024fc       0x3a ./Core/Src/packet.o
 *fill*         0x08002536        0x2 
 .text.packet_sendNew
                0x08002538      0x1f0 ./Core/Src/packet.o
                0x08002538                packet_sendNew
 .text.packet_send_ack
                0x08002728       0x2a ./Core/Src/packet.o
                0x08002728                packet_send_ack
 .text.packet_send_nak
                0x08002752       0x2a ./Core/Src/packet.o
                0x08002752                packet_send_nak
 .text.unstuff  0x0800277c       0x66 ./Core/Src/packet.o
 *fill*         0x080027e2        0x2 
 .text.packet_feed_byte
                0x080027e4      0x9e4 ./Core/Src/packet.o
                0x080027e4                packet_feed_byte
 .text.millis   0x080031c8        0xe ./Core/Src/status_led.o
 .text.led_write
                0x080031d6       0x40 ./Core/Src/status_led.o
 *fill*         0x08003216        0x2 
 .text.get_current_main_pattern_state
                0x08003218       0xb4 ./Core/Src/status_led.o
 .text.update_leds
                0x080032cc       0xf8 ./Core/Src/status_led.o
 .text.status_led_init
                0x080033c4       0xe8 ./Core/Src/status_led.o
                0x080033c4                status_led_init
 .text.status_led_set_mode
                0x080034ac       0x30 ./Core/Src/status_led.o
                0x080034ac                status_led_set_mode
 .text.status_led_get_mode
                0x080034dc       0x18 ./Core/Src/status_led.o
                0x080034dc                status_led_get_mode
 .text.status_led_data_activity
                0x080034f4       0x3c ./Core/Src/status_led.o
                0x080034f4                status_led_data_activity
 .text.status_led_task
                0x08003530        0xc ./Core/Src/status_led.o
                0x08003530                status_led_task
 .text.HAL_MspInit
                0x0800353c       0x50 ./Core/Src/stm32f4xx_hal_msp.o
                0x0800353c                HAL_MspInit
 .text.HAL_ADC_MspInit
                0x0800358c       0xc0 ./Core/Src/stm32f4xx_hal_msp.o
                0x0800358c                HAL_ADC_MspInit
 .text.HAL_DAC_MspInit
                0x0800364c       0x88 ./Core/Src/stm32f4xx_hal_msp.o
                0x0800364c                HAL_DAC_MspInit
 .text.HAL_RTC_MspInit
                0x080036d4       0x54 ./Core/Src/stm32f4xx_hal_msp.o
                0x080036d4                HAL_RTC_MspInit
 .text.HAL_SPI_MspInit
                0x08003728       0xf8 ./Core/Src/stm32f4xx_hal_msp.o
                0x08003728                HAL_SPI_MspInit
 .text.HAL_TIM_Base_MspInit
                0x08003820       0x44 ./Core/Src/stm32f4xx_hal_msp.o
                0x08003820                HAL_TIM_Base_MspInit
 .text.HAL_TIM_MspPostInit
                0x08003864       0x74 ./Core/Src/stm32f4xx_hal_msp.o
                0x08003864                HAL_TIM_MspPostInit
 .text.HAL_UART_MspInit
                0x080038d8      0x268 ./Core/Src/stm32f4xx_hal_msp.o
                0x080038d8                HAL_UART_MspInit
 .text.NMI_Handler
                0x08003b40        0x8 ./Core/Src/stm32f4xx_it.o
                0x08003b40                NMI_Handler
 .text.HardFault_Handler
                0x08003b48        0x8 ./Core/Src/stm32f4xx_it.o
                0x08003b48                HardFault_Handler
 .text.MemManage_Handler
                0x08003b50        0x8 ./Core/Src/stm32f4xx_it.o
                0x08003b50                MemManage_Handler
 .text.BusFault_Handler
                0x08003b58        0x8 ./Core/Src/stm32f4xx_it.o
                0x08003b58                BusFault_Handler
 .text.UsageFault_Handler
                0x08003b60        0x8 ./Core/Src/stm32f4xx_it.o
                0x08003b60                UsageFault_Handler
 .text.SVC_Handler
                0x08003b68        0xe ./Core/Src/stm32f4xx_it.o
                0x08003b68                SVC_Handler
 .text.DebugMon_Handler
                0x08003b76        0xe ./Core/Src/stm32f4xx_it.o
                0x08003b76                DebugMon_Handler
 .text.PendSV_Handler
                0x08003b84        0xe ./Core/Src/stm32f4xx_it.o
                0x08003b84                PendSV_Handler
 .text.SysTick_Handler
                0x08003b92        0xc ./Core/Src/stm32f4xx_it.o
                0x08003b92                SysTick_Handler
 *fill*         0x08003b9e        0x2 
 .text.DMA1_Stream1_IRQHandler
                0x08003ba0       0x14 ./Core/Src/stm32f4xx_it.o
                0x08003ba0                DMA1_Stream1_IRQHandler
 .text.DMA1_Stream3_IRQHandler
                0x08003bb4       0x14 ./Core/Src/stm32f4xx_it.o
                0x08003bb4                DMA1_Stream3_IRQHandler
 .text.USART1_IRQHandler
                0x08003bc8       0x14 ./Core/Src/stm32f4xx_it.o
                0x08003bc8                USART1_IRQHandler
 .text.USART3_IRQHandler
                0x08003bdc       0x14 ./Core/Src/stm32f4xx_it.o
                0x08003bdc                USART3_IRQHandler
 .text.UART4_IRQHandler
                0x08003bf0       0x14 ./Core/Src/stm32f4xx_it.o
                0x08003bf0                UART4_IRQHandler
 .text.OTG_FS_IRQHandler
                0x08003c04       0x14 ./Core/Src/stm32f4xx_it.o
                0x08003c04                OTG_FS_IRQHandler
 .text._sbrk    0x08003c18       0x6c ./Core/Src/sysmem.o
                0x08003c18                _sbrk
 .text.SystemInit
                0x08003c84       0x24 ./Core/Src/system_stm32f4xx.o
                0x08003c84                SystemInit
 .text._w5500_select
                0x08003ca8       0x18 ./Core/Src/w5500.o
 .text._w5500_deselect
                0x08003cc0       0x18 ./Core/Src/w5500.o
 .text.w5500_write
                0x08003cd8       0x5c ./Core/Src/w5500.o
 .text.w5500_read_raw
                0x08003d34       0x5c ./Core/Src/w5500.o
 .text.w5500_read_burst
                0x08003d90       0x2a ./Core/Src/w5500.o
 .text.w5500_write_burst
                0x08003dba       0x2a ./Core/Src/w5500.o
 .text.w5500_common_write
                0x08003de4       0x24 ./Core/Src/w5500.o
 .text.w5500_common_read
                0x08003e08       0x24 ./Core/Src/w5500.o
 .text.w5500_socket_read_byte
                0x08003e2c       0x38 ./Core/Src/w5500.o
 .text.w5500_socket_write_byte
                0x08003e64       0x36 ./Core/Src/w5500.o
 .text.w5500_socket_write
                0x08003e9a       0x3a ./Core/Src/w5500.o
 .text.w5500_socket_read
                0x08003ed4       0x3a ./Core/Src/w5500.o
 *fill*         0x08003f0e        0x2 
 .text.w5500_set_ip_mode
                0x08003f10       0x20 ./Core/Src/w5500.o
                0x08003f10                w5500_set_ip_mode
 .text.w5500_init
                0x08003f30      0x18c ./Core/Src/w5500.o
                0x08003f30                w5500_init
 .text.w5500_is_connected
                0x080040bc       0x28 ./Core/Src/w5500.o
                0x080040bc                w5500_is_connected
 .text.w5500_get_rx_size
                0x080040e4       0x3a ./Core/Src/w5500.o
                0x080040e4                w5500_get_rx_size
 .text.w5500_read_data
                0x0800411e       0xa2 ./Core/Src/w5500.o
                0x0800411e                w5500_read_data
 .text.w5500_send
                0x080041c0      0x10e ./Core/Src/w5500.o
                0x080041c0                w5500_send
 .text.w5500_udp_send
                0x080042ce       0x50 ./Core/Src/w5500.o
                0x080042ce                w5500_udp_send
 .text.w5500_get_mac
                0x0800431e       0x1a ./Core/Src/w5500.o
                0x0800431e                w5500_get_mac
 .text.w5500_dhcp_init
                0x08004338       0x80 ./Core/Src/w5500.o
                0x08004338                w5500_dhcp_init
 .text.w5500_dhcp_run
                0x080043b8      0x320 ./Core/Src/w5500.o
                0x080043b8                w5500_dhcp_run
 .text.w5500_get_ip_mode
                0x080046d8       0x18 ./Core/Src/w5500.o
                0x080046d8                w5500_get_ip_mode
 .text.Reset_Handler
                0x080046f0       0x50 ./Core/Startup/startup_stm32f427vitx.o
                0x080046f0                Reset_Handler
 .text.Default_Handler
                0x08004740        0x2 ./Core/Startup/startup_stm32f427vitx.o
                0x08004740                RTC_Alarm_IRQHandler
                0x08004740                HASH_RNG_IRQHandler
                0x08004740                EXTI2_IRQHandler
                0x08004740                TIM8_CC_IRQHandler
                0x08004740                UART8_IRQHandler
                0x08004740                SPI4_IRQHandler
                0x08004740                TIM1_CC_IRQHandler
                0x08004740                DMA2_Stream5_IRQHandler
                0x08004740                DMA1_Stream5_IRQHandler
                0x08004740                PVD_IRQHandler
                0x08004740                SDIO_IRQHandler
                0x08004740                TAMP_STAMP_IRQHandler
                0x08004740                CAN2_RX1_IRQHandler
                0x08004740                EXTI3_IRQHandler
                0x08004740                TIM8_TRG_COM_TIM14_IRQHandler
                0x08004740                TIM1_UP_TIM10_IRQHandler
                0x08004740                TIM8_UP_TIM13_IRQHandler
                0x08004740                I2C3_ER_IRQHandler
                0x08004740                EXTI0_IRQHandler
                0x08004740                I2C2_EV_IRQHandler
                0x08004740                DMA1_Stream2_IRQHandler
                0x08004740                CAN1_RX0_IRQHandler
                0x08004740                FPU_IRQHandler
                0x08004740                OTG_HS_WKUP_IRQHandler
                0x08004740                CAN2_SCE_IRQHandler
                0x08004740                DMA2_Stream2_IRQHandler
                0x08004740                SPI1_IRQHandler
                0x08004740                TIM6_DAC_IRQHandler
                0x08004740                TIM1_BRK_TIM9_IRQHandler
                0x08004740                DCMI_IRQHandler
                0x08004740                CAN2_RX0_IRQHandler
                0x08004740                DMA2_Stream3_IRQHandler
                0x08004740                USART6_IRQHandler
                0x08004740                CAN1_RX1_IRQHandler
                0x08004740                UART5_IRQHandler
                0x08004740                DMA2_Stream0_IRQHandler
                0x08004740                TIM4_IRQHandler
                0x08004740                I2C1_EV_IRQHandler
                0x08004740                DMA1_Stream6_IRQHandler
                0x08004740                TIM3_IRQHandler
                0x08004740                RCC_IRQHandler
                0x08004740                TIM8_BRK_TIM12_IRQHandler
                0x08004740                Default_Handler
                0x08004740                EXTI15_10_IRQHandler
                0x08004740                ADC_IRQHandler
                0x08004740                DMA1_Stream7_IRQHandler
                0x08004740                SPI5_IRQHandler
                0x08004740                TIM7_IRQHandler
                0x08004740                CAN2_TX_IRQHandler
                0x08004740                TIM5_IRQHandler
                0x08004740                DMA2_Stream7_IRQHandler
                0x08004740                I2C3_EV_IRQHandler
                0x08004740                EXTI9_5_IRQHandler
                0x08004740                RTC_WKUP_IRQHandler
                0x08004740                ETH_WKUP_IRQHandler
                0x08004740                SPI2_IRQHandler
                0x08004740                OTG_HS_EP1_IN_IRQHandler
                0x08004740                DMA1_Stream0_IRQHandler
                0x08004740                CAN1_TX_IRQHandler
                0x08004740                EXTI4_IRQHandler
                0x08004740                ETH_IRQHandler
                0x08004740                OTG_HS_EP1_OUT_IRQHandler
                0x08004740                WWDG_IRQHandler
                0x08004740                SPI6_IRQHandler
                0x08004740                TIM2_IRQHandler
                0x08004740                OTG_FS_WKUP_IRQHandler
                0x08004740                TIM1_TRG_COM_TIM11_IRQHandler
                0x08004740                OTG_HS_IRQHandler
                0x08004740                DMA2D_IRQHandler
                0x08004740                EXTI1_IRQHandler
                0x08004740                UART7_IRQHandler
                0x08004740                USART2_IRQHandler
                0x08004740                I2C2_ER_IRQHandler
                0x08004740                DMA2_Stream1_IRQHandler
                0x08004740                CAN1_SCE_IRQHandler
                0x08004740                FLASH_IRQHandler
                0x08004740                DMA2_Stream4_IRQHandler
                0x08004740                SPI3_IRQHandler
                0x08004740                DMA1_Stream4_IRQHandler
                0x08004740                I2C1_ER_IRQHandler
                0x08004740                FMC_IRQHandler
                0x08004740                DMA2_Stream6_IRQHandler
                0x08004740                SAI1_IRQHandler
 *fill*         0x08004742        0x2 
 .text.HAL_Init
                0x08004744       0x44 ./Drivers/STM32F4xx_HAL_Driver/Src/stm32f4xx_hal.o
                0x08004744                HAL_Init
 .text.HAL_InitTick
                0x08004788       0x60 ./Drivers/STM32F4xx_HAL_Driver/Src/stm32f4xx_hal.o
                0x08004788                HAL_InitTick
 .text.HAL_IncTick
                0x080047e8       0x28 ./Drivers/STM32F4xx_HAL_Driver/Src/stm32f4xx_hal.o
                0x080047e8                HAL_IncTick
 .text.HAL_GetTick
                0x08004810       0x18 ./Drivers/STM32F4xx_HAL_Driver/Src/stm32f4xx_hal.o
                0x08004810                HAL_GetTick
 .text.HAL_Delay
                0x08004828       0x48 ./Drivers/STM32F4xx_HAL_Driver/Src/stm32f4xx_hal.o
                0x08004828                HAL_Delay
 .text.HAL_GetUIDw0
                0x08004870       0x18 ./Drivers/STM32F4xx_HAL_Driver/Src/stm32f4xx_hal.o
                0x08004870                HAL_GetUIDw0
 .text.HAL_ADC_Init
                0x08004888       0x86 ./Drivers/STM32F4xx_HAL_Driver/Src/stm32f4xx_hal_adc.o
                0x08004888                HAL_ADC_Init
 *fill*         0x0800490e        0x2 
 .text.HAL_ADC_ConfigChannel
                0x08004910      0x264 ./Drivers/STM32F4xx_HAL_Driver/Src/stm32f4xx_hal_adc.o
                0x08004910                HAL_ADC_ConfigChannel
 .text.ADC_Init
                0x08004b74      0x1f8 ./Drivers/STM32F4xx_HAL_Driver/Src/stm32f4xx_hal_adc.o
 .text.__NVIC_SetPriorityGrouping
                0x08004d6c       0x48 ./Drivers/STM32F4xx_HAL_Driver/Src/stm32f4xx_hal_cortex.o
 .text.__NVIC_GetPriorityGrouping
                0x08004db4       0x1c ./Drivers/STM32F4xx_HAL_Driver/Src/stm32f4xx_hal_cortex.o
 .text.__NVIC_EnableIRQ
                0x08004dd0       0x3c ./Drivers/STM32F4xx_HAL_Driver/Src/stm32f4xx_hal_cortex.o
 .text.__NVIC_SetPriority
                0x08004e0c       0x54 ./Drivers/STM32F4xx_HAL_Driver/Src/stm32f4xx_hal_cortex.o
 .text.NVIC_EncodePriority
                0x08004e60       0x66 ./Drivers/STM32F4xx_HAL_Driver/Src/stm32f4xx_hal_cortex.o
 *fill*         0x08004ec6        0x2 
 .text.SysTick_Config
                0x08004ec8       0x44 ./Drivers/STM32F4xx_HAL_Driver/Src/stm32f4xx_hal_cortex.o
 .text.HAL_NVIC_SetPriorityGrouping
                0x08004f0c       0x16 ./Drivers/STM32F4xx_HAL_Driver/Src/stm32f4xx_hal_cortex.o
                0x08004f0c                HAL_NVIC_SetPriorityGrouping
 .text.HAL_NVIC_SetPriority
                0x08004f22       0x38 ./Drivers/STM32F4xx_HAL_Driver/Src/stm32f4xx_hal_cortex.o
                0x08004f22                HAL_NVIC_SetPriority
 .text.HAL_NVIC_EnableIRQ
                0x08004f5a       0x1c ./Drivers/STM32F4xx_HAL_Driver/Src/stm32f4xx_hal_cortex.o
                0x08004f5a                HAL_NVIC_EnableIRQ
 .text.HAL_SYSTICK_Config
                0x08004f76       0x18 ./Drivers/STM32F4xx_HAL_Driver/Src/stm32f4xx_hal_cortex.o
                0x08004f76                HAL_SYSTICK_Config
 .text.HAL_DAC_Init
                0x08004f8e       0x44 ./Drivers/STM32F4xx_HAL_Driver/Src/stm32f4xx_hal_dac.o
                0x08004f8e                HAL_DAC_Init
 .text.HAL_DAC_ConfigChannel
                0x08004fd2       0xb2 ./Drivers/STM32F4xx_HAL_Driver/Src/stm32f4xx_hal_dac.o
                0x08004fd2                HAL_DAC_ConfigChannel
 .text.HAL_DMA_Init
                0x08005084      0x15c ./Drivers/STM32F4xx_HAL_Driver/Src/stm32f4xx_hal_dma.o
                0x08005084                HAL_DMA_Init
 .text.HAL_DMA_Abort
                0x080051e0       0xe0 ./Drivers/STM32F4xx_HAL_Driver/Src/stm32f4xx_hal_dma.o
                0x080051e0                HAL_DMA_Abort
 .text.HAL_DMA_Abort_IT
                0x080052c0       0x44 ./Drivers/STM32F4xx_HAL_Driver/Src/stm32f4xx_hal_dma.o
                0x080052c0                HAL_DMA_Abort_IT
 .text.HAL_DMA_IRQHandler
                0x08005304      0x314 ./Drivers/STM32F4xx_HAL_Driver/Src/stm32f4xx_hal_dma.o
                0x08005304                HAL_DMA_IRQHandler
 .text.DMA_CalcBaseAndBitshift
                0x08005618       0x6c ./Drivers/STM32F4xx_HAL_Driver/Src/stm32f4xx_hal_dma.o
 .text.DMA_CheckFifoParam
                0x08005684       0xf8 ./Drivers/STM32F4xx_HAL_Driver/Src/stm32f4xx_hal_dma.o
 .text.HAL_GPIO_Init
                0x0800577c      0x358 ./Drivers/STM32F4xx_HAL_Driver/Src/stm32f4xx_hal_gpio.o
                0x0800577c                HAL_GPIO_Init
 .text.HAL_GPIO_ReadPin
                0x08005ad4       0x30 ./Drivers/STM32F4xx_HAL_Driver/Src/stm32f4xx_hal_gpio.o
                0x08005ad4                HAL_GPIO_ReadPin
 .text.HAL_GPIO_WritePin
                0x08005b04       0x32 ./Drivers/STM32F4xx_HAL_Driver/Src/stm32f4xx_hal_gpio.o
                0x08005b04                HAL_GPIO_WritePin
 .text.HAL_PCD_Init
                0x08005b36      0x21e ./Drivers/STM32F4xx_HAL_Driver/Src/stm32f4xx_hal_pcd.o
                0x08005b36                HAL_PCD_Init
 .text.HAL_PCD_Start
                0x08005d54       0x6a ./Drivers/STM32F4xx_HAL_Driver/Src/stm32f4xx_hal_pcd.o
                0x08005d54                HAL_PCD_Start
 .text.HAL_PCD_IRQHandler
                0x08005dbe      0x942 ./Drivers/STM32F4xx_HAL_Driver/Src/stm32f4xx_hal_pcd.o
                0x08005dbe                HAL_PCD_IRQHandler
 .text.HAL_PCD_SetAddress
                0x08006700       0x48 ./Drivers/STM32F4xx_HAL_Driver/Src/stm32f4xx_hal_pcd.o
                0x08006700                HAL_PCD_SetAddress
 .text.HAL_PCD_EP_Open
                0x08006748       0xd4 ./Drivers/STM32F4xx_HAL_Driver/Src/stm32f4xx_hal_pcd.o
                0x08006748                HAL_PCD_EP_Open
 .text.HAL_PCD_EP_Close
                0x0800681c       0x94 ./Drivers/STM32F4xx_HAL_Driver/Src/stm32f4xx_hal_pcd.o
                0x0800681c                HAL_PCD_EP_Close
 .text.HAL_PCD_EP_Receive
                0x080068b0       0x76 ./Drivers/STM32F4xx_HAL_Driver/Src/stm32f4xx_hal_pcd.o
                0x080068b0                HAL_PCD_EP_Receive
 .text.HAL_PCD_EP_GetRxCount
                0x08006926       0x30 ./Drivers/STM32F4xx_HAL_Driver/Src/stm32f4xx_hal_pcd.o
                0x08006926                HAL_PCD_EP_GetRxCount
 .text.HAL_PCD_EP_Transmit
                0x08006956       0x74 ./Drivers/STM32F4xx_HAL_Driver/Src/stm32f4xx_hal_pcd.o
                0x08006956                HAL_PCD_EP_Transmit
 .text.HAL_PCD_EP_SetStall
                0x080069ca       0xc6 ./Drivers/STM32F4xx_HAL_Driver/Src/stm32f4xx_hal_pcd.o
                0x080069ca                HAL_PCD_EP_SetStall
 .text.HAL_PCD_EP_ClrStall
                0x08006a90       0xac ./Drivers/STM32F4xx_HAL_Driver/Src/stm32f4xx_hal_pcd.o
                0x08006a90                HAL_PCD_EP_ClrStall
 .text.HAL_PCD_EP_Abort
                0x08006b3c       0x62 ./Drivers/STM32F4xx_HAL_Driver/Src/stm32f4xx_hal_pcd.o
                0x08006b3c                HAL_PCD_EP_Abort
 .text.PCD_WriteEmptyTxFifo
                0x08006b9e      0x118 ./Drivers/STM32F4xx_HAL_Driver/Src/stm32f4xx_hal_pcd.o
 *fill*         0x08006cb6        0x2 
 .text.PCD_EP_OutXfrComplete_int
                0x08006cb8      0x1d0 ./Drivers/STM32F4xx_HAL_Driver/Src/stm32f4xx_hal_pcd.o
 .text.PCD_EP_OutSetupPacket_int
                0x08006e88       0x8c ./Drivers/STM32F4xx_HAL_Driver/Src/stm32f4xx_hal_pcd.o
 .text.HAL_PCDEx_SetTxFiFo
                0x08006f14       0x8e ./Drivers/STM32F4xx_HAL_Driver/Src/stm32f4xx_hal_pcd_ex.o
                0x08006f14                HAL_PCDEx_SetTxFiFo
 .text.HAL_PCDEx_SetRxFiFo
                0x08006fa2       0x22 ./Drivers/STM32F4xx_HAL_Driver/Src/stm32f4xx_hal_pcd_ex.o
                0x08006fa2                HAL_PCDEx_SetRxFiFo
 .text.HAL_PCDEx_LPM_Callback
                0x08006fc4       0x18 ./Drivers/STM32F4xx_HAL_Driver/Src/stm32f4xx_hal_pcd_ex.o
                0x08006fc4                HAL_PCDEx_LPM_Callback
 .text.HAL_RCC_OscConfig
                0x08006fdc      0x4f0 ./Drivers/STM32F4xx_HAL_Driver/Src/stm32f4xx_hal_rcc.o
                0x08006fdc                HAL_RCC_OscConfig
 .text.HAL_RCC_ClockConfig
                0x080074cc      0x1cc ./Drivers/STM32F4xx_HAL_Driver/Src/stm32f4xx_hal_rcc.o
                0x080074cc                HAL_RCC_ClockConfig
 .text.HAL_RCC_GetSysClockFreq
                0x08007698      0x20c ./Drivers/STM32F4xx_HAL_Driver/Src/stm32f4xx_hal_rcc.o
                0x08007698                HAL_RCC_GetSysClockFreq
 .text.HAL_RCC_GetHCLKFreq
                0x080078a4       0x18 ./Drivers/STM32F4xx_HAL_Driver/Src/stm32f4xx_hal_rcc.o
                0x080078a4                HAL_RCC_GetHCLKFreq
 .text.HAL_RCC_GetPCLK1Freq
                0x080078bc       0x28 ./Drivers/STM32F4xx_HAL_Driver/Src/stm32f4xx_hal_rcc.o
                0x080078bc                HAL_RCC_GetPCLK1Freq
 .text.HAL_RCC_GetPCLK2Freq
                0x080078e4       0x28 ./Drivers/STM32F4xx_HAL_Driver/Src/stm32f4xx_hal_rcc.o
                0x080078e4                HAL_RCC_GetPCLK2Freq
 .text.HAL_RCCEx_PeriphCLKConfig
                0x0800790c      0x380 ./Drivers/STM32F4xx_HAL_Driver/Src/stm32f4xx_hal_rcc_ex.o
                0x0800790c                HAL_RCCEx_PeriphCLKConfig
 .text.HAL_RTC_Init
                0x08007c8c      0x102 ./Drivers/STM32F4xx_HAL_Driver/Src/stm32f4xx_hal_rtc.o
                0x08007c8c                HAL_RTC_Init
 *fill*         0x08007d8e        0x2 
 .text.HAL_RTC_WaitForSynchro
                0x08007d90       0x4c ./Drivers/STM32F4xx_HAL_Driver/Src/stm32f4xx_hal_rtc.o
                0x08007d90                HAL_RTC_WaitForSynchro
 .text.RTC_EnterInitMode
                0x08007ddc       0x6e ./Drivers/STM32F4xx_HAL_Driver/Src/stm32f4xx_hal_rtc.o
                0x08007ddc                RTC_EnterInitMode
 .text.RTC_ExitInitMode
                0x08007e4a       0x4a ./Drivers/STM32F4xx_HAL_Driver/Src/stm32f4xx_hal_rtc.o
                0x08007e4a                RTC_ExitInitMode
 .text.HAL_SPI_Init
                0x08007e94      0x112 ./Drivers/STM32F4xx_HAL_Driver/Src/stm32f4xx_hal_spi.o
                0x08007e94                HAL_SPI_Init
 .text.HAL_SPI_Transmit
                0x08007fa6      0x288 ./Drivers/STM32F4xx_HAL_Driver/Src/stm32f4xx_hal_spi.o
                0x08007fa6                HAL_SPI_Transmit
 .text.HAL_SPI_Receive
                0x0800822e      0x232 ./Drivers/STM32F4xx_HAL_Driver/Src/stm32f4xx_hal_spi.o
                0x0800822e                HAL_SPI_Receive
 .text.HAL_SPI_TransmitReceive
                0x08008460      0x352 ./Drivers/STM32F4xx_HAL_Driver/Src/stm32f4xx_hal_spi.o
                0x08008460                HAL_SPI_TransmitReceive
 *fill*         0x080087b2        0x2 
 .text.SPI_WaitFlagStateUntilTimeout
                0x080087b4      0x110 ./Drivers/STM32F4xx_HAL_Driver/Src/stm32f4xx_hal_spi.o
 .text.SPI_EndRxTransaction
                0x080088c4       0xca ./Drivers/STM32F4xx_HAL_Driver/Src/stm32f4xx_hal_spi.o
 *fill*         0x0800898e        0x2 
 .text.SPI_EndRxTxTransaction
                0x08008990       0xa8 ./Drivers/STM32F4xx_HAL_Driver/Src/stm32f4xx_hal_spi.o
 .text.HAL_TIM_Base_Init
                0x08008a38       0x9e ./Drivers/STM32F4xx_HAL_Driver/Src/stm32f4xx_hal_tim.o
                0x08008a38                HAL_TIM_Base_Init
 .text.HAL_TIM_PWM_Init
                0x08008ad6       0x9e ./Drivers/STM32F4xx_HAL_Driver/Src/stm32f4xx_hal_tim.o
                0x08008ad6                HAL_TIM_PWM_Init
 .text.HAL_TIM_PWM_MspInit
                0x08008b74       0x14 ./Drivers/STM32F4xx_HAL_Driver/Src/stm32f4xx_hal_tim.o
                0x08008b74                HAL_TIM_PWM_MspInit
 .text.HAL_TIM_PWM_ConfigChannel
                0x08008b88      0x184 ./Drivers/STM32F4xx_HAL_Driver/Src/stm32f4xx_hal_tim.o
                0x08008b88                HAL_TIM_PWM_ConfigChannel
 .text.HAL_TIM_ConfigClockSource
                0x08008d0c      0x18e ./Drivers/STM32F4xx_HAL_Driver/Src/stm32f4xx_hal_tim.o
                0x08008d0c                HAL_TIM_ConfigClockSource
 *fill*         0x08008e9a        0x2 
 .text.TIM_Base_SetConfig
                0x08008e9c      0x14c ./Drivers/STM32F4xx_HAL_Driver/Src/stm32f4xx_hal_tim.o
                0x08008e9c                TIM_Base_SetConfig
 .text.TIM_OC1_SetConfig
                0x08008fe8       0xe0 ./Drivers/STM32F4xx_HAL_Driver/Src/stm32f4xx_hal_tim.o
 .text.TIM_OC2_SetConfig
                0x080090c8       0xec ./Drivers/STM32F4xx_HAL_Driver/Src/stm32f4xx_hal_tim.o
                0x080090c8                TIM_OC2_SetConfig
 .text.TIM_OC3_SetConfig
                0x080091b4       0xe8 ./Drivers/STM32F4xx_HAL_Driver/Src/stm32f4xx_hal_tim.o
 .text.TIM_OC4_SetConfig
                0x0800929c       0xac ./Drivers/STM32F4xx_HAL_Driver/Src/stm32f4xx_hal_tim.o
 .text.TIM_TI1_ConfigInputStage
                0x08009348       0x5e ./Drivers/STM32F4xx_HAL_Driver/Src/stm32f4xx_hal_tim.o
 .text.TIM_TI2_ConfigInputStage
                0x080093a6       0x60 ./Drivers/STM32F4xx_HAL_Driver/Src/stm32f4xx_hal_tim.o
 .text.TIM_ITRx_SetConfig
                0x08009406       0x36 ./Drivers/STM32F4xx_HAL_Driver/Src/stm32f4xx_hal_tim.o
 .text.TIM_ETR_SetConfig
                0x0800943c       0x40 ./Drivers/STM32F4xx_HAL_Driver/Src/stm32f4xx_hal_tim.o
                0x0800943c                TIM_ETR_SetConfig
 .text.HAL_TIMEx_MasterConfigSynchronization
                0x0800947c       0xf8 ./Drivers/STM32F4xx_HAL_Driver/Src/stm32f4xx_hal_tim_ex.o
                0x0800947c                HAL_TIMEx_MasterConfigSynchronization
 .text.HAL_UART_Init
                0x08009574       0xa0 ./Drivers/STM32F4xx_HAL_Driver/Src/stm32f4xx_hal_uart.o
                0x08009574                HAL_UART_Init
 .text.HAL_UART_Transmit_IT
                0x08009614       0x6c ./Drivers/STM32F4xx_HAL_Driver/Src/stm32f4xx_hal_uart.o
                0x08009614                HAL_UART_Transmit_IT
 .text.HAL_UART_Receive_IT
                0x08009680       0x4a ./Drivers/STM32F4xx_HAL_Driver/Src/stm32f4xx_hal_uart.o
                0x08009680                HAL_UART_Receive_IT
 *fill*         0x080096ca        0x2 
 .text.HAL_UART_IRQHandler
                0x080096cc      0x554 ./Drivers/STM32F4xx_HAL_Driver/Src/stm32f4xx_hal_uart.o
                0x080096cc                HAL_UART_IRQHandler
 .text.HAL_UART_ErrorCallback
                0x08009c20       0x14 ./Drivers/STM32F4xx_HAL_Driver/Src/stm32f4xx_hal_uart.o
                0x08009c20                HAL_UART_ErrorCallback
 .text.HAL_UARTEx_RxEventCallback
                0x08009c34       0x18 ./Drivers/STM32F4xx_HAL_Driver/Src/stm32f4xx_hal_uart.o
                0x08009c34                HAL_UARTEx_RxEventCallback
 .text.UART_Start_Receive_IT
                0x08009c4c       0x74 ./Drivers/STM32F4xx_HAL_Driver/Src/stm32f4xx_hal_uart.o
                0x08009c4c                UART_Start_Receive_IT
 .text.UART_EndRxTransfer
                0x08009cc0       0xc6 ./Drivers/STM32F4xx_HAL_Driver/Src/stm32f4xx_hal_uart.o
 .text.UART_DMAAbortOnError
                0x08009d86       0x22 ./Drivers/STM32F4xx_HAL_Driver/Src/stm32f4xx_hal_uart.o
 .text.UART_Transmit_IT
                0x08009da8       0xa0 ./Drivers/STM32F4xx_HAL_Driver/Src/stm32f4xx_hal_uart.o
 .text.UART_EndTransmit_IT
                0x08009e48       0x30 ./Drivers/STM32F4xx_HAL_Driver/Src/stm32f4xx_hal_uart.o
 .text.UART_Receive_IT
                0x08009e78      0x17c ./Drivers/STM32F4xx_HAL_Driver/Src/stm32f4xx_hal_uart.o
 .text.UART_SetConfig
                0x08009ff4      0x4e8 ./Drivers/STM32F4xx_HAL_Driver/Src/stm32f4xx_hal_uart.o
 .text.USB_CoreInit
                0x0800a4dc       0xc8 ./Drivers/STM32F4xx_HAL_Driver/Src/stm32f4xx_ll_usb.o
                0x0800a4dc                USB_CoreInit
 .text.USB_SetTurnaroundTime
                0x0800a5a4      0x144 ./Drivers/STM32F4xx_HAL_Driver/Src/stm32f4xx_ll_usb.o
                0x0800a5a4                USB_SetTurnaroundTime
 .text.USB_EnableGlobalInt
                0x0800a6e8       0x22 ./Drivers/STM32F4xx_HAL_Driver/Src/stm32f4xx_ll_usb.o
                0x0800a6e8                USB_EnableGlobalInt
 .text.USB_DisableGlobalInt
                0x0800a70a       0x22 ./Drivers/STM32F4xx_HAL_Driver/Src/stm32f4xx_ll_usb.o
                0x0800a70a                USB_DisableGlobalInt
 .text.USB_SetCurrentMode
                0x0800a72c       0x98 ./Drivers/STM32F4xx_HAL_Driver/Src/stm32f4xx_ll_usb.o
                0x0800a72c                USB_SetCurrentMode
 .text.USB_DevInit
                0x0800a7c4      0x2c8 ./Drivers/STM32F4xx_HAL_Driver/Src/stm32f4xx_ll_usb.o
                0x0800a7c4                USB_DevInit
 .text.USB_FlushTxFifo
                0x0800aa8c       0x64 ./Drivers/STM32F4xx_HAL_Driver/Src/stm32f4xx_ll_usb.o
                0x0800aa8c                USB_FlushTxFifo
 .text.USB_FlushRxFifo
                0x0800aaf0       0x5c ./Drivers/STM32F4xx_HAL_Driver/Src/stm32f4xx_ll_usb.o
                0x0800aaf0                USB_FlushRxFifo
 .text.USB_SetDevSpeed
                0x0800ab4c       0x32 ./Drivers/STM32F4xx_HAL_Driver/Src/stm32f4xx_ll_usb.o
                0x0800ab4c                USB_SetDevSpeed
 .text.USB_GetDevSpeed
                0x0800ab7e       0x4a ./Drivers/STM32F4xx_HAL_Driver/Src/stm32f4xx_ll_usb.o
                0x0800ab7e                USB_GetDevSpeed
 .text.USB_ActivateEndpoint
                0x0800abc8      0x10e ./Drivers/STM32F4xx_HAL_Driver/Src/stm32f4xx_ll_usb.o
                0x0800abc8                USB_ActivateEndpoint
 *fill*         0x0800acd6        0x2 
 .text.USB_DeactivateEndpoint
                0x0800acd8      0x1b8 ./Drivers/STM32F4xx_HAL_Driver/Src/stm32f4xx_ll_usb.o
                0x0800acd8                USB_DeactivateEndpoint
 .text.USB_EPStartXfer
                0x0800ae90      0x53c ./Drivers/STM32F4xx_HAL_Driver/Src/stm32f4xx_ll_usb.o
                0x0800ae90                USB_EPStartXfer
 .text.USB_EPStopXfer
                0x0800b3cc      0x154 ./Drivers/STM32F4xx_HAL_Driver/Src/stm32f4xx_ll_usb.o
                0x0800b3cc                USB_EPStopXfer
 .text.USB_WritePacket
                0x0800b520       0x7c ./Drivers/STM32F4xx_HAL_Driver/Src/stm32f4xx_ll_usb.o
                0x0800b520                USB_WritePacket
 .text.USB_ReadPacket
                0x0800b59c       0xb0 ./Drivers/STM32F4xx_HAL_Driver/Src/stm32f4xx_ll_usb.o
                0x0800b59c                USB_ReadPacket
 .text.USB_EPSetStall
                0x0800b64c       0xdc ./Drivers/STM32F4xx_HAL_Driver/Src/stm32f4xx_ll_usb.o
                0x0800b64c                USB_EPSetStall
 .text.USB_EPClearStall
                0x0800b728       0xcc ./Drivers/STM32F4xx_HAL_Driver/Src/stm32f4xx_ll_usb.o
                0x0800b728                USB_EPClearStall
 .text.USB_SetDevAddress
                0x0800b7f4       0x4c ./Drivers/STM32F4xx_HAL_Driver/Src/stm32f4xx_ll_usb.o
                0x0800b7f4                USB_SetDevAddress
 .text.USB_DevConnect
                0x0800b840       0x42 ./Drivers/STM32F4xx_HAL_Driver/Src/stm32f4xx_ll_usb.o
                0x0800b840                USB_DevConnect
 .text.USB_DevDisconnect
                0x0800b882       0x42 ./Drivers/STM32F4xx_HAL_Driver/Src/stm32f4xx_ll_usb.o
                0x0800b882                USB_DevDisconnect
 .text.USB_ReadInterrupts
                0x0800b8c4       0x26 ./Drivers/STM32F4xx_HAL_Driver/Src/stm32f4xx_ll_usb.o
                0x0800b8c4                USB_ReadInterrupts
 .text.USB_ReadDevAllOutEpInterrupt
                0x0800b8ea       0x34 ./Drivers/STM32F4xx_HAL_Driver/Src/stm32f4xx_ll_usb.o
                0x0800b8ea                USB_ReadDevAllOutEpInterrupt
 .text.USB_ReadDevAllInEpInterrupt
                0x0800b91e       0x34 ./Drivers/STM32F4xx_HAL_Driver/Src/stm32f4xx_ll_usb.o
                0x0800b91e                USB_ReadDevAllInEpInterrupt
 .text.USB_ReadDevOutEPInterrupt
                0x0800b952       0x3c ./Drivers/STM32F4xx_HAL_Driver/Src/stm32f4xx_ll_usb.o
                0x0800b952                USB_ReadDevOutEPInterrupt
 .text.USB_ReadDevInEPInterrupt
                0x0800b98e       0x5c ./Drivers/STM32F4xx_HAL_Driver/Src/stm32f4xx_ll_usb.o
                0x0800b98e                USB_ReadDevInEPInterrupt
 .text.USB_GetMode
                0x0800b9ea       0x1c ./Drivers/STM32F4xx_HAL_Driver/Src/stm32f4xx_ll_usb.o
                0x0800b9ea                USB_GetMode
 .text.USB_ActivateSetup
                0x0800ba06       0x46 ./Drivers/STM32F4xx_HAL_Driver/Src/stm32f4xx_ll_usb.o
                0x0800ba06                USB_ActivateSetup
 .text.USB_EP0_OutStart
                0x0800ba4c       0xbc ./Drivers/STM32F4xx_HAL_Driver/Src/stm32f4xx_ll_usb.o
                0x0800ba4c                USB_EP0_OutStart
 .text.USB_CoreReset
                0x0800bb08       0x70 ./Drivers/STM32F4xx_HAL_Driver/Src/stm32f4xx_ll_usb.o
 .text.USBD_CDC_Init
                0x0800bb78      0x1f0 ./Middlewares/ST/STM32_USB_Device_Library/Class/CDC/Src/usbd_cdc.o
 .text.USBD_CDC_DeInit
                0x0800bd68      0x104 ./Middlewares/ST/STM32_USB_Device_Library/Class/CDC/Src/usbd_cdc.o
 .text.USBD_CDC_Setup
                0x0800be6c      0x1b8 ./Middlewares/ST/STM32_USB_Device_Library/Class/CDC/Src/usbd_cdc.o
 .text.USBD_CDC_DataIn
                0x0800c024       0xfe ./Middlewares/ST/STM32_USB_Device_Library/Class/CDC/Src/usbd_cdc.o
 .text.USBD_CDC_DataOut
                0x0800c122       0x70 ./Middlewares/ST/STM32_USB_Device_Library/Class/CDC/Src/usbd_cdc.o
 .text.USBD_CDC_EP0_RxReady
                0x0800c192       0x74 ./Middlewares/ST/STM32_USB_Device_Library/Class/CDC/Src/usbd_cdc.o
 *fill*         0x0800c206        0x2 
 .text.USBD_CDC_GetFSCfgDesc
                0x0800c208       0x70 ./Middlewares/ST/STM32_USB_Device_Library/Class/CDC/Src/usbd_cdc.o
 .text.USBD_CDC_GetHSCfgDesc
                0x0800c278       0x70 ./Middlewares/ST/STM32_USB_Device_Library/Class/CDC/Src/usbd_cdc.o
 .text.USBD_CDC_GetOtherSpeedCfgDesc
                0x0800c2e8       0x70 ./Middlewares/ST/STM32_USB_Device_Library/Class/CDC/Src/usbd_cdc.o
 .text.USBD_CDC_GetDeviceQualifierDescriptor
                0x0800c358       0x20 ./Middlewares/ST/STM32_USB_Device_Library/Class/CDC/Src/usbd_cdc.o
                0x0800c358                USBD_CDC_GetDeviceQualifierDescriptor
 .text.USBD_CDC_RegisterInterface
                0x0800c378       0x34 ./Middlewares/ST/STM32_USB_Device_Library/Class/CDC/Src/usbd_cdc.o
                0x0800c378                USBD_CDC_RegisterInterface
 .text.USBD_CDC_SetTxBuffer
                0x0800c3ac       0x44 ./Middlewares/ST/STM32_USB_Device_Library/Class/CDC/Src/usbd_cdc.o
                0x0800c3ac                USBD_CDC_SetTxBuffer
 .text.USBD_CDC_SetRxBuffer
                0x0800c3f0       0x3a ./Middlewares/ST/STM32_USB_Device_Library/Class/CDC/Src/usbd_cdc.o
                0x0800c3f0                USBD_CDC_SetRxBuffer
 *fill*         0x0800c42a        0x2 
 .text.USBD_CDC_TransmitPacket
                0x0800c42c       0x80 ./Middlewares/ST/STM32_USB_Device_Library/Class/CDC/Src/usbd_cdc.o
                0x0800c42c                USBD_CDC_TransmitPacket
 .text.USBD_CDC_ReceivePacket
                0x0800c4ac       0x6c ./Middlewares/ST/STM32_USB_Device_Library/Class/CDC/Src/usbd_cdc.o
                0x0800c4ac                USBD_CDC_ReceivePacket
 .text.USBD_Init
                0x0800c518       0x60 ./Middlewares/ST/STM32_USB_Device_Library/Core/Src/usbd_core.o
                0x0800c518                USBD_Init
 .text.USBD_RegisterClass
                0x0800c578       0x6c ./Middlewares/ST/STM32_USB_Device_Library/Core/Src/usbd_core.o
                0x0800c578                USBD_RegisterClass
 .text.USBD_Start
                0x0800c5e4       0x18 ./Middlewares/ST/STM32_USB_Device_Library/Core/Src/usbd_core.o
                0x0800c5e4                USBD_Start
 .text.USBD_RunTestMode
                0x0800c5fc       0x16 ./Middlewares/ST/STM32_USB_Device_Library/Core/Src/usbd_core.o
                0x0800c5fc                USBD_RunTestMode
 .text.USBD_SetClassConfig
                0x0800c612       0x38 ./Middlewares/ST/STM32_USB_Device_Library/Core/Src/usbd_core.o
                0x0800c612                USBD_SetClassConfig
 .text.USBD_ClrClassConfig
                0x0800c64a       0x34 ./Middlewares/ST/STM32_USB_Device_Library/Core/Src/usbd_core.o
                0x0800c64a                USBD_ClrClassConfig
 .text.USBD_LL_SetupStage
                0x0800c67e       0xaa ./Middlewares/ST/STM32_USB_Device_Library/Core/Src/usbd_core.o
                0x0800c67e                USBD_LL_SetupStage
 .text.USBD_LL_DataOutStage
                0x0800c728      0x178 ./Middlewares/ST/STM32_USB_Device_Library/Core/Src/usbd_core.o
                0x0800c728                USBD_LL_DataOutStage
 .text.USBD_LL_DataInStage
                0x0800c8a0      0x176 ./Middlewares/ST/STM32_USB_Device_Library/Core/Src/usbd_core.o
                0x0800c8a0                USBD_LL_DataInStage
 .text.USBD_LL_Reset
                0x0800ca16       0xa6 ./Middlewares/ST/STM32_USB_Device_Library/Core/Src/usbd_core.o
                0x0800ca16                USBD_LL_Reset
 .text.USBD_LL_SetSpeed
                0x0800cabc       0x20 ./Middlewares/ST/STM32_USB_Device_Library/Core/Src/usbd_core.o
                0x0800cabc                USBD_LL_SetSpeed
 .text.USBD_LL_Suspend
                0x0800cadc       0x38 ./Middlewares/ST/STM32_USB_Device_Library/Core/Src/usbd_core.o
                0x0800cadc                USBD_LL_Suspend
 .text.USBD_LL_Resume
                0x0800cb14       0x30 ./Middlewares/ST/STM32_USB_Device_Library/Core/Src/usbd_core.o
                0x0800cb14                USBD_LL_Resume
 .text.USBD_LL_SOF
                0x0800cb44       0x40 ./Middlewares/ST/STM32_USB_Device_Library/Core/Src/usbd_core.o
                0x0800cb44                USBD_LL_SOF
 .text.USBD_LL_IsoINIncomplete
                0x0800cb84       0x64 ./Middlewares/ST/STM32_USB_Device_Library/Core/Src/usbd_core.o
                0x0800cb84                USBD_LL_IsoINIncomplete
 .text.USBD_LL_IsoOUTIncomplete
                0x0800cbe8       0x64 ./Middlewares/ST/STM32_USB_Device_Library/Core/Src/usbd_core.o
                0x0800cbe8                USBD_LL_IsoOUTIncomplete
 .text.USBD_LL_DevConnected
                0x0800cc4c       0x16 ./Middlewares/ST/STM32_USB_Device_Library/Core/Src/usbd_core.o
                0x0800cc4c                USBD_LL_DevConnected
 .text.USBD_LL_DevDisconnected
                0x0800cc62       0x46 ./Middlewares/ST/STM32_USB_Device_Library/Core/Src/usbd_core.o
                0x0800cc62                USBD_LL_DevDisconnected
 .text.USBD_CoreFindIF
                0x0800cca8       0x1a ./Middlewares/ST/STM32_USB_Device_Library/Core/Src/usbd_core.o
                0x0800cca8                USBD_CoreFindIF
 .text.USBD_CoreFindEP
                0x0800ccc2       0x1a ./Middlewares/ST/STM32_USB_Device_Library/Core/Src/usbd_core.o
                0x0800ccc2                USBD_CoreFindEP
 .text.USBD_GetEpDesc
                0x0800ccdc       0x70 ./Middlewares/ST/STM32_USB_Device_Library/Core/Src/usbd_core.o
                0x0800ccdc                USBD_GetEpDesc
 .text.USBD_GetNextDesc
                0x0800cd4c       0x38 ./Middlewares/ST/STM32_USB_Device_Library/Core/Src/usbd_core.o
                0x0800cd4c                USBD_GetNextDesc
 .text.SWAPBYTE
                0x0800cd84       0x3e ./Middlewares/ST/STM32_USB_Device_Library/Core/Src/usbd_ctlreq.o
 *fill*         0x0800cdc2        0x2 
 .text.USBD_StdDevReq
                0x0800cdc4       0xe4 ./Middlewares/ST/STM32_USB_Device_Library/Core/Src/usbd_ctlreq.o
                0x0800cdc4                USBD_StdDevReq
 .text.USBD_StdItfReq
                0x0800cea8       0xd8 ./Middlewares/ST/STM32_USB_Device_Library/Core/Src/usbd_ctlreq.o
                0x0800cea8                USBD_StdItfReq
 .text.USBD_StdEPReq
                0x0800cf80      0x33e ./Middlewares/ST/STM32_USB_Device_Library/Core/Src/usbd_ctlreq.o
                0x0800cf80                USBD_StdEPReq
 *fill*         0x0800d2be        0x2 
 .text.USBD_GetDescriptor
                0x0800d2c0      0x2d4 ./Middlewares/ST/STM32_USB_Device_Library/Core/Src/usbd_ctlreq.o
 .text.USBD_SetAddress
                0x0800d594       0x88 ./Middlewares/ST/STM32_USB_Device_Library/Core/Src/usbd_ctlreq.o
 .text.USBD_SetConfig
                0x0800d61c      0x154 ./Middlewares/ST/STM32_USB_Device_Library/Core/Src/usbd_ctlreq.o
 .text.USBD_GetConfig
                0x0800d770       0x6c ./Middlewares/ST/STM32_USB_Device_Library/Core/Src/usbd_ctlreq.o
 .text.USBD_GetStatus
                0x0800d7dc       0x68 ./Middlewares/ST/STM32_USB_Device_Library/Core/Src/usbd_ctlreq.o
 .text.USBD_SetFeature
                0x0800d844       0x52 ./Middlewares/ST/STM32_USB_Device_Library/Core/Src/usbd_ctlreq.o
 .text.USBD_ClrFeature
                0x0800d896       0x44 ./Middlewares/ST/STM32_USB_Device_Library/Core/Src/usbd_ctlreq.o
 .text.USBD_ParseSetupRequest
                0x0800d8da       0x74 ./Middlewares/ST/STM32_USB_Device_Library/Core/Src/usbd_ctlreq.o
                0x0800d8da                USBD_ParseSetupRequest
 .text.USBD_CtlError
                0x0800d94e       0x22 ./Middlewares/ST/STM32_USB_Device_Library/Core/Src/usbd_ctlreq.o
                0x0800d94e                USBD_CtlError
 .text.USBD_GetString
                0x0800d970       0xa4 ./Middlewares/ST/STM32_USB_Device_Library/Core/Src/usbd_ctlreq.o
                0x0800d970                USBD_GetString
 .text.USBD_GetLen
                0x0800da14       0x34 ./Middlewares/ST/STM32_USB_Device_Library/Core/Src/usbd_ctlreq.o
 .text.USBD_CtlSendData
                0x0800da48       0x3c ./Middlewares/ST/STM32_USB_Device_Library/Core/Src/usbd_ioreq.o
                0x0800da48                USBD_CtlSendData
 .text.USBD_CtlContinueSendData
                0x0800da84       0x22 ./Middlewares/ST/STM32_USB_Device_Library/Core/Src/usbd_ioreq.o
                0x0800da84                USBD_CtlContinueSendData
 .text.USBD_CtlPrepareRx
                0x0800daa6       0x42 ./Middlewares/ST/STM32_USB_Device_Library/Core/Src/usbd_ioreq.o
                0x0800daa6                USBD_CtlPrepareRx
 .text.USBD_CtlContinueRx
                0x0800dae8       0x22 ./Middlewares/ST/STM32_USB_Device_Library/Core/Src/usbd_ioreq.o
                0x0800dae8                USBD_CtlContinueRx
 .text.USBD_CtlSendStatus
                0x0800db0a       0x26 ./Middlewares/ST/STM32_USB_Device_Library/Core/Src/usbd_ioreq.o
                0x0800db0a                USBD_CtlSendStatus
 .text.USBD_CtlReceiveStatus
                0x0800db30       0x26 ./Middlewares/ST/STM32_USB_Device_Library/Core/Src/usbd_ioreq.o
                0x0800db30                USBD_CtlReceiveStatus
 *fill*         0x0800db56        0x2 
 .text.MX_USB_DEVICE_Init
                0x0800db58       0x60 ./USB_DEVICE/App/usb_device.o
                0x0800db58                MX_USB_DEVICE_Init
 .text.CDC_Init_FS
                0x0800dbb8       0x28 ./USB_DEVICE/App/usbd_cdc_if.o
 .text.CDC_DeInit_FS
                0x0800dbe0       0x10 ./USB_DEVICE/App/usbd_cdc_if.o
 .text.CDC_Control_FS
                0x0800dbf0       0xbc ./USB_DEVICE/App/usbd_cdc_if.o
 .text.CDC_Receive_FS
                0x0800dcac       0x4c ./USB_DEVICE/App/usbd_cdc_if.o
 .text.CDC_Transmit_FS
                0x0800dcf8       0x4c ./USB_DEVICE/App/usbd_cdc_if.o
                0x0800dcf8                CDC_Transmit_FS
 .text.CDC_TransmitCplt_FS
                0x0800dd44       0x2c ./USB_DEVICE/App/usbd_cdc_if.o
 .text.USBD_FS_DeviceDescriptor
                0x0800dd70       0x24 ./USB_DEVICE/App/usbd_desc.o
                0x0800dd70                USBD_FS_DeviceDescriptor
 .text.USBD_FS_LangIDStrDescriptor
                0x0800dd94       0x24 ./USB_DEVICE/App/usbd_desc.o
                0x0800dd94                USBD_FS_LangIDStrDescriptor
 .text.USBD_FS_ProductStrDescriptor
                0x0800ddb8       0x3c ./USB_DEVICE/App/usbd_desc.o
                0x0800ddb8                USBD_FS_ProductStrDescriptor
 .text.USBD_FS_ManufacturerStrDescriptor
                0x0800ddf4       0x28 ./USB_DEVICE/App/usbd_desc.o
                0x0800ddf4                USBD_FS_ManufacturerStrDescriptor
 .text.USBD_FS_SerialStrDescriptor
                0x0800de1c       0x24 ./USB_DEVICE/App/usbd_desc.o
                0x0800de1c                USBD_FS_SerialStrDescriptor
 .text.USBD_FS_ConfigStrDescriptor
                0x0800de40       0x3c ./USB_DEVICE/App/usbd_desc.o
                0x0800de40                USBD_FS_ConfigStrDescriptor
 .text.USBD_FS_InterfaceStrDescriptor
                0x0800de7c       0x3c ./USB_DEVICE/App/usbd_desc.o
                0x0800de7c                USBD_FS_InterfaceStrDescriptor
 .text.Get_SerialNum
                0x0800deb8       0x58 ./USB_DEVICE/App/usbd_desc.o
 .text.IntToUnicode
                0x0800df10       0x7e ./USB_DEVICE/App/usbd_desc.o
 *fill*         0x0800df8e        0x2 
 .text.HAL_PCD_MspInit
                0x0800df90       0xa8 ./USB_DEVICE/Target/usbd_conf.o
                0x0800df90                HAL_PCD_MspInit
 .text.HAL_PCD_SetupStageCallback
                0x0800e038       0x24 ./USB_DEVICE/Target/usbd_conf.o
                0x0800e038                HAL_PCD_SetupStageCallback
 .text.HAL_PCD_DataOutStageCallback
                0x0800e05c       0x36 ./USB_DEVICE/Target/usbd_conf.o
                0x0800e05c                HAL_PCD_DataOutStageCallback
 .text.HAL_PCD_DataInStageCallback
                0x0800e092       0x34 ./USB_DEVICE/Target/usbd_conf.o
                0x0800e092                HAL_PCD_DataInStageCallback
 .text.HAL_PCD_SOFCallback
                0x0800e0c6       0x1c ./USB_DEVICE/Target/usbd_conf.o
                0x0800e0c6                HAL_PCD_SOFCallback
 .text.HAL_PCD_ResetCallback
                0x0800e0e2       0x50 ./USB_DEVICE/Target/usbd_conf.o
                0x0800e0e2                HAL_PCD_ResetCallback
 *fill*         0x0800e132        0x2 
 .text.HAL_PCD_SuspendCallback
                0x0800e134       0x4c ./USB_DEVICE/Target/usbd_conf.o
                0x0800e134                HAL_PCD_SuspendCallback
 .text.HAL_PCD_ResumeCallback
                0x0800e180       0x1c ./USB_DEVICE/Target/usbd_conf.o
                0x0800e180                HAL_PCD_ResumeCallback
 .text.HAL_PCD_ISOOUTIncompleteCallback
                0x0800e19c       0x24 ./USB_DEVICE/Target/usbd_conf.o
                0x0800e19c                HAL_PCD_ISOOUTIncompleteCallback
 .text.HAL_PCD_ISOINIncompleteCallback
                0x0800e1c0       0x24 ./USB_DEVICE/Target/usbd_conf.o
                0x0800e1c0                HAL_PCD_ISOINIncompleteCallback
 .text.HAL_PCD_ConnectCallback
                0x0800e1e4       0x1c ./USB_DEVICE/Target/usbd_conf.o
                0x0800e1e4                HAL_PCD_ConnectCallback
 .text.HAL_PCD_DisconnectCallback
                0x0800e200       0x1c ./USB_DEVICE/Target/usbd_conf.o
                0x0800e200                HAL_PCD_DisconnectCallback
 .text.USBD_LL_Init
                0x0800e21c       0x98 ./USB_DEVICE/Target/usbd_conf.o
                0x0800e21c                USBD_LL_Init
 .text.USBD_LL_Start
                0x0800e2b4       0x36 ./USB_DEVICE/Target/usbd_conf.o
                0x0800e2b4                USBD_LL_Start
 .text.USBD_LL_OpenEP
                0x0800e2ea       0x4c ./USB_DEVICE/Target/usbd_conf.o
                0x0800e2ea                USBD_LL_OpenEP
 .text.USBD_LL_CloseEP
                0x0800e336       0x3e ./USB_DEVICE/Target/usbd_conf.o
                0x0800e336                USBD_LL_CloseEP
 .text.USBD_LL_StallEP
                0x0800e374       0x3e ./USB_DEVICE/Target/usbd_conf.o
                0x0800e374                USBD_LL_StallEP
 .text.USBD_LL_ClearStallEP
                0x0800e3b2       0x3e ./USB_DEVICE/Target/usbd_conf.o
                0x0800e3b2                USBD_LL_ClearStallEP
 .text.USBD_LL_IsStallEP
                0x0800e3f0       0x58 ./USB_DEVICE/Target/usbd_conf.o
                0x0800e3f0                USBD_LL_IsStallEP
 .text.USBD_LL_SetUSBAddress
                0x0800e448       0x3e ./USB_DEVICE/Target/usbd_conf.o
                0x0800e448                USBD_LL_SetUSBAddress
 .text.USBD_LL_Transmit
                0x0800e486       0x42 ./USB_DEVICE/Target/usbd_conf.o
                0x0800e486                USBD_LL_Transmit
 .text.USBD_LL_PrepareReceive
                0x0800e4c8       0x42 ./USB_DEVICE/Target/usbd_conf.o
                0x0800e4c8                USBD_LL_PrepareReceive
 .text.USBD_LL_GetRxDataSize
                0x0800e50a       0x26 ./USB_DEVICE/Target/usbd_conf.o
                0x0800e50a                USBD_LL_GetRxDataSize
 .text.USBD_static_malloc
                0x0800e530       0x1c ./USB_DEVICE/Target/usbd_conf.o
                0x0800e530                USBD_static_malloc
 .text.USBD_static_free
                0x0800e54c       0x14 ./USB_DEVICE/Target/usbd_conf.o
                0x0800e54c                USBD_static_free
 .text.USBD_Get_USB_Status
                0x0800e560       0x58 ./USB_DEVICE/Target/usbd_conf.o
                0x0800e560                USBD_Get_USB_Status
 .text.snprintf
                0x0800e5b8       0x6c C:/ST/STM32CubeIDE_1.13.1/STM32CubeIDE/plugins/com.st.stm32cube.ide.mcu.externaltools.gnu-tools-for-stm32.13.3.rel1.win32_1.0.0.202411081344/tools/bin/../lib/gcc/arm-none-eabi/13.3.1/../../../../arm-none-eabi/lib/thumb/v7e-m+fp/hard\libc_nano.a(libc_a-snprintf.o)
                0x0800e5b8                sniprintf
                0x0800e5b8                snprintf
 .text.memset   0x0800e624       0x10 C:/ST/STM32CubeIDE_1.13.1/STM32CubeIDE/plugins/com.st.stm32cube.ide.mcu.externaltools.gnu-tools-for-stm32.13.3.rel1.win32_1.0.0.202411081344/tools/bin/../lib/gcc/arm-none-eabi/13.3.1/../../../../arm-none-eabi/lib/thumb/v7e-m+fp/hard\libc_nano.a(libc_a-memset.o)
                0x0800e624                memset
 .text.__errno  0x0800e634        0xc C:/ST/STM32CubeIDE_1.13.1/STM32CubeIDE/plugins/com.st.stm32cube.ide.mcu.externaltools.gnu-tools-for-stm32.13.3.rel1.win32_1.0.0.202411081344/tools/bin/../lib/gcc/arm-none-eabi/13.3.1/../../../../arm-none-eabi/lib/thumb/v7e-m+fp/hard\libc_nano.a(libc_a-errno.o)
                0x0800e634                __errno
 .text.__libc_init_array
                0x0800e640       0x48 C:/ST/STM32CubeIDE_1.13.1/STM32CubeIDE/plugins/com.st.stm32cube.ide.mcu.externaltools.gnu-tools-for-stm32.13.3.rel1.win32_1.0.0.202411081344/tools/bin/../lib/gcc/arm-none-eabi/13.3.1/../../../../arm-none-eabi/lib/thumb/v7e-m+fp/hard\libc_nano.a(libc_a-init.o)
                0x0800e640                __libc_init_array
 .text.__retarget_lock_acquire_recursive
                0x0800e688        0x2 C:/ST/STM32CubeIDE_1.13.1/STM32CubeIDE/plugins/com.st.stm32cube.ide.mcu.externaltools.gnu-tools-for-stm32.13.3.rel1.win32_1.0.0.202411081344/tools/bin/../lib/gcc/arm-none-eabi/13.3.1/../../../../arm-none-eabi/lib/thumb/v7e-m+fp/hard\libc_nano.a(libc_a-lock.o)
                0x0800e688                __retarget_lock_acquire_recursive
 .text.__retarget_lock_release_recursive
                0x0800e68a        0x2 C:/ST/STM32CubeIDE_1.13.1/STM32CubeIDE/plugins/com.st.stm32cube.ide.mcu.externaltools.gnu-tools-for-stm32.13.3.rel1.win32_1.0.0.202411081344/tools/bin/../lib/gcc/arm-none-eabi/13.3.1/../../../../arm-none-eabi/lib/thumb/v7e-m+fp/hard\libc_nano.a(libc_a-lock.o)
                0x0800e68a                __retarget_lock_release_recursive
 .text.memcpy   0x0800e68c       0x1c C:/ST/STM32CubeIDE_1.13.1/STM32CubeIDE/plugins/com.st.stm32cube.ide.mcu.externaltools.gnu-tools-for-stm32.13.3.rel1.win32_1.0.0.202411081344/tools/bin/../lib/gcc/arm-none-eabi/13.3.1/../../../../arm-none-eabi/lib/thumb/v7e-m+fp/hard\libc_nano.a(libc_a-memcpy-stub.o)
                0x0800e68c                memcpy
 .text._free_r  0x0800e6a8       0x94 C:/ST/STM32CubeIDE_1.13.1/STM32CubeIDE/plugins/com.st.stm32cube.ide.mcu.externaltools.gnu-tools-for-stm32.13.3.rel1.win32_1.0.0.202411081344/tools/bin/../lib/gcc/arm-none-eabi/13.3.1/../../../../arm-none-eabi/lib/thumb/v7e-m+fp/hard\libc_nano.a(libc_a-freer.o)
                0x0800e6a8                _free_r
 .text.sbrk_aligned
                0x0800e73c       0x44 C:/ST/STM32CubeIDE_1.13.1/STM32CubeIDE/plugins/com.st.stm32cube.ide.mcu.externaltools.gnu-tools-for-stm32.13.3.rel1.win32_1.0.0.202411081344/tools/bin/../lib/gcc/arm-none-eabi/13.3.1/../../../../arm-none-eabi/lib/thumb/v7e-m+fp/hard\libc_nano.a(libc_a-mallocr.o)
 .text._malloc_r
                0x0800e780      0x100 C:/ST/STM32CubeIDE_1.13.1/STM32CubeIDE/plugins/com.st.stm32cube.ide.mcu.externaltools.gnu-tools-for-stm32.13.3.rel1.win32_1.0.0.202411081344/tools/bin/../lib/gcc/arm-none-eabi/13.3.1/../../../../arm-none-eabi/lib/thumb/v7e-m+fp/hard\libc_nano.a(libc_a-mallocr.o)
                0x0800e780                _malloc_r
 .text.__malloc_lock
                0x0800e880        0xc C:/ST/STM32CubeIDE_1.13.1/STM32CubeIDE/plugins/com.st.stm32cube.ide.mcu.externaltools.gnu-tools-for-stm32.13.3.rel1.win32_1.0.0.202411081344/tools/bin/../lib/gcc/arm-none-eabi/13.3.1/../../../../arm-none-eabi/lib/thumb/v7e-m+fp/hard\libc_nano.a(libc_a-mlock.o)
                0x0800e880                __malloc_lock
 .text.__malloc_unlock
                0x0800e88c        0xc C:/ST/STM32CubeIDE_1.13.1/STM32CubeIDE/plugins/com.st.stm32cube.ide.mcu.externaltools.gnu-tools-for-stm32.13.3.rel1.win32_1.0.0.202411081344/tools/bin/../lib/gcc/arm-none-eabi/13.3.1/../../../../arm-none-eabi/lib/thumb/v7e-m+fp/hard\libc_nano.a(libc_a-mlock.o)
                0x0800e88c                __malloc_unlock
 .text.__ssputs_r
                0x0800e898       0xb6 C:/ST/STM32CubeIDE_1.13.1/STM32CubeIDE/plugins/com.st.stm32cube.ide.mcu.externaltools.gnu-tools-for-stm32.13.3.rel1.win32_1.0.0.202411081344/tools/bin/../lib/gcc/arm-none-eabi/13.3.1/../../../../arm-none-eabi/lib/thumb/v7e-m+fp/hard\libc_nano.a(libc_a-nano-svfprintf.o)
                0x0800e898                __ssputs_r
 *fill*         0x0800e94e        0x2 
 .text._svfprintf_r
                0x0800e950      0x1f8 C:/ST/STM32CubeIDE_1.13.1/STM32CubeIDE/plugins/com.st.stm32cube.ide.mcu.externaltools.gnu-tools-for-stm32.13.3.rel1.win32_1.0.0.202411081344/tools/bin/../lib/gcc/arm-none-eabi/13.3.1/../../../../arm-none-eabi/lib/thumb/v7e-m+fp/hard\libc_nano.a(libc_a-nano-svfprintf.o)
                0x0800e950                _svfiprintf_r
                0x0800e950                _svfprintf_r
 .text._printf_common
                0x0800eb48       0xda C:/ST/STM32CubeIDE_1.13.1/STM32CubeIDE/plugins/com.st.stm32cube.ide.mcu.externaltools.gnu-tools-for-stm32.13.3.rel1.win32_1.0.0.202411081344/tools/bin/../lib/gcc/arm-none-eabi/13.3.1/../../../../arm-none-eabi/lib/thumb/v7e-m+fp/hard\libc_nano.a(libc_a-nano-vfprintf_i.o)
                0x0800eb48                _printf_common
 *fill*         0x0800ec22        0x2 
 .text._printf_i
                0x0800ec24      0x23c C:/ST/STM32CubeIDE_1.13.1/STM32CubeIDE/plugins/com.st.stm32cube.ide.mcu.externaltools.gnu-tools-for-stm32.13.3.rel1.win32_1.0.0.202411081344/tools/bin/../lib/gcc/arm-none-eabi/13.3.1/../../../../arm-none-eabi/lib/thumb/v7e-m+fp/hard\libc_nano.a(libc_a-nano-vfprintf_i.o)
                0x0800ec24                _printf_i
 .text.memmove  0x0800ee60       0x34 C:/ST/STM32CubeIDE_1.13.1/STM32CubeIDE/plugins/com.st.stm32cube.ide.mcu.externaltools.gnu-tools-for-stm32.13.3.rel1.win32_1.0.0.202411081344/tools/bin/../lib/gcc/arm-none-eabi/13.3.1/../../../../arm-none-eabi/lib/thumb/v7e-m+fp/hard\libc_nano.a(libc_a-memmove.o)
                0x0800ee60                memmove
 .text._sbrk_r  0x0800ee94       0x20 C:/ST/STM32CubeIDE_1.13.1/STM32CubeIDE/plugins/com.st.stm32cube.ide.mcu.externaltools.gnu-tools-for-stm32.13.3.rel1.win32_1.0.0.202411081344/tools/bin/../lib/gcc/arm-none-eabi/13.3.1/../../../../arm-none-eabi/lib/thumb/v7e-m+fp/hard\libc_nano.a(libc_a-sbrkr.o)
                0x0800ee94                _sbrk_r
 .text._realloc_r
                0x0800eeb4       0x5c C:/ST/STM32CubeIDE_1.13.1/STM32CubeIDE/plugins/com.st.stm32cube.ide.mcu.externaltools.gnu-tools-for-stm32.13.3.rel1.win32_1.0.0.202411081344/tools/bin/../lib/gcc/arm-none-eabi/13.3.1/../../../../arm-none-eabi/lib/thumb/v7e-m+fp/hard\libc_nano.a(libc_a-reallocr.o)
                0x0800eeb4                _realloc_r
 .text._malloc_usable_size_r
                0x0800ef10       0x10 C:/ST/STM32CubeIDE_1.13.1/STM32CubeIDE/plugins/com.st.stm32cube.ide.mcu.externaltools.gnu-tools-for-stm32.13.3.rel1.win32_1.0.0.202411081344/tools/bin/../lib/gcc/arm-none-eabi/13.3.1/../../../../arm-none-eabi/lib/thumb/v7e-m+fp/hard\libc_nano.a(libc_a-msizer.o)
                0x0800ef10                _malloc_usable_size_r
 *(.glue_7)
 .glue_7        0x0800ef20        0x0 linker stubs
 *(.glue_7t)
 .glue_7t       0x0800ef20        0x0 linker stubs
 *(.eh_frame)
 .eh_frame      0x0800ef20        0x0 C:/ST/STM32CubeIDE_1.13.1/STM32CubeIDE/plugins/com.st.stm32cube.ide.mcu.externaltools.gnu-tools-for-stm32.13.3.rel1.win32_1.0.0.202411081344/tools/bin/../lib/gcc/arm-none-eabi/13.3.1/thumb/v7e-m+fp/hard/crtbegin.o
 *(.init)
 .init          0x0800ef20        0x4 C:/ST/STM32CubeIDE_1.13.1/STM32CubeIDE/plugins/com.st.stm32cube.ide.mcu.externaltools.gnu-tools-for-stm32.13.3.rel1.win32_1.0.0.202411081344/tools/bin/../lib/gcc/arm-none-eabi/13.3.1/thumb/v7e-m+fp/hard/crti.o
                0x0800ef20                _init
 .init          0x0800ef24        0x8 C:/ST/STM32CubeIDE_1.13.1/STM32CubeIDE/plugins/com.st.stm32cube.ide.mcu.externaltools.gnu-tools-for-stm32.13.3.rel1.win32_1.0.0.202411081344/tools/bin/../lib/gcc/arm-none-eabi/13.3.1/thumb/v7e-m+fp/hard/crtn.o
 *(.fini)
 .fini          0x0800ef2c        0x4 C:/ST/STM32CubeIDE_1.13.1/STM32CubeIDE/plugins/com.st.stm32cube.ide.mcu.externaltools.gnu-tools-for-stm32.13.3.rel1.win32_1.0.0.202411081344/tools/bin/../lib/gcc/arm-none-eabi/13.3.1/thumb/v7e-m+fp/hard/crti.o
                0x0800ef2c                _fini
 .fini          0x0800ef30        0x8 C:/ST/STM32CubeIDE_1.13.1/STM32CubeIDE/plugins/com.st.stm32cube.ide.mcu.externaltools.gnu-tools-for-stm32.13.3.rel1.win32_1.0.0.202411081344/tools/bin/../lib/gcc/arm-none-eabi/13.3.1/thumb/v7e-m+fp/hard/crtn.o
                0x0800ef38                        . = ALIGN (0x4)
                0x0800ef38                        _etext = .

.vfp11_veneer   0x0800ef38        0x0
 .vfp11_veneer  0x0800ef38        0x0 linker stubs

.v4_bx          0x0800ef38        0x0
 .v4_bx         0x0800ef38        0x0 linker stubs

.iplt           0x0800ef38        0x0
 .iplt          0x0800ef38        0x0 C:/ST/STM32CubeIDE_1.13.1/STM32CubeIDE/plugins/com.st.stm32cube.ide.mcu.externaltools.gnu-tools-for-stm32.13.3.rel1.win32_1.0.0.202411081344/tools/bin/../lib/gcc/arm-none-eabi/13.3.1/thumb/v7e-m+fp/hard/crtbegin.o

.rodata         0x0800ef38      0x188
                0x0800ef38                        . = ALIGN (0x4)
 *(.rodata)
 .rodata        0x0800ef38       0x1f ./Core/Src/comm.o
 *fill*         0x0800ef57        0x1 
 .rodata        0x0800ef58       0x58 ./Core/Src/main.o
 .rodata        0x0800efb0       0x46 ./USB_DEVICE/App/usbd_desc.o
 *(.rodata*)
 *fill*         0x0800eff6        0x2 
 .rodata.baby_out_pins
                0x0800eff8        0x4 ./Core/Src/dio.o
 .rodata.baby_out_port
                0x0800effc        0x8 ./Core/Src/dio.o
 .rodata.baby_in_pins
                0x0800f004        0x8 ./Core/Src/dio.o
 .rodata.baby_in_port
                0x0800f00c       0x10 ./Core/Src/dio.o
 .rodata.board_configs
                0x0800f01c       0x50 ./Core/Src/status_led.o
 .rodata.AHBPrescTable
                0x0800f06c       0x10 ./Core/Src/system_stm32f4xx.o
                0x0800f06c                AHBPrescTable
 .rodata.APBPrescTable
                0x0800f07c        0x8 ./Core/Src/system_stm32f4xx.o
                0x0800f07c                APBPrescTable
 .rodata.flagBitshiftOffset.0
                0x0800f084        0x8 ./Drivers/STM32F4xx_HAL_Driver/Src/stm32f4xx_hal_dma.o
 .rodata._svfprintf_r.str1.1
                0x0800f08c       0x33 C:/ST/STM32CubeIDE_1.13.1/STM32CubeIDE/plugins/com.st.stm32cube.ide.mcu.externaltools.gnu-tools-for-stm32.13.3.rel1.win32_1.0.0.202411081344/tools/bin/../lib/gcc/arm-none-eabi/13.3.1/../../../../arm-none-eabi/lib/thumb/v7e-m+fp/hard\libc_nano.a(libc_a-nano-svfprintf.o)
                                 0x11 (size before relaxing)
 .rodata._printf_i.str1.1
                0x0800f0bf       0x22 C:/ST/STM32CubeIDE_1.13.1/STM32CubeIDE/plugins/com.st.stm32cube.ide.mcu.externaltools.gnu-tools-for-stm32.13.3.rel1.win32_1.0.0.202411081344/tools/bin/../lib/gcc/arm-none-eabi/13.3.1/../../../../arm-none-eabi/lib/thumb/v7e-m+fp/hard\libc_nano.a(libc_a-nano-vfprintf_i.o)
                0x0800f0e4                        . = ALIGN (0x4)
 *fill*         0x0800f0bf        0x1 

.ARM.extab      0x0800f0c0        0x0
                0x0800f0c0                        . = ALIGN (0x4)
 *(.ARM.extab* .gnu.linkonce.armextab.*)
                0x0800f0c0                        . = ALIGN (0x4)

.ARM            0x0800f0c0        0x8
                0x0800f0c0                        . = ALIGN (0x4)
                0x0800f0c0                        __exidx_start = .
 *(.ARM.exidx*)
 .ARM.exidx     0x0800f0c0        0x8 C:/ST/STM32CubeIDE_1.13.1/STM32CubeIDE/plugins/com.st.stm32cube.ide.mcu.externaltools.gnu-tools-for-stm32.13.3.rel1.win32_1.0.0.202411081344/tools/bin/../lib/gcc/arm-none-eabi/13.3.1/../../../../arm-none-eabi/lib/thumb/v7e-m+fp/hard\libc_nano.a(libc_a-strlen.o)
 .ARM.exidx     0x0800f0c8        0x0 C:/ST/STM32CubeIDE_1.13.1/STM32CubeIDE/plugins/com.st.stm32cube.ide.mcu.externaltools.gnu-tools-for-stm32.13.3.rel1.win32_1.0.0.202411081344/tools/bin/../lib/gcc/arm-none-eabi/13.3.1/../../../../arm-none-eabi/lib/thumb/v7e-m+fp/hard\libc_nano.a(libc_a-memchr.o)
                                  0x8 (size before relaxing)
 .ARM.exidx     0x0800f0c8        0x0 C:/ST/STM32CubeIDE_1.13.1/STM32CubeIDE/plugins/com.st.stm32cube.ide.mcu.externaltools.gnu-tools-for-stm32.13.3.rel1.win32_1.0.0.202411081344/tools/bin/../lib/gcc/arm-none-eabi/13.3.1/thumb/v7e-m+fp/hard\libgcc.a(_udivmoddi4.o)
                                  0x8 (size before relaxing)
                0x0800f0c8                        __exidx_end = .
                0x0800f0c8                        . = ALIGN (0x4)

.preinit_array  0x0800f0c8        0x0
                0x0800f0c8                        . = ALIGN (0x4)
                0x0800f0c8                        PROVIDE (__preinit_array_start = .)
 *(.preinit_array*)
                0x0800f0c8                        PROVIDE (__preinit_array_end = .)
                0x0800f0c8                        . = ALIGN (0x4)

.init_array     0x0800f0c8        0x4
                0x0800f0c8                        . = ALIGN (0x4)
                0x0800f0c8                        PROVIDE (__init_array_start = .)
 *(SORT_BY_NAME(.init_array.*))
 *(.init_array*)
 .init_array    0x0800f0c8        0x4 C:/ST/STM32CubeIDE_1.13.1/STM32CubeIDE/plugins/com.st.stm32cube.ide.mcu.externaltools.gnu-tools-for-stm32.13.3.rel1.win32_1.0.0.202411081344/tools/bin/../lib/gcc/arm-none-eabi/13.3.1/thumb/v7e-m+fp/hard/crtbegin.o
                0x0800f0cc                        PROVIDE (__init_array_end = .)
                0x0800f0cc                        . = ALIGN (0x4)

.fini_array     0x0800f0cc        0x4
                0x0800f0cc                        . = ALIGN (0x4)
                [!provide]                        PROVIDE (__fini_array_start = .)
 *(SORT_BY_NAME(.fini_array.*))
 *(.fini_array*)
 .fini_array    0x0800f0cc        0x4 C:/ST/STM32CubeIDE_1.13.1/STM32CubeIDE/plugins/com.st.stm32cube.ide.mcu.externaltools.gnu-tools-for-stm32.13.3.rel1.win32_1.0.0.202411081344/tools/bin/../lib/gcc/arm-none-eabi/13.3.1/thumb/v7e-m+fp/hard/crtbegin.o
                [!provide]                        PROVIDE (__fini_array_end = .)
                0x0800f0d0                        . = ALIGN (0x4)
                0x0800f0d0                        _sidata = LOADADDR (.data)

.rel.dyn        0x0800f0d0        0x0
 .rel.iplt      0x0800f0d0        0x0 C:/ST/STM32CubeIDE_1.13.1/STM32CubeIDE/plugins/com.st.stm32cube.ide.mcu.externaltools.gnu-tools-for-stm32.13.3.rel1.win32_1.0.0.202411081344/tools/bin/../lib/gcc/arm-none-eabi/13.3.1/thumb/v7e-m+fp/hard/crtbegin.o

.data           0x20000000      0x170 load address 0x0800f0d0
                0x20000000                        . = ALIGN (0x4)
                0x20000000                        _sdata = .
 *(.data)
 *(.data*)
 .data.debug_use_rs422
                0x20000000        0x1 ./Core/Src/comm.o
                0x20000000                debug_use_rs422
 *fill*         0x20000001        0x1 
 .data.rs422_de_normal_pin
                0x20000002        0x2 ./Core/Src/comm.o
 .data.rs422_de_reverse_pin
                0x20000004        0x2 ./Core/Src/comm.o
 .data.rs422_nre_normal_pin
                0x20000006        0x2 ./Core/Src/comm.o
 .data.rs422_nre_reverse_pin
                0x20000008        0x2 ./Core/Src/comm.o
 .data.rs422_de_pin
                0x2000000a        0x2 ./Core/Src/comm.o
 .data.load_app_slot
                0x2000000c        0x6 ./Core/Src/packet.o
 *fill*         0x20000012        0x2 
 .data.SystemCoreClock
                0x20000014        0x4 ./Core/Src/system_stm32f4xx.o
                0x20000014                SystemCoreClock
 .data.dhcp_xid
                0x20000018        0x4 ./Core/Src/w5500.o
 .data.static_ip
                0x2000001c        0x4 ./Core/Src/w5500.o
 .data.static_gateway
                0x20000020        0x4 ./Core/Src/w5500.o
 .data.static_subnet
                0x20000024        0x4 ./Core/Src/w5500.o
 .data.uwTickPrio
                0x20000028        0x4 ./Drivers/STM32F4xx_HAL_Driver/Src/stm32f4xx_hal.o
                0x20000028                uwTickPrio
 .data.uwTickFreq
                0x2000002c        0x1 ./Drivers/STM32F4xx_HAL_Driver/Src/stm32f4xx_hal.o
                0x2000002c                uwTickFreq
 *fill*         0x2000002d        0x3 
 .data.USBD_CDC_DeviceQualifierDesc
                0x20000030        0xa ./Middlewares/ST/STM32_USB_Device_Library/Class/CDC/Src/usbd_cdc.o
 *fill*         0x2000003a        0x2 
 .data.USBD_CDC
                0x2000003c       0x38 ./Middlewares/ST/STM32_USB_Device_Library/Class/CDC/Src/usbd_cdc.o
                0x2000003c                USBD_CDC
 .data.USBD_CDC_CfgDesc
                0x20000074       0x43 ./Middlewares/ST/STM32_USB_Device_Library/Class/CDC/Src/usbd_cdc.o
 .data.CDCInEpAdd
                0x200000b7        0x1 ./Middlewares/ST/STM32_USB_Device_Library/Class/CDC/Src/usbd_cdc.o
 .data.CDCOutEpAdd
                0x200000b8        0x1 ./Middlewares/ST/STM32_USB_Device_Library/Class/CDC/Src/usbd_cdc.o
 .data.CDCCmdEpAdd
                0x200000b9        0x1 ./Middlewares/ST/STM32_USB_Device_Library/Class/CDC/Src/usbd_cdc.o
 *fill*         0x200000ba        0x2 
 .data.USBD_Interface_fops_FS
                0x200000bc       0x14 ./USB_DEVICE/App/usbd_cdc_if.o
                0x200000bc                USBD_Interface_fops_FS
 .data.FS_Desc  0x200000d0       0x1c ./USB_DEVICE/App/usbd_desc.o
                0x200000d0                FS_Desc
 .data.USBD_FS_DeviceDesc
                0x200000ec       0x12 ./USB_DEVICE/App/usbd_desc.o
                0x200000ec                USBD_FS_DeviceDesc
 *fill*         0x200000fe        0x2 
 .data.USBD_LangIDDesc
                0x20000100        0x4 ./USB_DEVICE/App/usbd_desc.o
                0x20000100                USBD_LangIDDesc
 .data.USBD_StringSerial
                0x20000104       0x1a ./USB_DEVICE/App/usbd_desc.o
                0x20000104                USBD_StringSerial
 *fill*         0x2000011e        0x2 
 .data._impure_ptr
                0x20000120        0x4 C:/ST/STM32CubeIDE_1.13.1/STM32CubeIDE/plugins/com.st.stm32cube.ide.mcu.externaltools.gnu-tools-for-stm32.13.3.rel1.win32_1.0.0.202411081344/tools/bin/../lib/gcc/arm-none-eabi/13.3.1/../../../../arm-none-eabi/lib/thumb/v7e-m+fp/hard\libc_nano.a(libc_a-impure.o)
                0x20000120                _impure_ptr
 .data._impure_data
                0x20000124       0x4c C:/ST/STM32CubeIDE_1.13.1/STM32CubeIDE/plugins/com.st.stm32cube.ide.mcu.externaltools.gnu-tools-for-stm32.13.3.rel1.win32_1.0.0.202411081344/tools/bin/../lib/gcc/arm-none-eabi/13.3.1/../../../../arm-none-eabi/lib/thumb/v7e-m+fp/hard\libc_nano.a(libc_a-impure.o)
                0x20000124                _impure_data
 *(.RamFunc)
 *(.RamFunc*)
                0x20000170                        . = ALIGN (0x4)
                0x20000170                        _edata = .
                0x0800f240                        _siccmram = LOADADDR (.ccmram)

.igot.plt       0x20000170        0x0 load address 0x0800f240
 .igot.plt      0x20000170        0x0 C:/ST/STM32CubeIDE_1.13.1/STM32CubeIDE/plugins/com.st.stm32cube.ide.mcu.externaltools.gnu-tools-for-stm32.13.3.rel1.win32_1.0.0.202411081344/tools/bin/../lib/gcc/arm-none-eabi/13.3.1/thumb/v7e-m+fp/hard/crtbegin.o

.ccmram         0x10000000        0x0 load address 0x0800f240
                0x10000000                        . = ALIGN (0x4)
                0x10000000                        _sccmram = .
 *(.ccmram)
 *(.ccmram*)
                0x10000000                        . = ALIGN (0x4)
                0x10000000                        _eccmram = .
                0x10000000                        . = ALIGN (0x4)

.bss            0x20000170     0x4a78
                0x20000170                        _sbss = .
                0x20000170                        __bss_start__ = _sbss
 *(.bss)
 .bss           0x20000170       0x1c C:/ST/STM32CubeIDE_1.13.1/STM32CubeIDE/plugins/com.st.stm32cube.ide.mcu.externaltools.gnu-tools-for-stm32.13.3.rel1.win32_1.0.0.202411081344/tools/bin/../lib/gcc/arm-none-eabi/13.3.1/thumb/v7e-m+fp/hard/crtbegin.o
 *(.bss*)
 .bss.board     0x2000018c        0x1 ./Core/Src/aio.o
 *fill*         0x2000018d        0x3 
 .bss.curAInVals
                0x20000190       0x40 ./Core/Src/aio.o
                0x20000190                curAInVals
 .bss.curInCount
                0x200001d0        0x1 ./Core/Src/aio.o
                0x200001d0                curInCount
 .bss.curOutCount
                0x200001d1        0x1 ./Core/Src/aio.o
                0x200001d1                curOutCount
 *fill*         0x200001d2        0x2 
 .bss.apps      0x200001d4      0xcf0 ./Core/Src/app.o
                0x200001d4                apps
 .bss.rs422_mode
                0x20000ec4        0x1 ./Core/Src/bridge.o
 .bss.eth_mode  0x20000ec5        0x1 ./Core/Src/bridge.o
 .bss.usb_mode  0x20000ec6        0x1 ./Core/Src/bridge.o
 .bss.usb_tx_busy
                0x20000ec7        0x1 ./Core/Src/comm.o
                0x20000ec7                usb_tx_busy
 .bss.rx_buf    0x20000ec8      0x624 ./Core/Src/comm.o
 .bss.my_node_id
                0x200014ec        0x1 ./Core/Src/comm.o
 .bss.crossover
                0x200014ed        0x1 ./Core/Src/comm.o
 *fill*         0x200014ee        0x2 
 .bss.rx_dma_buffer
                0x200014f0        0x1 ./Core/Src/comm.o
 *fill*         0x200014f1        0x3 
 .bss.rs422_tx_queue
                0x200014f4      0x800 ./Core/Src/comm.o
 .bss.rs422_tx_head
                0x20001cf4        0x2 ./Core/Src/comm.o
 .bss.rs422_tx_tail
                0x20001cf6        0x2 ./Core/Src/comm.o
 .bss.rs422_tx_active
                0x20001cf8        0x1 ./Core/Src/comm.o
 .bss.dhcp_done
                0x20001cf9        0x1 ./Core/Src/comm.o
 *fill*         0x20001cfa        0x2 
 .bss.last_keep.0
                0x20001cfc       0x10 ./Core/Src/comm.o
 .bss.board     0x20001d0c        0x1 ./Core/Src/dio.o
 *fill*         0x20001d0d        0x3 
 .bss.hadc1     0x20001d10       0x48 ./Core/Src/main.o
                0x20001d10                hadc1
 .bss.hdac      0x20001d58       0x14 ./Core/Src/main.o
                0x20001d58                hdac
 .bss.hrtc      0x20001d6c       0x20 ./Core/Src/main.o
                0x20001d6c                hrtc
 .bss.hspi1     0x20001d8c       0x58 ./Core/Src/main.o
                0x20001d8c                hspi1
 .bss.hspi2     0x20001de4       0x58 ./Core/Src/main.o
                0x20001de4                hspi2
 .bss.htim5     0x20001e3c       0x48 ./Core/Src/main.o
                0x20001e3c                htim5
 .bss.huart4    0x20001e84       0x48 ./Core/Src/main.o
                0x20001e84                huart4
 .bss.huart1    0x20001ecc       0x48 ./Core/Src/main.o
                0x20001ecc                huart1
 .bss.huart3    0x20001f14       0x48 ./Core/Src/main.o
                0x20001f14                huart3
 .bss.hdma_usart3_tx
                0x20001f5c       0x60 ./Core/Src/main.o
                0x20001f5c                hdma_usart3_tx
 .bss.hdma_usart3_rx
                0x20001fbc       0x60 ./Core/Src/main.o
                0x20001fbc                hdma_usart3_rx
 .bss.board     0x2000201c        0x1 ./Core/Src/main.o
 .bss.node_id   0x2000201d        0x1 ./Core/Src/main.o
 .bss.node_id   0x2000201e        0x1 ./Core/Src/packet.o
 *fill*         0x2000201f        0x1 
 .bss.rx_state  0x20002020      0xc24 ./Core/Src/packet.o
 .bss.load_next_line
                0x20002c44        0x6 ./Core/Src/packet.o
 *fill*         0x20002c4a        0x2 
 .bss.g         0x20002c4c       0x1c ./Core/Src/status_led.o
 .bss.__sbrk_heap_end
                0x20002c68        0x4 ./Core/Src/sysmem.o
 .bss.dhcp_buffer
                0x20002c6c      0x240 ./Core/Src/w5500.o
 .bss.dhcp_state
                0x20002eac        0x1 ./Core/Src/w5500.o
 *fill*         0x20002ead        0x3 
 .bss.dhcp_tick
                0x20002eb0        0x4 ./Core/Src/w5500.o
 .bss.ip_mode   0x20002eb4        0x1 ./Core/Src/w5500.o
 *fill*         0x20002eb5        0x3 
 .bss.uwTick    0x20002eb8        0x4 ./Drivers/STM32F4xx_HAL_Driver/Src/stm32f4xx_hal.o
                0x20002eb8                uwTick
 .bss.cfgidx.0  0x20002ebc        0x1 ./Middlewares/ST/STM32_USB_Device_Library/Core/Src/usbd_ctlreq.o
 *fill*         0x20002ebd        0x3 
 .bss.hUsbDeviceFS
                0x20002ec0      0x2dc ./USB_DEVICE/App/usb_device.o
                0x20002ec0                hUsbDeviceFS
 .bss.UserRxBufferFS
                0x2000319c      0x800 ./USB_DEVICE/App/usbd_cdc_if.o
                0x2000319c                UserRxBufferFS
 .bss.UserTxBufferFS
                0x2000399c      0x800 ./USB_DEVICE/App/usbd_cdc_if.o
                0x2000399c                UserTxBufferFS
 .bss.USBD_StrDesc
                0x2000419c      0x200 ./USB_DEVICE/App/usbd_desc.o
                0x2000419c                USBD_StrDesc
 .bss.hpcd_USB_OTG_FS
                0x2000439c      0x4e4 ./USB_DEVICE/Target/usbd_conf.o
                0x2000439c                hpcd_USB_OTG_FS
 .bss.mem.0     0x20004880      0x220 ./USB_DEVICE/Target/usbd_conf.o
 .bss.__sf      0x20004aa0      0x138 C:/ST/STM32CubeIDE_1.13.1/STM32CubeIDE/plugins/com.st.stm32cube.ide.mcu.externaltools.gnu-tools-for-stm32.13.3.rel1.win32_1.0.0.202411081344/tools/bin/../lib/gcc/arm-none-eabi/13.3.1/../../../../arm-none-eabi/lib/thumb/v7e-m+fp/hard\libc_nano.a(libc_a-findfp.o)
                0x20004aa0                __sf
 .bss.errno     0x20004bd8        0x4 C:/ST/STM32CubeIDE_1.13.1/STM32CubeIDE/plugins/com.st.stm32cube.ide.mcu.externaltools.gnu-tools-for-stm32.13.3.rel1.win32_1.0.0.202411081344/tools/bin/../lib/gcc/arm-none-eabi/13.3.1/../../../../arm-none-eabi/lib/thumb/v7e-m+fp/hard\libc_nano.a(libc_a-reent.o)
                0x20004bd8                errno
 .bss.__lock___malloc_recursive_mutex
                0x20004bdc        0x1 C:/ST/STM32CubeIDE_1.13.1/STM32CubeIDE/plugins/com.st.stm32cube.ide.mcu.externaltools.gnu-tools-for-stm32.13.3.rel1.win32_1.0.0.202411081344/tools/bin/../lib/gcc/arm-none-eabi/13.3.1/../../../../arm-none-eabi/lib/thumb/v7e-m+fp/hard\libc_nano.a(libc_a-lock.o)
                0x20004bdc                __lock___malloc_recursive_mutex
 *fill*         0x20004bdd        0x3 
 .bss.__malloc_sbrk_start
                0x20004be0        0x4 C:/ST/STM32CubeIDE_1.13.1/STM32CubeIDE/plugins/com.st.stm32cube.ide.mcu.externaltools.gnu-tools-for-stm32.13.3.rel1.win32_1.0.0.202411081344/tools/bin/../lib/gcc/arm-none-eabi/13.3.1/../../../../arm-none-eabi/lib/thumb/v7e-m+fp/hard\libc_nano.a(libc_a-mallocr.o)